Component: ARM Compiler 5.06 update 7 (build 960) Tool: armlink [4d3601]

==============================================================================

Section Cross References

    main.o(i.TMR1_OVF_TMR10_IRQHandler) refers to at32f403a_407_tmr.o(i.tmr_flag_get) for tmr_flag_get
    main.o(i.TMR1_OVF_TMR10_IRQHandler) refers to icm20602.o(i._ZN8ICM206029get_AngleEPfS0_) for ICM20602::get_Angle(float*, float*)
    main.o(i.TMR1_OVF_TMR10_IRQHandler) refers to at32f403a_407_tmr.o(i.tmr_flag_clear) for tmr_flag_clear
    main.o(i.TMR1_OVF_TMR10_IRQHandler) refers to main.o(.data) for .data
    main.o(i.TMR1_OVF_TMR10_IRQHandler) refers to main.o(.bss) for .bss
    main.o(i._Z13clkout_configv) refers to at32f403a_407_crm.o(i.crm_clocks_freq_get) for crm_clocks_freq_get
    main.o(i._Z13clkout_configv) refers to at32f403a_407_crm.o(i.crm_periph_clock_enable) for crm_periph_clock_enable
    main.o(i._Z13clkout_configv) refers to at32f403a_407_tmr.o(i.tmr_base_init) for tmr_base_init
    main.o(i._Z13clkout_configv) refers to at32f403a_407_tmr.o(i.tmr_cnt_dir_set) for tmr_cnt_dir_set
    main.o(i._Z13clkout_configv) refers to at32f403a_407_tmr.o(i.tmr_interrupt_enable) for tmr_interrupt_enable
    main.o(i._Z13clkout_configv) refers to at32f403a_407_misc.o(i.nvic_priority_group_config) for nvic_priority_group_config
    main.o(i._Z13clkout_configv) refers to at32f403a_407_misc.o(i.nvic_irq_enable) for nvic_irq_enable
    main.o(i._Z13clkout_configv) refers to at32f403a_407_tmr.o(i.tmr_counter_enable) for tmr_counter_enable
    main.o(i.__sti___8_main_cpp_icm) refers to icm20602.o(i._ZN8ICM20602C1EP7SAL_SPI11Pin_TypeDefs) for ICM20602::ICM20602(SAL_SPI*, Pin_TypeDef, short)
    main.o(i.__sti___8_main_cpp_icm) refers to sal_spi.o(.bss) for SPI_2
    main.o(i.__sti___8_main_cpp_icm) refers to main.o(.bss) for .bss
    main.o(i.main) refers to sal.o(i.SAL_Init) for SAL_Init
    main.o(i.main) refers to sal_usart.o(i._ZN9SAL_USART5beginEj) for SAL_USART::begin(unsigned)
    main.o(i.main) refers to sal_spi.o(i._ZN7SAL_SPI5beginE14SPI_CLOCK_MODE14SPI_DATA_FRAME8DIV_FREQ) for SAL_SPI::begin(SPI_CLOCK_MODE, SPI_DATA_FRAME, DIV_FREQ)
    main.o(i.main) refers to icm20602.o(i._ZN8ICM206025beginEv) for ICM20602::begin()
    main.o(i.main) refers to main.o(i._Z13clkout_configv) for clkout_config()
    main.o(i.main) refers to f2d.o(x$fpl$f2d) for __aeabi_f2d
    main.o(i.main) refers to sal_usart.o(i._ZN9SAL_USART6printfEPKcz) for SAL_USART::printf(const char*, ...)
    main.o(i.main) refers to sal_usart.o(.bss) for SAL_USART1
    main.o(i.main) refers to sal_spi.o(.bss) for SPI_2
    main.o(i.main) refers to main.o(.bss) for .bss
    main.o(i.main) refers to main.o(.data) for .data
    main.o(.ARM.exidx) refers to main.o(i._Z13clkout_configv) for i._Z13clkout_configv
    main.o(.ARM.exidx) refers to main.o(i.main) for i.main
    main.o(.ARM.exidx) refers to main.o(i.TMR1_OVF_TMR10_IRQHandler) for i.TMR1_OVF_TMR10_IRQHandler
    main.o(.ARM.exidx) refers to main.o(i.__sti___8_main_cpp_icm) for i.__sti___8_main_cpp_icm
    main.o(.init_array) refers to main.o(i.__sti___8_main_cpp_icm) for __sti___8_main_cpp_icm
    main.o(.init_array) refers to init_aeabi.o(.text) for __cpp_initialize__aeabi_
    at32f403a_407_clock.o(i.system_clock_config) refers to at32f403a_407_crm.o(i.crm_reset) for crm_reset
    at32f403a_407_clock.o(i.system_clock_config) refers to at32f403a_407_crm.o(i.crm_clock_source_enable) for crm_clock_source_enable
    at32f403a_407_clock.o(i.system_clock_config) refers to at32f403a_407_crm.o(i.crm_hext_stable_wait) for crm_hext_stable_wait
    at32f403a_407_clock.o(i.system_clock_config) refers to at32f403a_407_crm.o(i.crm_pll_config) for crm_pll_config
    at32f403a_407_clock.o(i.system_clock_config) refers to at32f403a_407_crm.o(i.crm_hext_clock_div_set) for crm_hext_clock_div_set
    at32f403a_407_clock.o(i.system_clock_config) refers to at32f403a_407_crm.o(i.crm_flag_get) for crm_flag_get
    at32f403a_407_clock.o(i.system_clock_config) refers to at32f403a_407_crm.o(i.crm_ahb_div_set) for crm_ahb_div_set
    at32f403a_407_clock.o(i.system_clock_config) refers to at32f403a_407_crm.o(i.crm_apb2_div_set) for crm_apb2_div_set
    at32f403a_407_clock.o(i.system_clock_config) refers to at32f403a_407_crm.o(i.crm_apb1_div_set) for crm_apb1_div_set
    at32f403a_407_clock.o(i.system_clock_config) refers to at32f403a_407_crm.o(i.crm_auto_step_mode_enable) for crm_auto_step_mode_enable
    at32f403a_407_clock.o(i.system_clock_config) refers to at32f403a_407_crm.o(i.crm_sysclk_switch) for crm_sysclk_switch
    at32f403a_407_clock.o(i.system_clock_config) refers to at32f403a_407_crm.o(i.crm_sysclk_switch_status_get) for crm_sysclk_switch_status_get
    at32f403a_407_clock.o(i.system_clock_config) refers to system_at32f403a_407.o(i.system_core_clock_update) for system_core_clock_update
[...]
    i.tmr_base_init                          0x08003068   Section        0  at32f403a_407_tmr.o(i.tmr_base_init)
    i.tmr_cnt_dir_set                        0x08003076   Section        0  at32f403a_407_tmr.o(i.tmr_cnt_dir_set)
    i.tmr_counter_enable                     0x08003080   Section        0  at32f403a_407_tmr.o(i.tmr_counter_enable)
    i.tmr_flag_clear                         0x0800308a   Section        0  at32f403a_407_tmr.o(i.tmr_flag_clear)
    i.tmr_flag_get                           0x08003090   Section        0  at32f403a_407_tmr.o(i.tmr_flag_get)
    i.tmr_interrupt_enable                   0x0800309e   Section        0  at32f403a_407_tmr.o(i.tmr_interrupt_enable)
    i.usart_data_receive                     0x080030b4   Section        0  at32f403a_407_usart.o(i.usart_data_receive)
    i.usart_data_transmit                    0x080030ba   Section        0  at32f403a_407_usart.o(i.usart_data_transmit)
    i.usart_enable                           0x080030c2   Section        0  at32f403a_407_usart.o(i.usart_enable)
    i.usart_flag_get                         0x080030cc   Section        0  at32f403a_407_usart.o(i.usart_flag_get)
    i.usart_init                             0x080030d8   Section        0  at32f403a_407_usart.o(i.usart_init)
    i.usart_interrupt_enable                 0x08003154   Section        0  at32f403a_407_usart.o(i.usart_interrupt_enable)
    i.usart_parity_selection_config          0x08003172   Section        0  at32f403a_407_usart.o(i.usart_parity_selection_config)
    i.usart_receiver_enable                  0x080031a6   Section        0  at32f403a_407_usart.o(i.usart_receiver_enable)
    i.usart_transmitter_enable               0x080031b0   Section        0  at32f403a_407_usart.o(i.usart_transmitter_enable)
    locale$$code                             0x080031bc   Section       44  lc_numeric_c.o(locale$$code)
    locale$$code                             0x080031e8   Section       44  lc_ctype_c.o(locale$$code)
    x$fpl$dretinf                            0x08003214   Section       12  dretinf.o(x$fpl$dretinf)
    $v0                                      0x08003214   Number         0  dretinf.o(x$fpl$dretinf)
    x$fpl$f2d                                0x08003220   Section       86  f2d.o(x$fpl$f2d)
    $v0                                      0x08003220   Number         0  f2d.o(x$fpl$f2d)
    x$fpl$fnaninf                            0x08003276   Section      140  fnaninf.o(x$fpl$fnaninf)
    $v0                                      0x08003276   Number         0  fnaninf.o(x$fpl$fnaninf)
    x$fpl$fpinit                             0x08003302   Section       10  fpinit.o(x$fpl$fpinit)
    $v0                                      0x08003302   Number         0  fpinit.o(x$fpl$fpinit)
    x$fpl$printf1                            0x0800330c   Section        4  printf1.o(x$fpl$printf1)
    $v0                                      0x0800330c   Number         0  printf1.o(x$fpl$printf1)
    .constdata                               0x08003310   Section       40  at32f403a_407_crm.o(.constdata)
    x$fpl$usenofp                            0x08003310   Section        0  usenofp.o(x$fpl$usenofp)
    ahb_apb1_div_table                       0x08003310   Data           8  at32f403a_407_crm.o(.constdata)
    ahb_apb2_div_table                       0x08003318   Data           8  at32f403a_407_crm.o(.constdata)
    adc_div_table                            0x08003320   Data           8  at32f403a_407_crm.o(.constdata)
    sclk_ahb_div_table                       0x08003328   Data          16  at32f403a_407_crm.o(.constdata)
    .constdata                               0x08003338   Section       16  system_at32f403a_407.o(.constdata)
    sys_ahb_div_table                        0x08003338   Data          16  system_at32f403a_407.o(.constdata)
    .constdata                               0x08003348   Section      640  sal_gpio.o(.constdata)
    GPIO_MAP                                 0x08003348   Data         640  sal_gpio.o(.constdata)
    .constdata                               0x080035c8   Section        8  _printf_wctomb.o(.constdata)
    initial_mbstate                          0x080035c8   Data           8  _printf_wctomb.o(.constdata)
    .constdata                               0x080035d0   Section       40  _printf_hex_int_ll_ptr.o(.constdata)
    uc_hextab                                0x080035d0   Data          20  _printf_hex_int_ll_ptr.o(.constdata)
    lc_hextab                                0x080035e4   Data          20  _printf_hex_int_ll_ptr.o(.constdata)
    .constdata                               0x080035f8   Section       17  __printf_flags_ss_wp.o(.constdata)
    maptable                                 0x080035f8   Data          17  __printf_flags_ss_wp.o(.constdata)
    .constdata                               0x0800360c   Section      148  bigflt0.o(.constdata)
    tenpwrs_x                                0x0800360c   Data          60  bigflt0.o(.constdata)
    tenpwrs_i                                0x08003648   Data          64  bigflt0.o(.constdata)
    locale$$data                             0x080036c0   Section       28  lc_numeric_c.o(locale$$data)
    __lcnum_c_name                           0x080036c4   Data           2  lc_numeric_c.o(locale$$data)
    __lcnum_c_start                          0x080036cc   Data           0  lc_numeric_c.o(locale$$data)
    __lcnum_c_point                          0x080036d8   Data           0  lc_numeric_c.o(locale$$data)
    __lcnum_c_thousands                      0x080036da   Data           0  lc_numeric_c.o(locale$$data)
    __lcnum_c_grouping                       0x080036db   Data           0  lc_numeric_c.o(locale$$data)
    locale$$data                             0x080036dc   Section      272  lc_ctype_c.o(locale$$data)
    __lcnum_c_end                            0x080036dc   Data           0  lc_numeric_c.o(locale$$data)
    __lcctype_c_name                         0x080036e0   Data           2  lc_ctype_c.o(locale$$data)
    __lcctype_c_start                        0x080036e8   Data           0  lc_ctype_c.o(locale$$data)
    .init_array                              0x080037ec   Section        4  main.o(.init_array)
    __lcctype_c_end                          0x080037ec   Data           0  lc_ctype_c.o(locale$$data)
    .init_array                              0x080037f0   Section        4  sal_usart.o(.init_array)
    .init_array                              0x080037f4   Section        4  sal_i2c.o(.init_array)
    .init_array                              0x080037f8   Section        4  sal_spi.o(.init_array)
    .init_array                              0x080037fc   Section        0  init_aeabi.o(.init_array)
    .data                                    0x20000000   Section        8  main.o(.data)
    .data                                    0x20000008   Section        4  system_at32f403a_407.o(.data)
    .data                                    0x2000000c   Section        4  sal.o(.data)
    .data                                    0x20000010   Section        2  sal_i2c.o(.data)
    .data                                    0x20000014   Section      112  icm20602.o(.data)
    angle                                    0x20000014   Data           4  icm20602.o(.data)
    Q_bias                                   0x20000018   Data           4  icm20602.o(.data)
    Angle_err                                0x2000001c   Data           4  icm20602.o(.data)
    PCt_0                                    0x20000020   Data           4  icm20602.o(.data)
    PCt_1                                    0x20000024   Data           4  icm20602.o(.data)
    E                                        0x20000028   Data           4  icm20602.o(.data)
    K_0                                      0x2000002c   Data           4  icm20602.o(.data)
    K_1                                      0x20000030   Data           4  icm20602.o(.data)
    t_0                                      0x20000034   Data           4  icm20602.o(.data)
    t_1                                      0x20000038   Data           4  icm20602.o(.data)
    angle                                    0x2000003c   Data           4  icm20602.o(.data)
    Q_bias                                   0x20000040   Data           4  icm20602.o(.data)
    Angle_err                                0x20000044   Data           4  icm20602.o(.data)
    PCt_0                                    0x20000048   Data           4  icm20602.o(.data)
    PCt_1                                    0x2000004c   Data           4  icm20602.o(.data)
    E                                        0x20000050   Data           4  icm20602.o(.data)
    K_0                                      0x20000054   Data           4  icm20602.o(.data)
    K_1                                      0x20000058   Data           4  icm20602.o(.data)
    t_0                                      0x2000005c   Data           4  icm20602.o(.data)
    t_1                                      0x20000060   Data           4  icm20602.o(.data)
    PP                                       0x20000064   Data          16  icm20602.o(.data)
    PP                                       0x20000074   Data          16  icm20602.o(.data)
    .bss                                     0x20000084   Section       60  main.o(.bss)
    .bss                                     0x200000c0   Section       64  sal_gpio.o(.bss)
    EXTI_Function                            0x200000c0   Data          64  sal_gpio.o(.bss)
    .bss                                     0x20000100   Section     1572  sal_usart.o(.bss)
    .bss                                     0x20000724   Section       24  sal_spi.o(.bss)
    .bss                                     0x2000073c   Section       32  icm20602.o(.bss)
    Pdot                                     0x2000073c   Data          16  icm20602.o(.bss)
    Pdot                                     0x2000074c   Data          16  icm20602.o(.bss)
    .bss                                     0x2000075c   Section       96  libspace.o(.bss)
    HEAP                                     0x200007c0   Section     1024  startup_at32f403a_407.o(HEAP)
    Heap_Mem                                 0x200007c0   Data        1024  startup_at32f403a_407.o(HEAP)
    STACK                                    0x20000bc0   Section     2048  startup_at32f403a_407.o(STACK)
    Stack_Mem                                0x20000bc0   Data        2048  startup_at32f403a_407.o(STACK)
    __initial_sp                             0x200013c0   Data           0  startup_at32f403a_407.o(STACK)

    Global Symbols

    Symbol Name                              Value     Ov Type        Size  Object(Section)

    BuildAttributes$$THM_ISAv4$E$P$D$K$B$S$7EM$VFPi3$EXTD16$VFPS$VFMA$PE$A:L22UL41UL21$X:L11$S22US41US21$IEEE1$IW$USESV6$~STKCKD$USESV7$~SHL$OTIME$ROPI$IEEEX$EBA8$UX$STANDARDLIB$REQ8$PRES8$EABIv2 0x00000000   Number         0  anon$$obj.o ABSOLUTE
    __ARM_use_no_argv                        0x00000000   Number         0  main.o ABSOLUTE
    _printf_flags                            0x00000000   Number         0  printf_stubs.o ABSOLUTE
    _printf_return_value                     0x00000000   Number         0  printf_stubs.o ABSOLUTE
    _printf_sizespec                         0x00000000   Number         0  printf_stubs.o ABSOLUTE
    _printf_widthprec                        0x00000000   Number         0  printf_stubs.o ABSOLUTE
    __ARM_exceptions_init                     - Undefined Weak Reference
    __alloca_initialize                       - Undefined Weak Reference
    __arm_fini_                               - Undefined Weak Reference
    __arm_preinit_                            - Undefined Weak Reference
    __cxa_finalize                            - Undefined Weak Reference
    __sigvec_lookup                           - Undefined Weak Reference
    _atexit_init                              - Undefined Weak Reference
    _call_atexit_fns                          - Undefined Weak Reference
    _clock_init                               - Undefined Weak Reference
    _fp_trap_init                             - Undefined Weak Reference
    _fp_trap_shutdown                         - Undefined Weak Reference
    _get_lc_collate                           - Undefined Weak Reference
    _get_lc_monetary                          - Undefined Weak Reference
    _get_lc_time                              - Undefined Weak Reference
    _getenv_init                              - Undefined Weak Reference
    _handle_redirection                       - Undefined Weak Reference
    _init_alloc                               - Undefined Weak Reference
    _init_user_alloc                          - Undefined Weak Reference
    _initio                                   - Undefined Weak Reference
    _printf_fp_hex                            - Undefined Weak Reference
    _printf_mbtowc                            - Undefined Weak Reference
    _printf_wc                                - Undefined Weak Reference
    _rand_init                                - Undefined Weak Reference
    _signal_finish                            - Undefined Weak Reference
    _signal_init                              - Undefined Weak Reference
    _terminate_alloc                          - Undefined Weak Reference
    _terminate_user_alloc                     - Undefined Weak Reference
    _terminateio                              - Undefined Weak Reference
    __Vectors_Size                           0x00000184   Number         0  startup_at32f403a_407.o ABSOLUTE
    __Vectors                                0x08000000   Data           4  startup_at32f403a_407.o(RESET)
    __Vectors_End                            0x08000184   Data           0  startup_at32f403a_407.o(RESET)
    __main                                   0x08000185   Thumb Code     8  __main.o(!!!main)
    __scatterload                            0x0800018d   Thumb Code     0  __scatter.o(!!!scatter)
    __scatterload_rt2                        0x0800018d   Thumb Code    44  __scatter.o(!!!scatter)
    __scatterload_rt2_thumb_only             0x0800018d   Thumb Code     0  __scatter.o(!!!scatter)
    __scatterload_null                       0x0800019b   Thumb Code     0  __scatter.o(!!!scatter)
    __scatterload_copy                       0x080001c1   Thumb Code    26  __scatter_copy.o(!!handler_copy)
    __scatterload_zeroinit                   0x080001dd   Thumb Code    28  __scatter_zi.o(!!handler_zi)
    _printf_n                                0x080001f9   Thumb Code     0  _printf_n.o(.ARM.Collect$$_printf_percent$$00000001)
    _printf_percent                          0x080001f9   Thumb Code     0  _printf_percent.o(.ARM.Collect$$_printf_percent$$00000000)
    _printf_p                                0x080001ff   Thumb Code     0  _printf_p.o(.ARM.Collect$$_printf_percent$$00000002)
    _printf_f                                0x08000205   Thumb Code     0  _printf_f.o(.ARM.Collect$$_printf_percent$$00000003)
    _printf_e                                0x0800020b   Thumb Code     0  _printf_e.o(.ARM.Collect$$_printf_percent$$00000004)
    _printf_g                                0x08000211   Thumb Code     0  _printf_g.o(.ARM.Collect$$_printf_percent$$00000005)
    _printf_a                                0x08000217   Thumb Code     0  _printf_a.o(.ARM.Collect$$_printf_percent$$00000006)
    _printf_ll                               0x0800021d   Thumb Code     0  _printf_ll.o(.ARM.Collect$$_printf_percent$$00000007)
    _printf_i                                0x08000227   Thumb Code     0  _printf_i.o(.ARM.Collect$$_printf_percent$$00000008)
    _printf_d                                0x0800022d   Thumb Code     0  _printf_d.o(.ARM.Collect$$_printf_percent$$00000009)
    _printf_u                                0x08000233   Thumb Code     0  _printf_u.o(.ARM.Collect$$_printf_percent$$0000000A)
    _printf_o                                0x08000239   Thumb Code     0  _printf_o.o(.ARM.Collect$$_printf_percent$$0000000B)
    _printf_x                                0x0800023f   Thumb Code     0  _printf_x.o(.ARM.Collect$$_printf_percent$$0000000C)
    _printf_lli                              0x08000245   Thumb Code     0  _printf_lli.o(.ARM.Collect$$_printf_percent$$0000000D)
    _printf_lld                              0x0800024b   Thumb Code     0  _printf_lld.o(.ARM.Collect$$_printf_percent$$0000000E)
    _printf_llu                              0x08000251   Thumb Code     0  _printf_llu.o(.ARM.Collect$$_printf_percent$$0000000F)
    _printf_llo                              0x08000257   Thumb Code     0  _printf_llo.o(.ARM.Collect$$_printf_percent$$00000010)
    _printf_llx                              0x0800025d   Thumb Code     0  _printf_llx.o(.ARM.Collect$$_printf_percent$$00000011)
    _printf_l                                0x08000263   Thumb Code     0  _printf_l.o(.ARM.Collect$$_printf_percent$$00000012)
    _printf_c                                0x0800026d   Thumb Code     0  _printf_c.o(.ARM.Collect$$_printf_percent$$00000013)
    _printf_s                                0x08000273   Thumb Code     0  _printf_s.o(.ARM.Collect$$_printf_percent$$00000014)
    _printf_lc                               0x08000279   Thumb Code     0  _printf_lc.o(.ARM.Collect$$_printf_percent$$00000015)
    _printf_ls                               0x0800027f   Thumb Code     0  _printf_ls.o(.ARM.Collect$$_printf_percent$$00000016)
    _printf_percent_end                      0x08000285   Thumb Code     0  _printf_percent_end.o(.ARM.Collect$$_printf_percent$$00000017)
    __rt_lib_init                            0x08000289   Thumb Code     0  libinit.o(.ARM.Collect$$libinit$$00000000)
    __rt_lib_init_fp_1                       0x0800028b   Thumb Code     0  libinit2.o(.ARM.Collect$$libinit$$00000001)
    __rt_lib_init_heap_1                     0x0800028f   Thumb Code     0  libinit2.o(.ARM.Collect$$libinit$$0000000A)
    __rt_lib_init_lc_common                  0x0800028f   Thumb Code     0  libinit2.o(.ARM.Collect$$libinit$$0000000F)
    __rt_lib_init_preinit_1                  0x0800028f   Thumb Code     0  libinit2.o(.ARM.Collect$$libinit$$00000004)
    __rt_lib_init_rand_1                     0x0800028f   Thumb Code     0  libinit2.o(.ARM.Collect$$libinit$$0000000E)
    __rt_lib_init_user_alloc_1               0x0800028f   Thumb Code     0  libinit2.o(.ARM.Collect$$libinit$$0000000C)
    __rt_lib_init_lc_collate_1               0x08000295   Thumb Code     0  libinit2.o(.ARM.Collect$$libinit$$00000011)
    __rt_lib_init_lc_ctype_2                 0x08000295   Thumb Code     0  libinit2.o(.ARM.Collect$$libinit$$00000012)
    __rt_lib_init_lc_ctype_1                 0x080002a1   Thumb Code     0  libinit2.o(.ARM.Collect$$libinit$$00000013)
    __rt_lib_init_lc_monetary_1              0x080002a1   Thumb Code     0  libinit2.o(.ARM.Collect$$libinit$$00000015)
    __rt_lib_init_lc_numeric_2               0x080002a1   Thumb Code     0  libinit2.o(.ARM.Collect$$libinit$$00000016)
    __rt_lib_init_alloca_1                   0x080002ab   Thumb Code     0  libinit2.o(.ARM.Collect$$libinit$$0000002E)
    __rt_lib_init_argv_1                     0x080002ab   Thumb Code     0  libinit2.o(.ARM.Collect$$libinit$$0000002C)
    __rt_lib_init_atexit_1                   0x080002ab   Thumb Code     0  libinit2.o(.ARM.Collect$$libinit$$0000001B)
    __rt_lib_init_clock_1                    0x080002ab   Thumb Code     0  libinit2.o(.ARM.Collect$$libinit$$00000021)
    __rt_lib_init_cpp_2                      0x080002ab   Thumb Code     0  libinit2.o(.ARM.Collect$$libinit$$00000031)
    __rt_lib_init_exceptions_1               0x080002ab   Thumb Code     0  libinit2.o(.ARM.Collect$$libinit$$00000030)
    __rt_lib_init_fp_trap_1                  0x080002ab   Thumb Code     0  libinit2.o(.ARM.Collect$$libinit$$0000001F)
    __rt_lib_init_getenv_1                   0x080002ab   Thumb Code     0  libinit2.o(.ARM.Collect$$libinit$$00000023)
    __rt_lib_init_lc_numeric_1               0x080002ab   Thumb Code     0  libinit2.o(.ARM.Collect$$libinit$$00000017)
    __rt_lib_init_lc_time_1                  0x080002ab   Thumb Code     0  libinit2.o(.ARM.Collect$$libinit$$00000019)
    __rt_lib_init_signal_1                   0x080002ab   Thumb Code     0  libinit2.o(.ARM.Collect$$libinit$$0000001D)
    __rt_lib_init_stdio_1                    0x080002ab   Thumb Code     0  libinit2.o(.ARM.Collect$$libinit$$00000025)
    __rt_lib_init_cpp_1                      0x080002af   Thumb Code     0  libinit2.o(.ARM.Collect$$libinit$$00000032)
    __rt_lib_init_return                     0x080002af   Thumb Code     0  libinit2.o(.ARM.Collect$$libinit$$00000033)
    __rt_lib_shutdown                        0x080002b1   Thumb Code     0  libshutdown.o(.ARM.Collect$$libshutdown$$00000000)
    __rt_lib_shutdown_cpp_1                  0x080002b3   Thumb Code     0  libshutdown2.o(.ARM.Collect$$libshutdown$$00000004)
    __rt_lib_shutdown_fini_1                 0x080002b3   Thumb Code     0  libshutdown2.o(.ARM.Collect$$libshutdown$$00000002)
    __rt_lib_shutdown_fp_trap_1              0x080002b3   Thumb Code     0  libshutdown2.o(.ARM.Collect$$libshutdown$$00000009)
    __rt_lib_shutdown_heap_1                 0x080002b3   Thumb Code     0  libshutdown2.o(.ARM.Collect$$libshutdown$$00000011)
    __rt_lib_shutdown_return                 0x080002b3   Thumb Code     0  libshutdown2.o(.ARM.Collect$$libshutdown$$00000012)
    __rt_lib_shutdown_signal_1               0x080002b3   Thumb Code     0  libshutdown2.o(.ARM.Collect$$libshutdown$$0000000C)
    __rt_lib_shutdown_stdio_1                0x080002b3   Thumb Code     0  libshutdown2.o(.ARM.Collect$$libshutdown$$00000006)
    __rt_lib_shutdown_user_alloc_1           0x080002b3   Thumb Code     0  libshutdown2.o(.ARM.Collect$$libshutdown$$0000000E)
    __rt_entry                               0x080002b5   Thumb Code     0  __rtentry.o(.ARM.Collect$$rtentry$$00000000)
    __rt_entry_presh_1                       0x080002b5   Thumb Code     0  __rtentry2.o(.ARM.Collect$$rtentry$$00000002)
    __rt_entry_sh                            0x080002b5   Thumb Code     0  __rtentry4.o(.ARM.Collect$$rtentry$$00000004)
    __rt_entry_li                            0x080002bb   Thumb Code     0  __rtentry2.o(.ARM.Collect$$rtentry$$0000000A)
    __rt_entry_postsh_1                      0x080002bb   Thumb Code     0  __rtentry2.o(.ARM.Collect$$rtentry$$00000009)
    __rt_entry_main                          0x080002bf   Thumb Code     0  __rtentry2.o(.ARM.Collect$$rtentry$$0000000D)
    __rt_entry_postli_1                      0x080002bf   Thumb Code     0  __rtentry2.o(.ARM.Collect$$rtentry$$0000000C)
    __rt_exit                                0x080002c7   Thumb Code     0  rtexit.o(.ARM.Collect$$rtexit$$00000000)
    __rt_exit_ls                             0x080002c9   Thumb Code     0  rtexit2.o(.ARM.Collect$$rtexit$$00000003)
    __rt_exit_prels_1                        0x080002c9   Thumb Code     0  rtexit2.o(.ARM.Collect$$rtexit$$00000002)
    __rt_exit_exit                           0x080002cd   Thumb Code     0  rtexit2.o(.ARM.Collect$$rtexit$$00000004)
    Reset_Handler                            0x080002d5   Thumb Code     8  startup_at32f403a_407.o(.text)
    ACC_IRQHandler                           0x080002ef   Thumb Code     0  startup_at32f403a_407.o(.text)
    ADC1_2_IRQHandler                        0x080002ef   Thumb Code     0  startup_at32f403a_407.o(.text)
    ADC3_IRQHandler                          0x080002ef   Thumb Code     0  startup_at32f403a_407.o(.text)
    CAN1_RX1_IRQHandler                      0x080002ef   Thumb Code     0  startup_at32f403a_407.o(.text)
    CAN1_SE_IRQHandler                       0x080002ef   Thumb Code     0  startup_at32f403a_407.o(.text)
    CAN2_RX0_IRQHandler                      0x080002ef   Thumb Code     0  startup_at32f403a_407.o(.text)
    CAN2_RX1_IRQHandler                      0x080002ef   Thumb Code     0  startup_at32f403a_407.o(.text)
    CAN2_SE_IRQHandler                       0x080002ef   Thumb Code     0  startup_at32f403a_407.o(.text)
    CAN2_TX_IRQHandler                       0x080002ef   Thumb Code     0  startup_at32f403a_407.o(.text)
    CRM_IRQHandler                           0x080002ef   Thumb Code     0  startup_at32f403a_407.o(.text)
    DMA1_Channel1_IRQHandler                 0x080002ef   Thumb Code     0  startup_at32f403a_407.o(.text)
    DMA1_Channel2_IRQHandler                 0x080002ef   Thumb Code     0  startup_at32f403a_407.o(.text)
    DMA1_Channel3_IRQHandler                 0x080002ef   Thumb Code     0  startup_at32f403a_407.o(.text)
    DMA1_Channel4_IRQHandler                 0x080002ef   Thumb Code     0  startup_at32f403a_407.o(.text)
    DMA1_Channel5_IRQHandler                 0x080002ef   Thumb Code     0  startup_at32f403a_407.o(.text)
    DMA1_Channel6_IRQHandler                 0x080002ef   Thumb Code     0  startup_at32f403a_407.o(.text)
    DMA1_Channel7_IRQHandler                 0x080002ef   Thumb Code     0  startup_at32f403a_407.o(.text)
    DMA2_Channel1_IRQHandler                 0x080002ef   Thumb Code     0  startup_at32f403a_407.o(.text)
    DMA2_Channel2_IRQHandler                 0x080002ef   Thumb Code     0  startup_at32f403a_407.o(.text)
    DMA2_Channel3_IRQHandler                 0x080002ef   Thumb Code     0  startup_at32f403a_407.o(.text)
    DMA2_Channel4_5_IRQHandler               0x080002ef   Thumb Code     0  startup_at32f403a_407.o(.text)
    DMA2_Channel6_7_IRQHandler               0x080002ef   Thumb Code     0  startup_at32f403a_407.o(.text)
    EMAC_IRQHandler                          0x080002ef   Thumb Code     0  startup_at32f403a_407.o(.text)
    EMAC_WKUP_IRQHandler                     0x080002ef   Thumb Code     0  startup_at32f403a_407.o(.text)
    EXINT15_10_IRQHandler                    0x080002ef   Thumb Code     0  startup_at32f403a_407.o(.text)
    EXINT9_5_IRQHandler                      0x080002ef   Thumb Code     0  startup_at32f403a_407.o(.text)
    FLASH_IRQHandler                         0x080002ef   Thumb Code     0  startup_at32f403a_407.o(.text)
    I2C1_ERR_IRQHandler                      0x080002ef   Thumb Code     0  startup_at32f403a_407.o(.text)
    I2C1_EVT_IRQHandler                      0x080002ef   Thumb Code     0  startup_at32f403a_407.o(.text)
    I2C2_ERR_IRQHandler                      0x080002ef   Thumb Code     0  startup_at32f403a_407.o(.text)
    I2C2_EVT_IRQHandler                      0x080002ef   Thumb Code     0  startup_at32f403a_407.o(.text)
    I2C3_ERR_IRQHandler                      0x080002ef   Thumb Code     0  startup_at32f403a_407.o(.text)
    I2C3_EVT_IRQHandler                      0x080002ef   Thumb Code     0  startup_at32f403a_407.o(.text)
    PVM_IRQHandler                           0x080002ef   Thumb Code     0  startup_at32f403a_407.o(.text)
    RTCAlarm_IRQHandler                      0x080002ef   Thumb Code     0  startup_at32f403a_407.o(.text)
    RTC_IRQHandler                           0x080002ef   Thumb Code     0  startup_at32f403a_407.o(.text)
    SDIO1_IRQHandler                         0x080002ef   Thumb Code     0  startup_at32f403a_407.o(.text)
    SDIO2_IRQHandler                         0x080002ef   Thumb Code     0  startup_at32f403a_407.o(.text)
    SPI1_IRQHandler                          0x080002ef   Thumb Code     0  startup_at32f403a_407.o(.text)
    SPI2_I2S2EXT_IRQHandler                  0x080002ef   Thumb Code     0  startup_at32f403a_407.o(.text)
    SPI3_I2S3EXT_IRQHandler                  0x080002ef   Thumb Code     0  startup_at32f403a_407.o(.text)
    SPI4_IRQHandler                          0x080002ef   Thumb Code     0  startup_at32f403a_407.o(.text)
    TAMPER_IRQHandler                        0x080002ef   Thumb Code     0  startup_at32f403a_407.o(.text)
    TMR1_BRK_TMR9_IRQHandler                 0x080002ef   Thumb Code     0  startup_at32f403a_407.o(.text)
    TMR1_CH_IRQHandler                       0x080002ef   Thumb Code     0  startup_at32f403a_407.o(.text)
    TMR1_TRG_HALL_TMR11_IRQHandler           0x080002ef   Thumb Code     0  startup_at32f403a_407.o(.text)
    TMR2_GLOBAL_IRQHandler                   0x080002ef   Thumb Code     0  startup_at32f403a_407.o(.text)
    TMR3_GLOBAL_IRQHandler                   0x080002ef   Thumb Code     0  startup_at32f403a_407.o(.text)
    TMR4_GLOBAL_IRQHandler                   0x080002ef   Thumb Code     0  startup_at32f403a_407.o(.text)
    TMR5_GLOBAL_IRQHandler                   0x080002ef   Thumb Code     0  startup_at32f403a_407.o(.text)
    TMR6_GLOBAL_IRQHandler                   0x080002ef   Thumb Code     0  startup_at32f403a_407.o(.text)
    TMR7_GLOBAL_IRQHandler                   0x080002ef   Thumb Code     0  startup_at32f403a_407.o(.text)
    TMR8_BRK_TMR12_IRQHandler                0x080002ef   Thumb Code     0  startup_at32f403a_407.o(.text)
    TMR8_CH_IRQHandler                       0x080002ef   Thumb Code     0  startup_at32f403a_407.o(.text)
    TMR8_OVF_TMR13_IRQHandler                0x080002ef   Thumb Code     0  startup_at32f403a_407.o(.text)
    TMR8_TRG_HALL_TMR14_IRQHandler           0x080002ef   Thumb Code     0  startup_at32f403a_407.o(.text)
    UART4_IRQHandler                         0x080002ef   Thumb Code     0  startup_at32f403a_407.o(.text)
    UART5_IRQHandler                         0x080002ef   Thumb Code     0  startup_at32f403a_407.o(.text)
    UART7_IRQHandler                         0x080002ef   Thumb Code     0  startup_at32f403a_407.o(.text)
    UART8_IRQHandler                         0x080002ef   Thumb Code     0  startup_at32f403a_407.o(.text)
    USART6_IRQHandler                        0x080002ef   Thumb Code     0  startup_at32f403a_407.o(.text)
    USBFSWakeUp_IRQHandler                   0x080002ef   Thumb Code     0  startup_at32f403a_407.o(.text)
    USBFS_H_CAN1_TX_IRQHandler               0x080002ef   Thumb Code     0  startup_at32f403a_407.o(.text)
    USBFS_L_CAN1_RX0_IRQHandler              0x080002ef   Thumb Code     0  startup_at32f403a_407.o(.text)
    USBFS_MAPH_IRQHandler                    0x080002ef   Thumb Code     0  startup_at32f403a_407.o(.text)
    USBFS_MAPL_IRQHandler                    0x080002ef   Thumb Code     0  startup_at32f403a_407.o(.text)
    WWDT_IRQHandler                          0x080002ef   Thumb Code     0  startup_at32f403a_407.o(.text)
    XMC_IRQHandler                           0x080002ef   Thumb Code     0  startup_at32f403a_407.o(.text)
    __user_initial_stackheap                 0x080002f1   Thumb Code     0  startup_at32f403a_407.o(.text)
    __c89vsnprintf                           0x08000315   Thumb Code    48  c89vsnprintf.o(.text)
    __use_two_region_memory                  0x08000349   Thumb Code     2  heapauxi.o(.text)
    __rt_heap_escrow$2region                 0x0800034b   Thumb Code     2  heapauxi.o(.text)
    __rt_heap_expand$2region                 0x0800034d   Thumb Code     2  heapauxi.o(.text)
    __cpp_initialize__aeabi_                 0x08000351   Thumb Code    26  init_aeabi.o(.text)
    __read_errno                             0x08000375   Thumb Code    10  _rserrno.o(.text)
    __set_errno                              0x0800037f   Thumb Code    12  _rserrno.o(.text)
    _printf_pre_padding                      0x0800038b   Thumb Code    44  _printf_pad.o(.text)
    _printf_post_padding                     0x080003b7   Thumb Code    34  _printf_pad.o(.text)
    _printf_truncate_signed                  0x080003d9   Thumb Code    18  _printf_truncate.o(.text)
    _printf_truncate_unsigned                0x080003eb   Thumb Code    18  _printf_truncate.o(.text)
    _printf_str                              0x080003fd   Thumb Code    82  _printf_str.o(.text)
    _printf_int_dec                          0x08000451   Thumb Code   104  _printf_dec.o(.text)
    _printf_charcount                        0x080004c9   Thumb Code    40  _printf_charcount.o(.text)
    _printf_char_common                      0x080004fb   Thumb Code    32  _printf_char_common.o(.text)
    _sputc                                   0x08000521   Thumb Code    10  _sputc.o(.text)
    _snputc                                  0x0800052b   Thumb Code    16  _snputc.o(.text)
    _printf_wctomb                           0x0800053d   Thumb Code   182  _printf_wctomb.o(.text)
    _printf_longlong_dec                     0x080005f9   Thumb Code   108  _printf_longlong_dec.o(.text)
    _printf_longlong_oct                     0x08000675   Thumb Code    66  _printf_oct_int_ll.o(.text)
    _printf_int_oct                          0x080006b7   Thumb Code    24  _printf_oct_int_ll.o(.text)
    _printf_ll_oct                           0x080006cf   Thumb Code    12  _printf_oct_int_ll.o(.text)
    _printf_longlong_hex                     0x080006e5   Thumb Code    86  _printf_hex_int_ll_ptr.o(.text)
    _printf_int_hex                          0x0800073b   Thumb Code    28  _printf_hex_int_ll_ptr.o(.text)
    _printf_ll_hex                           0x08000757   Thumb Code    12  _printf_hex_int_ll_ptr.o(.text)
    _printf_hex_ptr                          0x08000763   Thumb Code    18  _printf_hex_int_ll_ptr.o(.text)
    __printf                                 0x08000779   Thumb Code   388  __printf_flags_ss_wp.o(.text)
    __aeabi_errno_addr                       0x08000901   Thumb Code     8  rt_errno_addr_intlibspace.o(.text)
    __errno$intlibspace                      0x08000901   Thumb Code     0  rt_errno_addr_intlibspace.o(.text)
    __rt_errno_addr$intlibspace              0x08000901   Thumb Code     0  rt_errno_addr_intlibspace.o(.text)
    _ll_udiv10                               0x08000909   Thumb Code   138  lludiv10.o(.text)
    _printf_int_common                       0x08000993   Thumb Code   178  _printf_intcommon.o(.text)
    __lib_sel_fp_printf                      0x08000a45   Thumb Code     2  _printf_fp_dec.o(.text)
    _printf_fp_dec_real                      0x08000bf7   Thumb Code   620  _printf_fp_dec.o(.text)
    _printf_cs_common                        0x08000e63   Thumb Code    20  _printf_char.o(.text)
    _printf_char                             0x08000e77   Thumb Code    16  _printf_char.o(.text)
    _printf_string                           0x08000e87   Thumb Code     8  _printf_char.o(.text)
    _printf_lcs_common                       0x08000e8f   Thumb Code    20  _printf_wchar.o(.text)
    _printf_wchar                            0x08000ea3   Thumb Code    16  _printf_wchar.o(.text)
    _printf_wstring                          0x08000eb3   Thumb Code     8  _printf_wchar.o(.text)
    _wcrtomb                                 0x08000ebb   Thumb Code    64  _wcrtomb.o(.text)
    __user_libspace                          0x08000efd   Thumb Code     8  libspace.o(.text)
    __user_perproc_libspace                  0x08000efd   Thumb Code     0  libspace.o(.text)
    __user_perthread_libspace                0x08000efd   Thumb Code     0  libspace.o(.text)
    __user_setup_stackheap                   0x08000f05   Thumb Code    74  sys_stackheap_outer.o(.text)
    __rt_ctype_table                         0x08000f51   Thumb Code    16  rt_ctype_table.o(.text)
    __rt_locale                              0x08000f61   Thumb Code     8  rt_locale_intlibspace.o(.text)
    _printf_fp_infnan                        0x08000f69   Thumb Code   112  _printf_fp_infnan.o(.text)
    _btod_etento                             0x08000fe9   Thumb Code   224  bigflt0.o(.text)
    exit                                     0x080010cd   Thumb Code    18  exit.o(.text)
    strcmp                                   0x080010e1   Thumb Code   128  strcmpv7m.o(.text)
    __I$use$semihosting                      0x08001161   Thumb Code     0  use_no_semi.o(.text)
    __use_no_semihosting_swi                 0x08001161   Thumb Code     2  use_no_semi.o(.text)
    __semihosting_library_function           0x08001163   Thumb Code     0  indicate_semi.o(.text)
    _sys_exit                                0x08001165   Thumb Code     8  sys_exit.o(.text)
    _btod_d2e                                0x08001171   Thumb Code    62  btod.o(CL$$btod_d2e)
    _d2e_denorm_low                          0x080011af   Thumb Code    70  btod.o(CL$$btod_d2e_denorm_low)
    _d2e_norm_op1                            0x080011f5   Thumb Code    96  btod.o(CL$$btod_d2e_norm_op1)
    __btod_div_common                        0x08001255   Thumb Code   696  btod.o(CL$$btod_div_common)
    _e2e                                     0x0800158d   Thumb Code   220  btod.o(CL$$btod_e2e)
    _btod_ediv                               0x08001669   Thumb Code    42  btod.o(CL$$btod_ediv)
    _btod_emul                               0x08001693   Thumb Code    42  btod.o(CL$$btod_emul)
    __btod_mult_common                       0x080016bd   Thumb Code   580  btod.o(CL$$btod_mult_common)
    BusFault_Handler                         0x08001901   Thumb Code     2  at32f403a_407_int.o(i.BusFault_Handler)
    DebugMon_Handler                         0x08001903   Thumb Code     2  at32f403a_407_int.o(i.DebugMon_Handler)
    EXINT0_IRQHandler                        0x08001905   Thumb Code    32  sal_gpio.o(i.EXINT0_IRQHandler)
    EXINT1_IRQHandler                        0x08001929   Thumb Code    32  sal_gpio.o(i.EXINT1_IRQHandler)
    EXINT2_IRQHandler                        0x0800194d   Thumb Code    32  sal_gpio.o(i.EXINT2_IRQHandler)
    EXINT3_IRQHandler                        0x08001971   Thumb Code    32  sal_gpio.o(i.EXINT3_IRQHandler)
    EXINT4_IRQHandler                        0x08001995   Thumb Code    32  sal_gpio.o(i.EXINT4_IRQHandler)
    HardFault_Handler                        0x080019b9   Thumb Code     2  at32f403a_407_int.o(i.HardFault_Handler)
    MemManage_Handler                        0x080019bb   Thumb Code     2  at32f403a_407_int.o(i.MemManage_Handler)
    NMI_Handler                              0x080019bd   Thumb Code     2  at32f403a_407_int.o(i.NMI_Handler)
    PendSV_Handler                           0x080019bf   Thumb Code     2  at32f403a_407_int.o(i.PendSV_Handler)
    SAL_Delay                                0x080019c1   Thumb Code    14  sal.o(i.SAL_Delay)
    SAL_GPIO_Init                            0x080019d5   Thumb Code   172  sal_gpio.o(i.SAL_GPIO_Init)
    SAL_GPIO_Write_Pin                       0x08001a99   Thumb Code    28  sal_gpio.o(i.SAL_GPIO_Write_Pin)
    SAL_Init                                 0x08001ab9   Thumb Code    56  sal.o(i.SAL_Init)
    SVC_Handler                              0x08001af9   Thumb Code     2  at32f403a_407_int.o(i.SVC_Handler)
    SysTick_Handler                          0x08001afd   Thumb Code    10  sal.o(i.SysTick_Handler)
    SystemInit                               0x08001b0d   Thumb Code    74  system_at32f403a_407.o(i.SystemInit)
    TMR1_OVF_TMR10_IRQHandler                0x08001b65   Thumb Code    40  main.o(i.TMR1_OVF_TMR10_IRQHandler)
    USART1_IRQHandler                        0x08001b99   Thumb Code     6  sal_usart.o(i.USART1_IRQHandler)
    USART2_IRQHandler                        0x08001ba5   Thumb Code     6  sal_usart.o(i.USART2_IRQHandler)
    USART3_IRQHandler                        0x08001bb1   Thumb Code     6  sal_usart.o(i.USART3_IRQHandler)
    UsageFault_Handler                       0x08001bbd   Thumb Code     2  at32f403a_407_int.o(i.UsageFault_Handler)
    clkout_config()                          0x08001bc1   Thumb Code    86  main.o(i._Z13clkout_configv)
    SAL_SPI::write_regist(unsigned char, unsigned char) 0x08001c21   Thumb Code    22  sal_spi.o(i._ZN7SAL_SPI12write_registEhh)
    SAL_SPI::set_data_frame(SPI_DATA_FRAME)  0x08001c37   Thumb Code    40  sal_spi.o(i._ZN7SAL_SPI14set_data_frameE14SPI_DATA_FRAME)
    SAL_SPI::read(unsigned char)             0x08001c5f   Thumb Code    86  sal_spi.o(i._ZN7SAL_SPI4readEh)
    SAL_SPI::read(unsigned char, unsigned short, unsigned char*) 0x08001cb5   Thumb Code   114  sal_spi.o(i._ZN7SAL_SPI4readEhtPh)
    SAL_SPI::begin(SPI_CLOCK_MODE, SPI_DATA_FRAME, DIV_FREQ) 0x08001d29   Thumb Code   144  sal_spi.o(i._ZN7SAL_SPI5beginE14SPI_CLOCK_MODE14SPI_DATA_FRAME8DIV_FREQ)
    SAL_SPI::write(unsigned short)           0x08001dc9   Thumb Code    40  sal_spi.o(i._ZN7SAL_SPI5writeEt)
    SAL_SPI::set_div(DIV_FREQ)               0x08001df1   Thumb Code    46  sal_spi.o(i._ZN7SAL_SPI7set_divE8DIV_FREQ)
    SAL_SPI::set_clock(SPI_CLOCK_MODE)       0x08001e1f   Thumb Code    40  sal_spi.o(i._ZN7SAL_SPI9set_clockE14SPI_CLOCK_MODE)
    SAL_SPI::SAL_SPI(spi_type*)              0x08001e47   Thumb Code    34  sal_spi.o(i._ZN7SAL_SPIC1EP8spi_type)
    SAL_SPI::SAL_SPI__sub_object(spi_type*)  0x08001e47   Thumb Code     0  sal_spi.o(i._ZN7SAL_SPIC1EP8spi_type)
    ICM20602::icm20602_init()                0x08001e69   Thumb Code   170  icm20602.o(i._ZN8ICM2060213icm20602_initEv)
    ICM20602::Kalman_Filter_x(float, float)  0x08001f31   Thumb Code   230  icm20602.o(i._ZN8ICM2060215Kalman_Filter_xEff)
    ICM20602::Kalman_Filter_y(float, float)  0x08002029   Thumb Code   230  icm20602.o(i._ZN8ICM2060215Kalman_Filter_yEff)
    ICM20602::icm20602_get_acc()             0x08002121   Thumb Code   172  icm20602.o(i._ZN8ICM2060216icm20602_get_accEv)
    ICM20602::icm20602_get_gyro()            0x080021d5   Thumb Code   154  icm20602.o(i._ZN8ICM2060217icm20602_get_gyroEv)
    ICM20602::icm20602_get_offset()          0x08002279   Thumb Code    90  icm20602.o(i._ZN8ICM2060219icm20602_get_offsetEv)
    ICM20602::icm20602_self_check()          0x080022d5   Thumb Code    62  icm20602.o(i._ZN8ICM2060219icm20602_self_checkEv)
    ICM20602::icm20602_read_register(unsigned char) 0x08002329   Thumb Code    38  icm20602.o(i._ZN8ICM2060222icm20602_read_registerEh)
    ICM20602::icm20602_read_registers(unsigned char, unsigned char*, unsigned) 0x0800234f   Thumb Code    46  icm20602.o(i._ZN8ICM2060223icm20602_read_registersEhPhj)
    ICM20602::icm20602_write_register(unsigned char, unsigned char) 0x0800237d   Thumb Code    38  icm20602.o(i._ZN8ICM2060223icm20602_write_registerEhh)
    ICM20602::begin()                        0x080023a5   Thumb Code    40  icm20602.o(i._ZN8ICM206025beginEv)
    ICM20602::get_Angle(float*, float*)      0x080023f1   Thumb Code   120  icm20602.o(i._ZN8ICM206029get_AngleEPfS0_)
    ICM20602::ICM20602(SAL_SPI*, Pin_TypeDef, short) 0x08002471   Thumb Code     8  icm20602.o(i._ZN8ICM20602C1EP7SAL_SPI11Pin_TypeDefs)
    ICM20602::ICM20602__sub_object(SAL_SPI*, Pin_TypeDef, short) 0x08002471   Thumb Code     0  icm20602.o(i._ZN8ICM20602C1EP7SAL_SPI11Pin_TypeDefs)
    SAL_USART::begin(unsigned)               0x08002479   Thumb Code   212  sal_usart.o(i._ZN9SAL_USART5beginEj)
    SAL_USART::printf(const char*, ...)      0x08002565   Thumb Code    60  sal_usart.o(i._ZN9SAL_USART6printfEPKcz)
    SAL_USART::IRQhandle()                   0x080025a1   Thumb Code    64  sal_usart.o(i._ZN9SAL_USART9IRQhandleEv)
    std::atan2(float, float)                 0x080025e5   Thumb Code     4  mpu6050.o(i._ZSt5atan2ff)
    __ARM_fpclassify                         0x080025e9   Thumb Code    48  fpclassify.o(i.__ARM_fpclassify)
    __ARM_fpclassifyf                        0x08002619   Thumb Code    38  fpclassifyf.o(i.__ARM_fpclassifyf)
    __hardfp_atan2f                          0x08002641   Thumb Code   594  atan2f.o(i.__hardfp_atan2f)
    __mathlib_flt_infnan2                    0x080028ed   Thumb Code     6  funder.o(i.__mathlib_flt_infnan2)
    __mathlib_flt_underflow                  0x080028f5   Thumb Code    10  funder.o(i.__mathlib_flt_underflow)
    _is_digit                                0x08002989   Thumb Code    14  __printf_wp.o(i._is_digit)
    crm_ahb_div_set                          0x08002999   Thumb Code    12  at32f403a_407_crm.o(i.crm_ahb_div_set)
    crm_apb1_div_set                         0x080029a9   Thumb Code    12  at32f403a_407_crm.o(i.crm_apb1_div_set)
    crm_apb2_div_set                         0x080029b9   Thumb Code    12  at32f403a_407_crm.o(i.crm_apb2_div_set)
    crm_auto_step_mode_enable                0x080029c9   Thumb Code    22  at32f403a_407_crm.o(i.crm_auto_step_mode_enable)
    crm_clock_source_enable                  0x080029e5   Thumb Code    62  at32f403a_407_crm.o(i.crm_clock_source_enable)
    crm_clocks_freq_get                      0x08002a29   Thumb Code   194  at32f403a_407_crm.o(i.crm_clocks_freq_get)
    crm_flag_get                             0x08002b01   Thumb Code    28  at32f403a_407_crm.o(i.crm_flag_get)
    crm_hext_clock_div_set                   0x08002b21   Thumb Code    12  at32f403a_407_crm.o(i.crm_hext_clock_div_set)
    crm_hext_stable_wait                     0x08002b31   Thumb Code    40  at32f403a_407_crm.o(i.crm_hext_stable_wait)
    crm_periph_clock_enable                  0x08002b59   Thumb Code    32  at32f403a_407_crm.o(i.crm_periph_clock_enable)
    crm_pll_config                           0x08002b7d   Thumb Code    68  at32f403a_407_crm.o(i.crm_pll_config)
    crm_reset                                0x08002bc5   Thumb Code    54  at32f403a_407_crm.o(i.crm_reset)
    crm_sysclk_switch                        0x08002c05   Thumb Code    12  at32f403a_407_crm.o(i.crm_sysclk_switch)
    crm_sysclk_switch_status_get             0x08002c15   Thumb Code    10  at32f403a_407_crm.o(i.crm_sysclk_switch_status_get)
    exint_flag_clear                         0x08002c25   Thumb Code     6  at32f403a_407_exint.o(i.exint_flag_clear)
    exint_flag_get                           0x08002c31   Thumb Code    16  at32f403a_407_exint.o(i.exint_flag_get)
    gpio_bits_reset                          0x08002c45   Thumb Code     4  at32f403a_407_gpio.o(i.gpio_bits_reset)
    gpio_bits_set                            0x08002c49   Thumb Code     4  at32f403a_407_gpio.o(i.gpio_bits_set)
    gpio_default_para_init                   0x08002c4d   Thumb Code    22  at32f403a_407_gpio.o(i.gpio_default_para_init)
    gpio_init                                0x08002c65   Thumb Code   174  at32f403a_407_gpio.o(i.gpio_init)
    main                                     0x08002d15   Thumb Code    78  main.o(i.main)
    nvic_irq_enable                          0x08002d85   Thumb Code   118  at32f403a_407_misc.o(i.nvic_irq_enable)
    nvic_priority_group_config               0x08002e01   Thumb Code    26  at32f403a_407_misc.o(i.nvic_priority_group_config)
    spi_default_para_init                    0x08002e25   Thumb Code    22  at32f403a_407_spi.o(i.spi_default_para_init)
    spi_enable                               0x08002e3b   Thumb Code    10  at32f403a_407_spi.o(i.spi_enable)
    spi_i2s_data_receive                     0x08002e45   Thumb Code     6  at32f403a_407_spi.o(i.spi_i2s_data_receive)
    spi_i2s_data_transmit                    0x08002e4b   Thumb Code     4  at32f403a_407_spi.o(i.spi_i2s_data_transmit)
    spi_i2s_flag_get                         0x08002e4f   Thumb Code    14  at32f403a_407_spi.o(i.spi_i2s_flag_get)
    spi_init                                 0x08002e5d   Thumb Code   230  at32f403a_407_spi.o(i.spi_init)
    system_clock_config                      0x08002f45   Thumb Code   110  at32f403a_407_clock.o(i.system_clock_config)
    system_core_clock_update                 0x08002fb5   Thumb Code   132  system_at32f403a_407.o(i.system_core_clock_update)
    systick_clock_source_config              0x08003051   Thumb Code    24  at32f403a_407_misc.o(i.systick_clock_source_config)
    tmr_base_init                            0x08003069   Thumb Code    14  at32f403a_407_tmr.o(i.tmr_base_init)
    tmr_cnt_dir_set                          0x08003077   Thumb Code    10  at32f403a_407_tmr.o(i.tmr_cnt_dir_set)
    tmr_counter_enable                       0x08003081   Thumb Code    10  at32f403a_407_tmr.o(i.tmr_counter_enable)
    tmr_flag_clear                           0x0800308b   Thumb Code     6  at32f403a_407_tmr.o(i.tmr_flag_clear)
    tmr_flag_get                             0x08003091   Thumb Code    14  at32f403a_407_tmr.o(i.tmr_flag_get)
    tmr_interrupt_enable                     0x0800309f   Thumb Code    22  at32f403a_407_tmr.o(i.tmr_interrupt_enable)
    usart_data_receive                       0x080030b5   Thumb Code     6  at32f403a_407_usart.o(i.usart_data_receive)
    usart_data_transmit                      0x080030bb   Thumb Code     8  at32f403a_407_usart.o(i.usart_data_transmit)
    usart_enable                             0x080030c3   Thumb Code    10  at32f403a_407_usart.o(i.usart_enable)
    usart_flag_get                           0x080030cd   Thumb Code    10  at32f403a_407_usart.o(i.usart_flag_get)
    usart_init                               0x080030d9   Thumb Code   106  at32f403a_407_usart.o(i.usart_init)
    usart_interrupt_enable                   0x08003155   Thumb Code    30  at32f403a_407_usart.o(i.usart_interrupt_enable)
    usart_parity_selection_config            0x08003173   Thumb Code    52  at32f403a_407_usart.o(i.usart_parity_selection_config)
    usart_receiver_enable                    0x080031a7   Thumb Code    10  at32f403a_407_usart.o(i.usart_receiver_enable)
    usart_transmitter_enable                 0x080031b1   Thumb Code    10  at32f403a_407_usart.o(i.usart_transmitter_enable)
    _get_lc_numeric                          0x080031bd   Thumb Code    44  lc_numeric_c.o(locale$$code)
    _get_lc_ctype                            0x080031e9   Thumb Code    44  lc_ctype_c.o(locale$$code)
    __fpl_dretinf                            0x08003215   Thumb Code    12  dretinf.o(x$fpl$dretinf)
    __aeabi_f2d                              0x08003221   Thumb Code     0  f2d.o(x$fpl$f2d)
    _f2d                                     0x08003221   Thumb Code    86  f2d.o(x$fpl$f2d)
    __fpl_fnaninf                            0x08003277   Thumb Code   140  fnaninf.o(x$fpl$fnaninf)
    _fp_init                                 0x08003303   Thumb Code    10  fpinit.o(x$fpl$fpinit)
    __fplib_config_fpu_vfp                   0x0800330b   Thumb Code     0  fpinit.o(x$fpl$fpinit)
    __fplib_config_pureend_doubles           0x0800330b   Thumb Code     0  fpinit.o(x$fpl$fpinit)
    _printf_fp_dec                           0x0800330d   Thumb Code     4  printf1.o(x$fpl$printf1)
    __I$use$fp                               0x08003310   Number         0  usenofp.o(x$fpl$usenofp)
    Region$$Table$$Base                      0x080036a0   Number         0  anon$$obj.o(Region$$Table)
    Region$$Table$$Limit                     0x080036c0   Number         0  anon$$obj.o(Region$$Table)
    __ctype                                  0x080036e9   Data           0  lc_ctype_c.o(locale$$data)
    SHT$$INIT_ARRAY$$Base                    0x080037ec   Number         0  main.o(.init_array)
    SHT$$INIT_ARRAY$$Limit                   0x080037fc   Number         0  init_aeabi.o(.init_array)
    x                                        0x20000000   Data           4  main.o(.data)
    y                                        0x20000004   Data           4  main.o(.data)
    system_core_clock                        0x20000008   Data           4  system_at32f403a_407.o(.data)
    tick                                     0x2000000c   Data           4  sal.o(.data)
    SAL_I2C1                                 0x20000010   Data           2  sal_i2c.o(.data)
    icm                                      0x20000084   Data          60  main.o(.bss)
    SAL_USART1                               0x20000100   Data         524  sal_usart.o(.bss)
    SAL_USART2                               0x2000030c   Data         524  sal_usart.o(.bss)
    SAL_USART3                               0x20000518   Data         524  sal_usart.o(.bss)
    SPI                                      0x20000724   Data          12  sal_spi.o(.bss)
    SPI_2                                    0x20000730   Data          12  sal_spi.o(.bss)
    __libspace_start                         0x2000075c   Data          96  libspace.o(.bss)
    __temporary_stack_top$libspace           0x200007bc   Data           0  libspace.o(.bss)



==============================================================================

Memory Map of the image

  Image Entry point : 0x08000185

  Load Region LR_IROM1 (Base: 0x08000000, Size: 0x00003880, Max: 0x00100000, ABSOLUTE)

    Execution Region ER_IROM1 (Exec base: 0x08000000, Load base: 0x08000000, Size: 0x000037fc, Max: 0x00100000, ABSOLUTE)

    Exec Addr    Load Addr    Size         Type   Attr      Idx    E Section Name        Object

    0x08000000   0x08000000   0x00000184   Data   RO         1803    RESET               startup_at32f403a_407.o
    0x08000184   0x08000184   0x00000008   Code   RO         2540  * !!!main             c_w.l(__main.o)
    0x0800018c   0x0800018c   0x00000034   Code   RO         2925    !!!scatter          c_w.l(__scatter.o)
    0x080001c0   0x080001c0   0x0000001a   Code   RO         2927    !!handler_copy      c_w.l(__scatter_copy.o)
    0x080001da   0x080001da   0x00000002   PAD
    0x080001dc   0x080001dc   0x0000001c   Code   RO         2929    !!handler_zi        c_w.l(__scatter_zi.o)
    0x080001f8   0x080001f8   0x00000000   Code   RO         2666    .ARM.Collect$$_printf_percent$$00000000  c_w.l(_printf_percent.o)
    0x080001f8   0x080001f8   0x00000006   Code   RO         2655    .ARM.Collect$$_printf_percent$$00000001  c_w.l(_printf_n.o)
    0x080001fe   0x080001fe   0x00000006   Code   RO         2657    .ARM.Collect$$_printf_percent$$00000002  c_w.l(_printf_p.o)
    0x08000204   0x08000204   0x00000006   Code   RO         2662    .ARM.Collect$$_printf_percent$$00000003  c_w.l(_printf_f.o)
    0x0800020a   0x0800020a   0x00000006   Code   RO         2663    .ARM.Collect$$_printf_percent$$00000004  c_w.l(_printf_e.o)
    0x08000210   0x08000210   0x00000006   Code   RO         2664    .ARM.Collect$$_printf_percent$$00000005  c_w.l(_printf_g.o)
    0x08000216   0x08000216   0x00000006   Code   RO         2665    .ARM.Collect$$_printf_percent$$00000006  c_w.l(_printf_a.o)
    0x0800021c   0x0800021c   0x0000000a   Code   RO         2670    .ARM.Collect$$_printf_percent$$00000007  c_w.l(_printf_ll.o)
    0x08000226   0x08000226   0x00000006   Code   RO         2659    .ARM.Collect$$_printf_percent$$00000008  c_w.l(_printf_i.o)
    0x0800022c   0x0800022c   0x00000006   Code   RO         2660    .ARM.Collect$$_printf_percent$$00000009  c_w.l(_printf_d.o)
    0x08000232   0x08000232   0x00000006   Code   RO         2661    .ARM.Collect$$_printf_percent$$0000000A  c_w.l(_printf_u.o)
    0x08000238   0x08000238   0x00000006   Code   RO         2658    .ARM.Collect$$_printf_percent$$0000000B  c_w.l(_printf_o.o)
    0x0800023e   0x0800023e   0x00000006   Code   RO         2656    .ARM.Collect$$_printf_percent$$0000000C  c_w.l(_printf_x.o)
    0x08000244   0x08000244   0x00000006   Code   RO         2667    .ARM.Collect$$_printf_percent$$0000000D  c_w.l(_printf_lli.o)
    0x0800024a   0x0800024a   0x00000006   Code   RO         2668    .ARM.Collect$$_printf_percent$$0000000E  c_w.l(_printf_lld.o)
    0x08000250   0x08000250   0x00000006   Code   RO         2669    .ARM.Collect$$_printf_percent$$0000000F  c_w.l(_printf_llu.o)
    0x08000256   0x08000256   0x00000006   Code   RO         2674    .ARM.Collect$$_printf_percent$$00000010  c_w.l(_printf_llo.o)
    0x0800025c   0x0800025c   0x00000006   Code   RO         2675    .ARM.Collect$$_printf_percent$$00000011  c_w.l(_printf_llx.o)
    0x08000262   0x08000262   0x0000000a   Code   RO         2671    .ARM.Collect$$_printf_percent$$00000012  c_w.l(_printf_l.o)
    0x0800026c   0x0800026c   0x00000006   Code   RO         2653    .ARM.Collect$$_printf_percent$$00000013  c_w.l(_printf_c.o)
    0x08000272   0x08000272   0x00000006   Code   RO         2654    .ARM.Collect$$_printf_percent$$00000014  c_w.l(_printf_s.o)
    0x08000278   0x08000278   0x00000006   Code   RO         2672    .ARM.Collect$$_printf_percent$$00000015  c_w.l(_printf_lc.o)
    0x0800027e   0x0800027e   0x00000006   Code   RO         2673    .ARM.Collect$$_printf_percent$$00000016  c_w.l(_printf_ls.o)
    0x08000284   0x08000284   0x00000004   Code   RO         2780    .ARM.Collect$$_printf_percent$$00000017  c_w.l(_printf_percent_end.o)
    0x08000288   0x08000288   0x00000002   Code   RO         2840    .ARM.Collect$$libinit$$00000000  c_w.l(libinit.o)
    0x0800028a   0x0800028a   0x00000004   Code   RO         2676    .ARM.Collect$$libinit$$00000001  c_w.l(libinit2.o)
    0x0800028e   0x0800028e   0x00000000   Code   RO         2679    .ARM.Collect$$libinit$$00000004  c_w.l(libinit2.o)
    0x0800028e   0x0800028e   0x00000000   Code   RO         2682    .ARM.Collect$$libinit$$0000000A  c_w.l(libinit2.o)
    0x0800028e   0x0800028e   0x00000000   Code   RO         2684    .ARM.Collect$$libinit$$0000000C  c_w.l(libinit2.o)
    0x0800028e   0x0800028e   0x00000000   Code   RO         2686    .ARM.Collect$$libinit$$0000000E  c_w.l(libinit2.o)
    0x0800028e   0x0800028e   0x00000006   Code   RO         2687    .ARM.Collect$$libinit$$0000000F  c_w.l(libinit2.o)
    0x08000294   0x08000294   0x00000000   Code   RO         2689    .ARM.Collect$$libinit$$00000011  c_w.l(libinit2.o)
    0x08000294   0x08000294   0x0000000c   Code   RO         2690    .ARM.Collect$$libinit$$00000012  c_w.l(libinit2.o)
    0x080002a0   0x080002a0   0x00000000   Code   RO         2691    .ARM.Collect$$libinit$$00000013  c_w.l(libinit2.o)
    0x080002a0   0x080002a0   0x00000000   Code   RO         2693    .ARM.Collect$$libinit$$00000015  c_w.l(libinit2.o)
    0x080002a0   0x080002a0   0x0000000a   Code   RO         2694    .ARM.Collect$$libinit$$00000016  c_w.l(libinit2.o)
    0x080002aa   0x080002aa   0x00000000   Code   RO         2695    .ARM.Collect$$libinit$$00000017  c_w.l(libinit2.o)
    0x080002aa   0x080002aa   0x00000000   Code   RO         2697    .ARM.Collect$$libinit$$00000019  c_w.l(libinit2.o)
    0x080002aa   0x080002aa   0x00000000   Code   RO         2699    .ARM.Collect$$libinit$$0000001B  c_w.l(libinit2.o)
    0x080002aa   0x080002aa   0x00000000   Code   RO         2701    .ARM.Collect$$libinit$$0000001D  c_w.l(libinit2.o)
    0x080002aa   0x080002aa   0x00000000   Code   RO         2703    .ARM.Collect$$libinit$$0000001F  c_w.l(libinit2.o)
    0x080002aa   0x080002aa   0x00000000   Code   RO         2705    .ARM.Collect$$libinit$$00000021  c_w.l(libinit2.o)
    0x080002aa   0x080002aa   0x00000000   Code   RO         2707    .ARM.Collect$$libinit$$00000023  c_w.l(libinit2.o)
    0x080002aa   0x080002aa   0x00000000   Code   RO         2709    .ARM.Collect$$libinit$$00000025  c_w.l(libinit2.o)
    0x080002aa   0x080002aa   0x00000000   Code   RO         2713    .ARM.Collect$$libinit$$0000002C  c_w.l(libinit2.o)
    0x080002aa   0x080002aa   0x00000000   Code   RO         2715    .ARM.Collect$$libinit$$0000002E  c_w.l(libinit2.o)
    0x080002aa   0x080002aa   0x00000000   Code   RO         2717    .ARM.Collect$$libinit$$00000030  c_w.l(libinit2.o)
    0x080002aa   0x080002aa   0x00000004   Code   RO         2718    .ARM.Collect$$libinit$$00000031  c_w.l(libinit2.o)
    0x080002ae   0x080002ae   0x00000000   Code   RO         2719    .ARM.Collect$$libinit$$00000032  c_w.l(libinit2.o)
    0x080002ae   0x080002ae   0x00000002   Code   RO         2720    .ARM.Collect$$libinit$$00000033  c_w.l(libinit2.o)
    0x080002b0   0x080002b0   0x00000002   Code   RO         2884    .ARM.Collect$$libshutdown$$00000000  c_w.l(libshutdown.o)
    0x080002b2   0x080002b2   0x00000000   Code   RO         2890    .ARM.Collect$$libshutdown$$00000002  c_w.l(libshutdown2.o)
    0x080002b2   0x080002b2   0x00000000   Code   RO         2892    .ARM.Collect$$libshutdown$$00000004  c_w.l(libshutdown2.o)
    0x080002b2   0x080002b2   0x00000000   Code   RO         2894    .ARM.Collect$$libshutdown$$00000006  c_w.l(libshutdown2.o)
    0x080002b2   0x080002b2   0x00000000   Code   RO         2897    .ARM.Collect$$libshutdown$$00000009  c_w.l(libshutdown2.o)
    0x080002b2   0x080002b2   0x00000000   Code   RO         2900    .ARM.Collect$$libshutdown$$0000000C  c_w.l(libshutdown2.o)
    0x080002b2   0x080002b2   0x00000000   Code   RO         2902    .ARM.Collect$$libshutdown$$0000000E  c_w.l(libshutdown2.o)
    0x080002b2   0x080002b2   0x00000000   Code   RO         2905    .ARM.Collect$$libshutdown$$00000011  c_w.l(libshutdown2.o)
    0x080002b2   0x080002b2   0x00000002   Code   RO         2906    .ARM.Collect$$libshutdown$$00000012  c_w.l(libshutdown2.o)
    0x080002b4   0x080002b4   0x00000000   Code   RO         2580    .ARM.Collect$$rtentry$$00000000  c_w.l(__rtentry.o)
    0x080002b4   0x080002b4   0x00000000   Code   RO         2749    .ARM.Collect$$rtentry$$00000002  c_w.l(__rtentry2.o)
    0x080002b4   0x080002b4   0x00000006   Code   RO         2761    .ARM.Collect$$rtentry$$00000004  c_w.l(__rtentry4.o)
    0x080002ba   0x080002ba   0x00000000   Code   RO         2751    .ARM.Collect$$rtentry$$00000009  c_w.l(__rtentry2.o)
    0x080002ba   0x080002ba   0x00000004   Code   RO         2752    .ARM.Collect$$rtentry$$0000000A  c_w.l(__rtentry2.o)
    0x080002be   0x080002be   0x00000000   Code   RO         2754    .ARM.Collect$$rtentry$$0000000C  c_w.l(__rtentry2.o)
    0x080002be   0x080002be   0x00000008   Code   RO         2755    .ARM.Collect$$rtentry$$0000000D  c_w.l(__rtentry2.o)
    0x080002c6   0x080002c6   0x00000002   Code   RO         2847    .ARM.Collect$$rtexit$$00000000  c_w.l(rtexit.o)
    0x080002c8   0x080002c8   0x00000000   Code   RO         2864    .ARM.Collect$$rtexit$$00000002  c_w.l(rtexit2.o)
    0x080002c8   0x080002c8   0x00000004   Code   RO         2865    .ARM.Collect$$rtexit$$00000003  c_w.l(rtexit2.o)
    0x080002cc   0x080002cc   0x00000006   Code   RO         2866    .ARM.Collect$$rtexit$$00000004  c_w.l(rtexit2.o)
    0x080002d2   0x080002d2   0x00000002   PAD
    0x080002d4   0x080002d4   0x00000040   Code   RO         1804    .text               startup_at32f403a_407.o
    0x08000314   0x08000314   0x00000034   Code   RO         2536    .text               c_w.l(c89vsnprintf.o)
    0x08000348   0x08000348   0x00000006   Code   RO         2538    .text               c_w.l(heapauxi.o)
    0x0800034e   0x0800034e   0x00000002   PAD
    0x08000350   0x08000350   0x00000024   Code   RO         2545    .text               c_w.l(init_aeabi.o)
    0x08000374   0x08000374   0x00000016   Code   RO         2581    .text               c_w.l(_rserrno.o)
    0x0800038a   0x0800038a   0x0000004e   Code   RO         2585    .text               c_w.l(_printf_pad.o)
    0x080003d8   0x080003d8   0x00000024   Code   RO         2587    .text               c_w.l(_printf_truncate.o)
    0x080003fc   0x080003fc   0x00000052   Code   RO         2589    .text               c_w.l(_printf_str.o)
    0x0800044e   0x0800044e   0x00000002   PAD
    0x08000450   0x08000450   0x00000078   Code   RO         2591    .text               c_w.l(_printf_dec.o)
    0x080004c8   0x080004c8   0x00000028   Code   RO         2593    .text               c_w.l(_printf_charcount.o)
    0x080004f0   0x080004f0   0x00000030   Code   RO         2595    .text               c_w.l(_printf_char_common.o)
    0x08000520   0x08000520   0x0000000a   Code   RO         2597    .text               c_w.l(_sputc.o)
    0x0800052a   0x0800052a   0x00000010   Code   RO         2599    .text               c_w.l(_snputc.o)
    0x0800053a   0x0800053a   0x00000002   PAD
    0x0800053c   0x0800053c   0x000000bc   Code   RO         2601    .text               c_w.l(_printf_wctomb.o)
    0x080005f8   0x080005f8   0x0000007c   Code   RO         2604    .text               c_w.l(_printf_longlong_dec.o)
    0x08000674   0x08000674   0x00000070   Code   RO         2610    .text               c_w.l(_printf_oct_int_ll.o)
    0x080006e4   0x080006e4   0x00000094   Code   RO         2630    .text               c_w.l(_printf_hex_int_ll_ptr.o)
    0x08000778   0x08000778   0x00000188   Code   RO         2650    .text               c_w.l(__printf_flags_ss_wp.o)
    0x08000900   0x08000900   0x00000008   Code   RO         2766    .text               c_w.l(rt_errno_addr_intlibspace.o)
    0x08000908   0x08000908   0x0000008a   Code   RO         2768    .text               c_w.l(lludiv10.o)
    0x08000992   0x08000992   0x000000b2   Code   RO         2770    .text               c_w.l(_printf_intcommon.o)
    0x08000a44   0x08000a44   0x0000041e   Code   RO         2772    .text               c_w.l(_printf_fp_dec.o)
    0x08000e62   0x08000e62   0x0000002c   Code   RO         2776    .text               c_w.l(_printf_char.o)
    0x08000e8e   0x08000e8e   0x0000002c   Code   RO         2778    .text               c_w.l(_printf_wchar.o)
    0x08000eba   0x08000eba   0x00000040   Code   RO         2781    .text               c_w.l(_wcrtomb.o)
    0x08000efa   0x08000efa   0x00000002   PAD
    0x08000efc   0x08000efc   0x00000008   Code   RO         2787    .text               c_w.l(libspace.o)
    0x08000f04   0x08000f04   0x0000004a   Code   RO         2790    .text               c_w.l(sys_stackheap_outer.o)
    0x08000f4e   0x08000f4e   0x00000002   PAD
    0x08000f50   0x08000f50   0x00000010   Code   RO         2792    .text               c_w.l(rt_ctype_table.o)
    0x08000f60   0x08000f60   0x00000008   Code   RO         2797    .text               c_w.l(rt_locale_intlibspace.o)
    0x08000f68   0x08000f68   0x00000080   Code   RO         2799    .text               c_w.l(_printf_fp_infnan.o)
    0x08000fe8   0x08000fe8   0x000000e4   Code   RO         2801    .text               c_w.l(bigflt0.o)
    0x080010cc   0x080010cc   0x00000012   Code   RO         2829    .text               c_w.l(exit.o)
    0x080010de   0x080010de   0x00000002   PAD
    0x080010e0   0x080010e0   0x00000080   Code   RO         2858    .text               c_w.l(strcmpv7m.o)
    0x08001160   0x08001160   0x00000002   Code   RO         2860    .text               c_w.l(use_no_semi.o)
    0x08001162   0x08001162   0x00000000   Code   RO         2862    .text               c_w.l(indicate_semi.o)
    0x08001162   0x08001162   0x00000002   PAD
    0x08001164   0x08001164   0x0000000c   Code   RO         2876    .text               c_w.l(sys_exit.o)
    0x08001170   0x08001170   0x0000003e   Code   RO         2804    CL$$btod_d2e        c_w.l(btod.o)
    0x080011ae   0x080011ae   0x00000046   Code   RO         2806    CL$$btod_d2e_denorm_low  c_w.l(btod.o)
    0x080011f4   0x080011f4   0x00000060   Code   RO         2805    CL$$btod_d2e_norm_op1  c_w.l(btod.o)
    0x08001254   0x08001254   0x00000338   Code   RO         2814    CL$$btod_div_common  c_w.l(btod.o)
    0x0800158c   0x0800158c   0x000000dc   Code   RO         2811    CL$$btod_e2e        c_w.l(btod.o)
    0x08001668   0x08001668   0x0000002a   Code   RO         2808    CL$$btod_ediv       c_w.l(btod.o)
    0x08001692   0x08001692   0x0000002a   Code   RO         2807    CL$$btod_emul       c_w.l(btod.o)
    0x080016bc   0x080016bc   0x00000244   Code   RO         2813    CL$$btod_mult_common  c_w.l(btod.o)
    0x08001900   0x08001900   0x00000002   Code   RO          335    i.BusFault_Handler  at32f403a_407_int.o
    0x08001902   0x08001902   0x00000002   Code   RO          336    i.DebugMon_Handler  at32f403a_407_int.o
    0x08001904   0x08001904   0x00000024   Code   RO         1894    i.EXINT0_IRQHandler  sal_gpio.o
    0x08001928   0x08001928   0x00000024   Code   RO         1895    i.EXINT1_IRQHandler  sal_gpio.o
    0x0800194c   0x0800194c   0x00000024   Code   RO         1896    i.EXINT2_IRQHandler  sal_gpio.o
    0x08001970   0x08001970   0x00000024   Code   RO         1897    i.EXINT3_IRQHandler  sal_gpio.o
    0x08001994   0x08001994   0x00000024   Code   RO         1898    i.EXINT4_IRQHandler  sal_gpio.o
    0x080019b8   0x080019b8   0x00000002   Code   RO          337    i.HardFault_Handler  at32f403a_407_int.o
    0x080019ba   0x080019ba   0x00000002   Code   RO          338    i.MemManage_Handler  at32f403a_407_int.o
    0x080019bc   0x080019bc   0x00000002   Code   RO          339    i.NMI_Handler       at32f403a_407_int.o
    0x080019be   0x080019be   0x00000002   Code   RO          340    i.PendSV_Handler    at32f403a_407_int.o
    0x080019c0   0x080019c0   0x00000014   Code   RO         1848    i.SAL_Delay         sal.o
    0x080019d4   0x080019d4   0x000000c4   Code   RO         1901    i.SAL_GPIO_Init     sal_gpio.o
    0x08001a98   0x08001a98   0x00000020   Code   RO         1903    i.SAL_GPIO_Write_Pin  sal_gpio.o
    0x08001ab8   0x08001ab8   0x00000040   Code   RO         1849    i.SAL_Init          sal.o
    0x08001af8   0x08001af8   0x00000002   Code   RO          341    i.SVC_Handler       at32f403a_407_int.o
    0x08001afa   0x08001afa   0x00000002   PAD
    0x08001afc   0x08001afc   0x00000010   Code   RO         1850    i.SysTick_Handler   sal.o
    0x08001b0c   0x08001b0c   0x00000058   Code   RO         1811    i.SystemInit        system_at32f403a_407.o
    0x08001b64   0x08001b64   0x00000034   Code   RO            4    i.TMR1_OVF_TMR10_IRQHandler  main.o
    0x08001b98   0x08001b98   0x0000000c   Code   RO         1988    i.USART1_IRQHandler  sal_usart.o
    0x08001ba4   0x08001ba4   0x0000000c   Code   RO         1989    i.USART2_IRQHandler  sal_usart.o
    0x08001bb0   0x08001bb0   0x0000000c   Code   RO         1990    i.USART3_IRQHandler  sal_usart.o
    0x08001bbc   0x08001bbc   0x00000002   Code   RO          342    i.UsageFault_Handler  at32f403a_407_int.o
    0x08001bbe   0x08001bbe   0x00000002   PAD
    0x08001bc0   0x08001bc0   0x00000060   Code   RO            5    i._Z13clkout_configv  main.o
    0x08001c20   0x08001c20   0x00000016   Code   RO         2246    i._ZN7SAL_SPI12write_registEhh  sal_spi.o
    0x08001c36   0x08001c36   0x00000028   Code   RO         2248    i._ZN7SAL_SPI14set_data_frameE14SPI_DATA_FRAME  sal_spi.o
    0x08001c5e   0x08001c5e   0x00000056   Code   RO         2249    i._ZN7SAL_SPI4readEh  sal_spi.o
    0x08001cb4   0x08001cb4   0x00000072   Code   RO         2250    i._ZN7SAL_SPI4readEhtPh  sal_spi.o
    0x08001d26   0x08001d26   0x00000002   PAD
    0x08001d28   0x08001d28   0x000000a0   Code   RO         2251    i._ZN7SAL_SPI5beginE14SPI_CLOCK_MODE14SPI_DATA_FRAME8DIV_FREQ  sal_spi.o
    0x08001dc8   0x08001dc8   0x00000028   Code   RO         2254    i._ZN7SAL_SPI5writeEt  sal_spi.o
    0x08001df0   0x08001df0   0x0000002e   Code   RO         2255    i._ZN7SAL_SPI7set_divE8DIV_FREQ  sal_spi.o
    0x08001e1e   0x08001e1e   0x00000028   Code   RO         2256    i._ZN7SAL_SPI9set_clockE14SPI_CLOCK_MODE  sal_spi.o
    0x08001e46   0x08001e46   0x00000022   Code   RO         2257    i._ZN7SAL_SPIC1EP8spi_type  sal_spi.o
    0x08001e68   0x08001e68   0x000000c8   Code   RO         2439    i._ZN8ICM2060213icm20602_initEv  icm20602.o
    0x08001f30   0x08001f30   0x000000f8   Code   RO         2440    i._ZN8ICM2060215Kalman_Filter_xEff  icm20602.o
    0x08002028   0x08002028   0x000000f8   Code   RO         2441    i._ZN8ICM2060215Kalman_Filter_yEff  icm20602.o
    0x08002120   0x08002120   0x000000b4   Code   RO         2442    i._ZN8ICM2060216icm20602_get_accEv  icm20602.o
    0x080021d4   0x080021d4   0x000000a4   Code   RO         2443    i._ZN8ICM2060217icm20602_get_gyroEv  icm20602.o
    0x08002278   0x08002278   0x0000005a   Code   RO         2444    i._ZN8ICM2060219icm20602_get_offsetEv  icm20602.o
    0x080022d2   0x080022d2   0x00000002   PAD
    0x080022d4   0x080022d4   0x00000054   Code   RO         2445    i._ZN8ICM2060219icm20602_self_checkEv  icm20602.o
    0x08002328   0x08002328   0x00000026   Code   RO         2446    i._ZN8ICM2060222icm20602_read_registerEh  icm20602.o
    0x0800234e   0x0800234e   0x0000002e   Code   RO         2447    i._ZN8ICM2060223icm20602_read_registersEhPhj  icm20602.o
    0x0800237c   0x0800237c   0x00000026   Code   RO         2448    i._ZN8ICM2060223icm20602_write_registerEhh  icm20602.o
    0x080023a2   0x080023a2   0x00000002   PAD
    0x080023a4   0x080023a4   0x0000004c   Code   RO         2449    i._ZN8ICM206025beginEv  icm20602.o
    0x080023f0   0x080023f0   0x00000080   Code   RO         2450    i._ZN8ICM206029get_AngleEPfS0_  icm20602.o
    0x08002470   0x08002470   0x00000008   Code   RO         2451    i._ZN8ICM20602C1EP7SAL_SPI11Pin_TypeDefs  icm20602.o
    0x08002478   0x08002478   0x000000ec   Code   RO         1994    i._ZN9SAL_USART5beginEj  sal_usart.o
    0x08002564   0x08002564   0x0000003c   Code   RO         1996    i._ZN9SAL_USART6printfEPKcz  sal_usart.o
    0x080025a0   0x080025a0   0x00000044   Code   RO         1998    i._ZN9SAL_USART9IRQhandleEv  sal_usart.o
    0x080025e4   0x080025e4   0x00000004   Code   RO         2420    i._ZSt5atan2ff      mpu6050.o
    0x080025e8   0x080025e8   0x00000030   Code   RO         2843    i.__ARM_fpclassify  m_wm.l(fpclassify.o)
    0x08002618   0x08002618   0x00000026   Code   RO         2732    i.__ARM_fpclassifyf  m_wm.l(fpclassifyf.o)
    0x0800263e   0x0800263e   0x00000002   PAD
    0x08002640   0x08002640   0x000002ac   Code   RO         2568    i.__hardfp_atan2f   m_wm.l(atan2f.o)
    0x080028ec   0x080028ec   0x00000006   Code   RO         2736    i.__mathlib_flt_infnan2  m_wm.l(funder.o)
    0x080028f2   0x080028f2   0x00000002   PAD
    0x080028f4   0x080028f4   0x00000010   Code   RO         2740    i.__mathlib_flt_underflow  m_wm.l(funder.o)
    0x08002904   0x08002904   0x00000010   Code   RO         2112    i.__sti___11_SAL_I2C_cpp_fe03202b  sal_i2c.o
    0x08002914   0x08002914   0x00000024   Code   RO         2258    i.__sti___11_SAL_SPI_cpp_fc04c797  sal_spi.o
    0x08002938   0x08002938   0x00000038   Code   RO         2000    i.__sti___13_SAL_USART_cpp_052ae7b2  sal_usart.o
    0x08002970   0x08002970   0x00000018   Code   RO            6    i.__sti___8_main_cpp_icm  main.o
    0x08002988   0x08002988   0x0000000e   Code   RO         2643    i._is_digit         c_w.l(__printf_wp.o)
    0x08002996   0x08002996   0x00000002   PAD
    0x08002998   0x08002998   0x00000010   Code   RO          405    i.crm_ahb_div_set   at32f403a_407_crm.o
    0x080029a8   0x080029a8   0x00000010   Code   RO          406    i.crm_apb1_div_set  at32f403a_407_crm.o
    0x080029b8   0x080029b8   0x00000010   Code   RO          407    i.crm_apb2_div_set  at32f403a_407_crm.o
    0x080029c8   0x080029c8   0x0000001c   Code   RO          408    i.crm_auto_step_mode_enable  at32f403a_407_crm.o
    0x080029e4   0x080029e4   0x00000044   Code   RO          414    i.crm_clock_source_enable  at32f403a_407_crm.o
    0x08002a28   0x08002a28   0x000000d8   Code   RO          415    i.crm_clocks_freq_get  at32f403a_407_crm.o
    0x08002b00   0x08002b00   0x00000020   Code   RO          417    i.crm_flag_get      at32f403a_407_crm.o
    0x08002b20   0x08002b20   0x00000010   Code   RO          419    i.crm_hext_clock_div_set  at32f403a_407_crm.o
    0x08002b30   0x08002b30   0x00000028   Code   RO          420    i.crm_hext_stable_wait  at32f403a_407_crm.o
    0x08002b58   0x08002b58   0x00000024   Code   RO          427    i.crm_periph_clock_enable  at32f403a_407_crm.o
    0x08002b7c   0x08002b7c   0x00000048   Code   RO          430    i.crm_pll_config    at32f403a_407_crm.o
    0x08002bc4   0x08002bc4   0x00000040   Code   RO          431    i.crm_reset         at32f403a_407_crm.o
    0x08002c04   0x08002c04   0x00000010   Code   RO          434    i.crm_sysclk_switch  at32f403a_407_crm.o
    0x08002c14   0x08002c14   0x00000010   Code   RO          435    i.crm_sysclk_switch_status_get  at32f403a_407_crm.o
    0x08002c24   0x08002c24   0x0000000c   Code   RO         1740    i.exint_flag_clear  at32f403a_407_exint.o
    0x08002c30   0x08002c30   0x00000014   Code   RO         1741    i.exint_flag_get    at32f403a_407_exint.o
    0x08002c44   0x08002c44   0x00000004   Code   RO          694    i.gpio_bits_reset   at32f403a_407_gpio.o
    0x08002c48   0x08002c48   0x00000004   Code   RO          695    i.gpio_bits_set     at32f403a_407_gpio.o
    0x08002c4c   0x08002c4c   0x00000016   Code   RO          697    i.gpio_default_para_init  at32f403a_407_gpio.o
    0x08002c62   0x08002c62   0x00000002   PAD
    0x08002c64   0x08002c64   0x000000ae   Code   RO          701    i.gpio_init         at32f403a_407_gpio.o
    0x08002d12   0x08002d12   0x00000002   PAD
    0x08002d14   0x08002d14   0x00000070   Code   RO            7    i.main              main.o
    0x08002d84   0x08002d84   0x0000007c   Code   RO          631    i.nvic_irq_enable   at32f403a_407_misc.o
    0x08002e00   0x08002e00   0x00000024   Code   RO          633    i.nvic_priority_group_config  at32f403a_407_misc.o
    0x08002e24   0x08002e24   0x00000016   Code   RO         1020    i.spi_default_para_init  at32f403a_407_spi.o
    0x08002e3a   0x08002e3a   0x0000000a   Code   RO         1021    i.spi_enable        at32f403a_407_spi.o
    0x08002e44   0x08002e44   0x00000006   Code   RO         1025    i.spi_i2s_data_receive  at32f403a_407_spi.o
    0x08002e4a   0x08002e4a   0x00000004   Code   RO         1026    i.spi_i2s_data_transmit  at32f403a_407_spi.o
    0x08002e4e   0x08002e4e   0x0000000e   Code   RO         1030    i.spi_i2s_flag_get  at32f403a_407_spi.o
    0x08002e5c   0x08002e5c   0x000000e6   Code   RO         1033    i.spi_init          at32f403a_407_spi.o
    0x08002f42   0x08002f42   0x00000002   PAD
    0x08002f44   0x08002f44   0x0000006e   Code   RO          199    i.system_clock_config  at32f403a_407_clock.o
    0x08002fb2   0x08002fb2   0x00000002   PAD
    0x08002fb4   0x08002fb4   0x0000009c   Code   RO         1812    i.system_core_clock_update  system_at32f403a_407.o
    0x08003050   0x08003050   0x00000018   Code   RO          636    i.systick_clock_source_config  at32f403a_407_misc.o
    0x08003068   0x08003068   0x0000000e   Code   RO         1169    i.tmr_base_init     at32f403a_407_tmr.o
    0x08003076   0x08003076   0x0000000a   Code   RO         1179    i.tmr_cnt_dir_set   at32f403a_407_tmr.o
    0x08003080   0x08003080   0x0000000a   Code   RO         1180    i.tmr_counter_enable  at32f403a_407_tmr.o
    0x0800308a   0x0800308a   0x00000006   Code   RO         1192    i.tmr_flag_clear    at32f403a_407_tmr.o
    0x08003090   0x08003090   0x0000000e   Code   RO         1193    i.tmr_flag_get      at32f403a_407_tmr.o
    0x0800309e   0x0800309e   0x00000016   Code   RO         1201    i.tmr_interrupt_enable  at32f403a_407_tmr.o
    0x080030b4   0x080030b4   0x00000006   Code   RO          824    i.usart_data_receive  at32f403a_407_usart.o
    0x080030ba   0x080030ba   0x00000008   Code   RO          825    i.usart_data_transmit  at32f403a_407_usart.o
    0x080030c2   0x080030c2   0x0000000a   Code   RO          828    i.usart_enable      at32f403a_407_usart.o
    0x080030cc   0x080030cc   0x0000000a   Code   RO          830    i.usart_flag_get    at32f403a_407_usart.o
    0x080030d6   0x080030d6   0x00000002   PAD
    0x080030d8   0x080030d8   0x0000007c   Code   RO          832    i.usart_init        at32f403a_407_usart.o
    0x08003154   0x08003154   0x0000001e   Code   RO          833    i.usart_interrupt_enable  at32f403a_407_usart.o
    0x08003172   0x08003172   0x00000034   Code   RO          838    i.usart_parity_selection_config  at32f403a_407_usart.o
    0x080031a6   0x080031a6   0x0000000a   Code   RO          839    i.usart_receiver_enable  at32f403a_407_usart.o
    0x080031b0   0x080031b0   0x0000000a   Code   RO          846    i.usart_transmitter_enable  at32f403a_407_usart.o
    0x080031ba   0x080031ba   0x00000002   PAD
    0x080031bc   0x080031bc   0x0000002c   Code   RO         2827    locale$$code        c_w.l(lc_numeric_c.o)
    0x080031e8   0x080031e8   0x0000002c   Code   RO         2852    locale$$code        c_w.l(lc_ctype_c.o)
    0x08003214   0x08003214   0x0000000c   Code   RO         2723    x$fpl$dretinf       fz_wm.l(dretinf.o)
    0x08003220   0x08003220   0x00000056   Code   RO         2566    x$fpl$f2d           fz_wm.l(f2d.o)
    0x08003276   0x08003276   0x0000008c   Code   RO         2725    x$fpl$fnaninf       fz_wm.l(fnaninf.o)
    0x08003302   0x08003302   0x0000000a   Code   RO         2785    x$fpl$fpinit        fz_wm.l(fpinit.o)
    0x0800330c   0x0800330c   0x00000004   Code   RO         2729    x$fpl$printf1       fz_wm.l(printf1.o)
    0x08003310   0x08003310   0x00000000   Code   RO         2731    x$fpl$usenofp       fz_wm.l(usenofp.o)
    0x08003310   0x08003310   0x00000028   Data   RO          439    .constdata          at32f403a_407_crm.o
    0x08003338   0x08003338   0x00000010   Data   RO         1813    .constdata          system_at32f403a_407.o
    0x08003348   0x08003348   0x00000280   Data   RO         1915    .constdata          sal_gpio.o
    0x080035c8   0x080035c8   0x00000008   Data   RO         2602    .constdata          c_w.l(_printf_wctomb.o)
    0x080035d0   0x080035d0   0x00000028   Data   RO         2631    .constdata          c_w.l(_printf_hex_int_ll_ptr.o)
    0x080035f8   0x080035f8   0x00000011   Data   RO         2651    .constdata          c_w.l(__printf_flags_ss_wp.o)
    0x08003609   0x08003609   0x00000003   PAD
    0x0800360c   0x0800360c   0x00000094   Data   RO         2802    .constdata          c_w.l(bigflt0.o)
    0x080036a0   0x080036a0   0x00000020   Data   RO         2923    Region$$Table       anon$$obj.o
    0x080036c0   0x080036c0   0x0000001c   Data   RO         2826    locale$$data        c_w.l(lc_numeric_c.o)
    0x080036dc   0x080036dc   0x00000110   Data   RO         2851    locale$$data        c_w.l(lc_ctype_c.o)
    0x080037ec   0x080037ec   0x00000004   Data   RO           14    .init_array         main.o
    0x080037f0   0x080037ec   0x00000004   Data   RO         2015    .init_array         sal_usart.o
    0x080037f4   0x080037ec   0x00000004   Data   RO         2137    .init_array         sal_i2c.o
    0x080037f8   0x080037ec   0x00000004   Data   RO         2273    .init_array         sal_spi.o
    0x080037fc   0x080037ec   0x00000000   Data   RO         2543    .init_array         c_w.l(init_aeabi.o)


    Execution Region RW_IRAM1 (Exec base: 0x20000000, Load base: 0x080037fc, Size: 0x000013c0, Max: 0x00038000, ABSOLUTE)

    Exec Addr    Load Addr    Size         Type   Attr      Idx    E Section Name        Object

    0x20000000   0x080037fc   0x00000008   Data   RW           13    .data               main.o
    0x20000008   0x08003804   0x00000004   Data   RW         1814    .data               system_at32f403a_407.o
    0x2000000c   0x08003808   0x00000004   Data   RW         1854    .data               sal.o
    0x20000010   0x0800380c   0x00000002   Data   RW         2136    .data               sal_i2c.o
    0x20000012   0x0800380e   0x00000002   PAD
    0x20000014   0x08003810   0x00000070   Data   RW         2466    .data               icm20602.o
    0x20000084        -       0x0000003c   Zero   RW           12    .bss                main.o
    0x200000c0        -       0x00000040   Zero   RW         1914    .bss                sal_gpio.o
    0x20000100        -       0x00000624   Zero   RW         2014    .bss                sal_usart.o
    0x20000724        -       0x00000018   Zero   RW         2272    .bss                sal_spi.o
    0x2000073c        -       0x00000020   Zero   RW         2465    .bss                icm20602.o
    0x2000075c        -       0x00000060   Zero   RW         2788    .bss                c_w.l(libspace.o)
    0x200007bc   0x08003880   0x00000004   PAD
    0x200007c0        -       0x00000400   Zero   RW         1802    HEAP                startup_at32f403a_407.o
    0x20000bc0        -       0x00000800   Zero   RW         1801    STACK               startup_at32f403a_407.o


==============================================================================

Image component sizes


      Code (inc. data)   RO Data    RW Data    ZI Data      Debug   Object Name

       110          0          0          0          0      55306   at32f403a_407_clock.o
       652         88         40          0          0       8994   at32f403a_407_crm.o
        32         10          0          0          0       1152   at32f403a_407_exint.o
       204          0          0          0          0       2911   at32f403a_407_gpio.o
        16          0          0          0          0       3764   at32f403a_407_int.o
       184         16          0          0          0      32364   at32f403a_407_misc.o
       286          0          0          0          0       3962   at32f403a_407_spi.o
        76          0          0          0          0       4082   at32f403a_407_tmr.o
       260         18          0          0          0       5956   at32f403a_407_usart.o
      1548        150          0        112         32      12080   icm20602.o
       284         66          4          8         60      50105   main.o
         4          0          0          0          0        820   mpu6050.o
       100         20          0          4          0      32147   sal.o
       408         48        640          0         64       5705   sal_gpio.o
        16          4          4          2          0       1379   sal_i2c.o
       618         36          4          0         24       7108   sal_spi.o
       456         64          4          0       1572       5087   sal_usart.o
        64         26        388          0       3072        872   startup_at32f403a_407.o
       244         38         16          4          0       2248   system_at32f403a_407.o

    ----------------------------------------------------------------------
      5584        584       1132        132       4824     236042   Object Totals
         0          0         32          0          0          0   (incl. Generated)
        22          0          0          2          0          0   (incl. Padding)

    ----------------------------------------------------------------------

      Code (inc. data)   RO Data    RW Data    ZI Data      Debug   Library Member Name

         8          0          0          0          0         68   __main.o
       392          4         17          0          0         92   __printf_flags_ss_wp.o
        14          0          0          0          0         68   __printf_wp.o
         0          0          0          0          0          0   __rtentry.o
        12          0          0          0          0          0   __rtentry2.o
         6          0          0          0          0          0   __rtentry4.o
        52          8          0          0          0          0   __scatter.o
        26          0          0          0          0          0   __scatter_copy.o
        28          0          0          0          0          0   __scatter_zi.o
         6          0          0          0          0          0   _printf_a.o
         6          0          0          0          0          0   _printf_c.o
        44          0          0          0          0        108   _printf_char.o
        48          6          0          0          0         96   _printf_char_common.o
        40          0          0          0          0         68   _printf_charcount.o
         6          0          0          0          0          0   _printf_d.o
       120         16          0          0          0         92   _printf_dec.o
         6          0          0          0          0          0   _printf_e.o
         6          0          0          0          0          0   _printf_f.o
      1054          0          0          0          0        216   _printf_fp_dec.o
       128         16          0          0          0         84   _printf_fp_infnan.o
         6          0          0          0          0          0   _printf_g.o
       148          4         40          0          0        160   _printf_hex_int_ll_ptr.o
         6          0          0          0          0          0   _printf_i.o
       178          0          0          0          0         88   _printf_intcommon.o
        10          0          0          0          0          0   _printf_l.o
         6          0          0          0          0          0   _printf_lc.o
        10          0          0          0          0          0   _printf_ll.o
         6          0          0          0          0          0   _printf_lld.o
         6          0          0          0          0          0   _printf_lli.o
         6          0          0          0          0          0   _printf_llo.o
         6          0          0          0          0          0   _printf_llu.o
         6          0          0          0          0          0   _printf_llx.o
       124         16          0          0          0         92   _printf_longlong_dec.o
         6          0          0          0          0          0   _printf_ls.o
         6          0          0          0          0          0   _printf_n.o
         6          0          0          0          0          0   _printf_o.o
       112         10          0          0          0        124   _printf_oct_int_ll.o
         6          0          0          0          0          0   _printf_p.o
        78          0          0          0          0        108   _printf_pad.o
         0          0          0          0          0          0   _printf_percent.o
         4          0          0          0          0          0   _printf_percent_end.o
         6          0          0          0          0          0   _printf_s.o
        82          0          0          0          0         80   _printf_str.o
        36          0          0          0          0         84   _printf_truncate.o
         6          0          0          0          0          0   _printf_u.o
        44          0          0          0          0        108   _printf_wchar.o
       188          6          8          0          0         92   _printf_wctomb.o
         6          0          0          0          0          0   _printf_x.o
        22          0          0          0          0        100   _rserrno.o
        16          0          0          0          0         68   _snputc.o
        10          0          0          0          0         68   _sputc.o
        64          0          0          0          0         92   _wcrtomb.o
       228          4        148          0          0         96   bigflt0.o
      1936        128          0          0          0        672   btod.o
        52          4          0          0          0         80   c89vsnprintf.o
        18          0          0          0          0         80   exit.o
         6          0          0          0          0        152   heapauxi.o
         0          0          0          0          0          0   indicate_semi.o
        36         10          0          0          0         80   init_aeabi.o
        44         10        272          0          0         76   lc_ctype_c.o
        44         10         28          0          0         76   lc_numeric_c.o
         2          0          0          0          0          0   libinit.o
        38          0          0          0          0          0   libinit2.o
         2          0          0          0          0          0   libshutdown.o
         2          0          0          0          0          0   libshutdown2.o
         8          4          0          0         96         68   libspace.o
       138          0          0          0          0         80   lludiv10.o
        16          4          0          0          0         76   rt_ctype_table.o
         8          4          0          0          0         68   rt_errno_addr_intlibspace.o
         8          4          0          0          0         68   rt_locale_intlibspace.o
         2          0          0          0          0          0   rtexit.o
        10          0          0          0          0          0   rtexit2.o
       128          0          0          0          0         68   strcmpv7m.o
        12          4          0          0          0         68   sys_exit.o
        74          0          0          0          0         80   sys_stackheap_outer.o
         2          0          0          0          0         68   use_no_semi.o
        12          0          0          0          0        116   dretinf.o
        86          4          0          0          0        132   f2d.o
       140          4          0          0          0        132   fnaninf.o
        10          0          0          0          0        116   fpinit.o
         4          0          0          0          0        116   printf1.o
         0          0          0          0          0          0   usenofp.o
       684         90          0          0          0        208   atan2f.o
        48          0          0          0          0        124   fpclassify.o
        38          0          0          0          0        116   fpclassifyf.o
        22          6          0          0          0        232   funder.o

    ----------------------------------------------------------------------
      7100        376        516          0        100       5404   Library Totals
        24          0          3          0          4          0   (incl. Padding)

    ----------------------------------------------------------------------

      Code (inc. data)   RO Data    RW Data    ZI Data      Debug   Library Name

      6032        272        513          0         96       4112   c_w.l
       252          8          0          0          0        612   fz_wm.l
       792         96          0          0          0        680   m_wm.l

    ----------------------------------------------------------------------
      7100        376        516          0        100       5404   Library Totals

    ----------------------------------------------------------------------

==============================================================================


      Code (inc. data)   RO Data    RW Data    ZI Data      Debug   

     12684        960       1648        132       4924     229010   Grand Totals
     12684        960       1648        132       4924     229010   ELF Image Totals
     12684        960       1648        132          0          0   ROM Totals

==============================================================================

    Total RO  Size (Code + RO Data)                14332 (  14.00kB)
    Total RW  Size (RW Data + ZI Data)              5056 (   4.94kB)
    Total ROM Size (Code + RO Data + RW Data)      14464 (  14.13kB)

==============================================================================

