Component: ARM Compiler 5.06 update 7 (build 960) Tool: armlink [4d3601]

==============================================================================

Section Cross References

    main.o(i._Z4testv) refers to icm20602.o(i._ZN8icm206029get_AngleEPfS0_S0_) for icm20602::get_Angle(float*, float*, float*)
    main.o(i._Z4testv) refers to main.o(.data) for .data
    main.o(i._Z4testv) refers to main.o(.bss) for .bss
    main.o(i.__sti___8_main_cpp_icm) refers to icm20602.o(i._ZN8icm20602C1EP7SAL_SPI11Pin_TypeDefs) for icm20602::icm20602(SAL_SPI*, Pin_TypeDef, short)
    main.o(i.__sti___8_main_cpp_icm) refers to sal_spi.o(.bss) for SPI_2
    main.o(i.__sti___8_main_cpp_icm) refers to main.o(.bss) for .bss
    main.o(i.main) refers to sal.o(i.SAL_Init) for SAL_Init
    main.o(i.main) refers to sal_usart.o(i._ZN9SAL_USART5beginEj) for SAL_USART::begin(unsigned)
    main.o(i.main) refers to sal_spi.o(i._ZN7SAL_SPI5beginEv) for SAL_SPI::begin()
    main.o(i.main) refers to icm20602.o(i._ZN8icm206025beginEv) for icm20602::begin()
    main.o(i.main) refers to sal.o(i.SAL_Timer_Init) for SAL_Timer_Init
    main.o(i.main) refers to f2d.o(x$fpl$f2d) for __aeabi_f2d
    main.o(i.main) refers to sal_usart.o(i._ZN9SAL_USART6printfEPKcz) for SAL_USART::printf(const char*, ...)
    main.o(i.main) refers to sal_usart.o(.bss) for SAL_USART1
    main.o(i.main) refers to sal_spi.o(.bss) for SPI_2
    main.o(i.main) refers to main.o(.bss) for .bss
    main.o(i.main) refers to main.o(i._Z4testv) for test()
    main.o(i.main) refers to main.o(.data) for .data
    main.o(.ARM.exidx) refers to main.o(i._Z4testv) for i._Z4testv
    main.o(.ARM.exidx) refers to main.o(i.main) for i.main
    main.o(.ARM.exidx) refers to main.o(i.__sti___8_main_cpp_icm) for i.__sti___8_main_cpp_icm
    main.o(.init_array) refers to main.o(i.__sti___8_main_cpp_icm) for __sti___8_main_cpp_icm
    main.o(.init_array) refers to init_aeabi.o(.text) for __cpp_initialize__aeabi_
    at32f403a_407_clock.o(i.system_clock_config) refers to at32f403a_407_crm.o(i.crm_reset) for crm_reset
    at32f403a_407_clock.o(i.system_clock_config) refers to at32f403a_407_crm.o(i.crm_clock_source_enable) for crm_clock_source_enable
    at32f403a_407_clock.o(i.system_clock_config) refers to at32f403a_407_crm.o(i.crm_hext_stable_wait) for crm_hext_stable_wait
    at32f403a_407_clock.o(i.system_clock_config) refers to at32f403a_407_crm.o(i.crm_pll_config) for crm_pll_config
    at32f403a_407_clock.o(i.system_clock_config) refers to at32f403a_407_crm.o(i.crm_hext_clock_div_set) for crm_hext_clock_div_set
    at32f403a_407_clock.o(i.system_clock_config) refers to at32f403a_407_crm.o(i.crm_flag_get) for crm_flag_get
    at32f403a_407_clock.o(i.system_clock_config) refers to at32f403a_407_crm.o(i.crm_ahb_div_set) for crm_ahb_div_set
    at32f403a_407_clock.o(i.system_clock_config) refers to at32f403a_407_crm.o(i.crm_apb2_div_set) for crm_apb2_div_set
    at32f403a_407_clock.o(i.system_clock_config) refers to at32f403a_407_crm.o(i.crm_apb1_div_set) for crm_apb1_div_set
    at32f403a_407_clock.o(i.system_clock_config) refers to at32f403a_407_crm.o(i.crm_auto_step_mode_enable) for crm_auto_step_mode_enable
    at32f403a_407_clock.o(i.system_clock_config) refers to at32f403a_407_crm.o(i.crm_sysclk_switch) for crm_sysclk_switch
    at32f403a_407_clock.o(i.system_clock_config) refers to at32f403a_407_crm.o(i.crm_sysclk_switch_status_get) for crm_sysclk_switch_status_get
    at32f403a_407_clock.o(i.system_clock_config) refers to system_at32f403a_407.o(i.system_core_clock_update) for system_core_clock_update
    sal.o(i.SAL_Delay) refers to delay.o(i.delay_ms) for delay_ms
    sal.o(i.SAL_Exit_Init) refers to exint.o(i.__exit_Init) for __exit_Init
    sal.o(i.SAL_GPIO_Init) refers to gpio.o(i.__gpio_init) for __gpio_init
    sal.o(i.SAL_GPIO_Read_Pin) refers to gpio.o(i.__gpio_read_Pin) for __gpio_read_Pin
    sal.o(i.SAL_GPIO_Write_Pin) refers to gpio.o(i.__gpio_write_Pin) for __gpio_write_Pin
    sal.o(i.SAL_Get_Millis) refers to delay.o(i.mills) for mills
    sal.o(i.SAL_I2C_GPIO_Init) refers to gpio.o(i.__i2c_gpio_init) for __i2c_gpio_init
    sal.o(i.SAL_Init) refers to at32f403a_407_misc.o(i.nvic_priority_group_config) for nvic_priority_group_config
    sal.o(i.SAL_Init) refers to delay.o(i.delay_init) for delay_init
    sal.o(i.SAL_PWM_Init) refers to pwm.o(i.__pwm_init) for __pwm_init
    sal.o(i.SAL_PWM_Write) refers to pwm.o(i.__pwm_write) for __pwm_write
    sal.o(i.SAL_Timer_Init) refers to timer.o(i._timer_IT_Init) for _timer_IT_Init
    sal_i2c.o(i._ZN7SAL_I2C10Write_ByteEhhPh) refers to sal_i2c.o(i._ZN7SAL_I2C9i2c_startEv) for SAL_I2C::i2c_start()
    sal_i2c.o(i._ZN7SAL_I2C10Write_ByteEhhPh) refers to sal_i2c.o(i._ZN7SAL_I2C4sendEh) for SAL_I2C::send(unsigned char)
    sal_i2c.o(i._ZN7SAL_I2C10Write_ByteEhhPh) refers to sal_i2c.o(i._ZN7SAL_I2C8wait_ackEv) for SAL_I2C::wait_ack()
[...]
    .constdata                               0x08003978   Section       16  system_at32f403a_407.o(.constdata)
    sys_ahb_div_table                        0x08003978   Data          16  system_at32f403a_407.o(.constdata)
    .constdata                               0x08003988   Section     1280  gpio.o(.constdata)
    .constdata                               0x08003e88   Section        8  _printf_wctomb.o(.constdata)
    initial_mbstate                          0x08003e88   Data           8  _printf_wctomb.o(.constdata)
    .constdata                               0x08003e90   Section       40  _printf_hex_int_ll_ptr.o(.constdata)
    uc_hextab                                0x08003e90   Data          20  _printf_hex_int_ll_ptr.o(.constdata)
    lc_hextab                                0x08003ea4   Data          20  _printf_hex_int_ll_ptr.o(.constdata)
    .constdata                               0x08003eb8   Section       17  __printf_flags_ss_wp.o(.constdata)
    maptable                                 0x08003eb8   Data          17  __printf_flags_ss_wp.o(.constdata)
    .constdata                               0x08003ecc   Section      148  bigflt0.o(.constdata)
    tenpwrs_x                                0x08003ecc   Data          60  bigflt0.o(.constdata)
    tenpwrs_i                                0x08003f08   Data          64  bigflt0.o(.constdata)
    locale$$data                             0x08003f80   Section       28  lc_numeric_c.o(locale$$data)
    __lcnum_c_name                           0x08003f84   Data           2  lc_numeric_c.o(locale$$data)
    __lcnum_c_start                          0x08003f8c   Data           0  lc_numeric_c.o(locale$$data)
    __lcnum_c_point                          0x08003f98   Data           0  lc_numeric_c.o(locale$$data)
    __lcnum_c_thousands                      0x08003f9a   Data           0  lc_numeric_c.o(locale$$data)
    __lcnum_c_grouping                       0x08003f9b   Data           0  lc_numeric_c.o(locale$$data)
    locale$$data                             0x08003f9c   Section      272  lc_ctype_c.o(locale$$data)
    __lcnum_c_end                            0x08003f9c   Data           0  lc_numeric_c.o(locale$$data)
    __lcctype_c_name                         0x08003fa0   Data           2  lc_ctype_c.o(locale$$data)
    __lcctype_c_start                        0x08003fa8   Data           0  lc_ctype_c.o(locale$$data)
    .init_array                              0x080040ac   Section        4  main.o(.init_array)
    __lcctype_c_end                          0x080040ac   Data           0  lc_ctype_c.o(locale$$data)
    .init_array                              0x080040b0   Section        4  sal_i2c.o(.init_array)
    .init_array                              0x080040b4   Section        4  sal_spi.o(.init_array)
    .init_array                              0x080040b8   Section        4  sal_usart.o(.init_array)
    .init_array                              0x080040bc   Section        0  init_aeabi.o(.init_array)
    .data                                    0x20000000   Section       12  main.o(.data)
    .data                                    0x2000000c   Section        2  sal_i2c.o(.data)
    .data                                    0x20000010   Section      168  icm20602.o(.data)
    angle                                    0x20000010   Data           4  icm20602.o(.data)
    Q_bias                                   0x20000014   Data           4  icm20602.o(.data)
    Angle_err                                0x20000018   Data           4  icm20602.o(.data)
    PCt_0                                    0x2000001c   Data           4  icm20602.o(.data)
    PCt_1                                    0x20000020   Data           4  icm20602.o(.data)
    E                                        0x20000024   Data           4  icm20602.o(.data)
    K_0                                      0x20000028   Data           4  icm20602.o(.data)
    K_1                                      0x2000002c   Data           4  icm20602.o(.data)
    t_0                                      0x20000030   Data           4  icm20602.o(.data)
    t_1                                      0x20000034   Data           4  icm20602.o(.data)
    angle                                    0x20000038   Data           4  icm20602.o(.data)
    Q_bias                                   0x2000003c   Data           4  icm20602.o(.data)
    Angle_err                                0x20000040   Data           4  icm20602.o(.data)
    PCt_0                                    0x20000044   Data           4  icm20602.o(.data)
    PCt_1                                    0x20000048   Data           4  icm20602.o(.data)
    E                                        0x2000004c   Data           4  icm20602.o(.data)
    K_0                                      0x20000050   Data           4  icm20602.o(.data)
    K_1                                      0x20000054   Data           4  icm20602.o(.data)
    t_0                                      0x20000058   Data           4  icm20602.o(.data)
    t_1                                      0x2000005c   Data           4  icm20602.o(.data)
    angle                                    0x20000060   Data           4  icm20602.o(.data)
    Q_bias                                   0x20000064   Data           4  icm20602.o(.data)
    Angle_err                                0x20000068   Data           4  icm20602.o(.data)
    PCt_0                                    0x2000006c   Data           4  icm20602.o(.data)
    PCt_1                                    0x20000070   Data           4  icm20602.o(.data)
    E                                        0x20000074   Data           4  icm20602.o(.data)
    K_0                                      0x20000078   Data           4  icm20602.o(.data)
    K_1                                      0x2000007c   Data           4  icm20602.o(.data)
    t_0                                      0x20000080   Data           4  icm20602.o(.data)
    t_1                                      0x20000084   Data           4  icm20602.o(.data)
    PP                                       0x20000088   Data          16  icm20602.o(.data)
    PP                                       0x20000098   Data          16  icm20602.o(.data)
    PP                                       0x200000a8   Data          16  icm20602.o(.data)
    .data                                    0x200000b8   Section        4  system_at32f403a_407.o(.data)
    .data                                    0x200000bc   Section        4  delay.o(.data)
    .bss                                     0x200000c0   Section       64  main.o(.bss)
    .bss                                     0x20000100   Section       24  sal_spi.o(.bss)
    .bss                                     0x20000118   Section     1572  sal_usart.o(.bss)
    .bss                                     0x2000073c   Section       48  icm20602.o(.bss)
    Pdot                                     0x2000073c   Data          16  icm20602.o(.bss)
    Pdot                                     0x2000074c   Data          16  icm20602.o(.bss)
    Pdot                                     0x2000075c   Data          16  icm20602.o(.bss)
    .bss                                     0x2000076c   Section       64  exint.o(.bss)
    EXTI_Function                            0x2000076c   Data          64  exint.o(.bss)
    .bss                                     0x200007ac   Section       56  timer.o(.bss)
    Timer_Function                           0x200007ac   Data          56  timer.o(.bss)
    .bss                                     0x200007e4   Section       96  libspace.o(.bss)
    HEAP                                     0x20000848   Section     1024  startup_at32f403a_407.o(HEAP)
    Heap_Mem                                 0x20000848   Data        1024  startup_at32f403a_407.o(HEAP)
    STACK                                    0x20000c48   Section     2048  startup_at32f403a_407.o(STACK)
    Stack_Mem                                0x20000c48   Data        2048  startup_at32f403a_407.o(STACK)
    __initial_sp                             0x20001448   Data           0  startup_at32f403a_407.o(STACK)

    Global Symbols

    Symbol Name                              Value     Ov Type        Size  Object(Section)

    BuildAttributes$$THM_ISAv4$E$P$D$K$B$S$7EM$VFPi3$EXTD16$VFPS$VFMA$PE$A:L22UL41UL21$X:L11$S22US41US21$IEEE1$IW$USESV6$~STKCKD$USESV7$~SHL$OTIME$ROPI$IEEEX$EBA8$UX$STANDARDLIB$REQ8$PRES8$EABIv2 0x00000000   Number         0  anon$$obj.o ABSOLUTE
    __ARM_use_no_argv                        0x00000000   Number         0  main.o ABSOLUTE
    _printf_flags                            0x00000000   Number         0  printf_stubs.o ABSOLUTE
    _printf_return_value                     0x00000000   Number         0  printf_stubs.o ABSOLUTE
    _printf_sizespec                         0x00000000   Number         0  printf_stubs.o ABSOLUTE
    _printf_widthprec                        0x00000000   Number         0  printf_stubs.o ABSOLUTE
    __ARM_exceptions_init                     - Undefined Weak Reference
    __alloca_initialize                       - Undefined Weak Reference
    __arm_fini_                               - Undefined Weak Reference
    __arm_preinit_                            - Undefined Weak Reference
    __cxa_finalize                            - Undefined Weak Reference
    __sigvec_lookup                           - Undefined Weak Reference
    _atexit_init                              - Undefined Weak Reference
    _call_atexit_fns                          - Undefined Weak Reference
    _clock_init                               - Undefined Weak Reference
    _fp_trap_init                             - Undefined Weak Reference
    _fp_trap_shutdown                         - Undefined Weak Reference
    _get_lc_collate                           - Undefined Weak Reference
    _get_lc_monetary                          - Undefined Weak Reference
    _get_lc_time                              - Undefined Weak Reference
    _getenv_init                              - Undefined Weak Reference
    _handle_redirection                       - Undefined Weak Reference
    _init_alloc                               - Undefined Weak Reference
    _init_user_alloc                          - Undefined Weak Reference
    _initio                                   - Undefined Weak Reference
    _printf_fp_hex                            - Undefined Weak Reference
    _printf_mbtowc                            - Undefined Weak Reference
    _printf_wc                                - Undefined Weak Reference
    _rand_init                                - Undefined Weak Reference
    _signal_finish                            - Undefined Weak Reference
    _signal_init                              - Undefined Weak Reference
    _terminate_alloc                          - Undefined Weak Reference
    _terminate_user_alloc                     - Undefined Weak Reference
    _terminateio                              - Undefined Weak Reference
    __Vectors_Size                           0x00000184   Number         0  startup_at32f403a_407.o ABSOLUTE
    __Vectors                                0x08000000   Data           4  startup_at32f403a_407.o(RESET)
    __Vectors_End                            0x08000184   Data           0  startup_at32f403a_407.o(RESET)
    __main                                   0x08000185   Thumb Code     8  __main.o(!!!main)
    __scatterload                            0x0800018d   Thumb Code     0  __scatter.o(!!!scatter)
    __scatterload_rt2                        0x0800018d   Thumb Code    44  __scatter.o(!!!scatter)
    __scatterload_rt2_thumb_only             0x0800018d   Thumb Code     0  __scatter.o(!!!scatter)
    __scatterload_null                       0x0800019b   Thumb Code     0  __scatter.o(!!!scatter)
    __scatterload_copy                       0x080001c1   Thumb Code    26  __scatter_copy.o(!!handler_copy)
    __scatterload_zeroinit                   0x080001dd   Thumb Code    28  __scatter_zi.o(!!handler_zi)
    _printf_n                                0x080001f9   Thumb Code     0  _printf_n.o(.ARM.Collect$$_printf_percent$$00000001)
    _printf_percent                          0x080001f9   Thumb Code     0  _printf_percent.o(.ARM.Collect$$_printf_percent$$00000000)
    _printf_p                                0x080001ff   Thumb Code     0  _printf_p.o(.ARM.Collect$$_printf_percent$$00000002)
    _printf_f                                0x08000205   Thumb Code     0  _printf_f.o(.ARM.Collect$$_printf_percent$$00000003)
    _printf_e                                0x0800020b   Thumb Code     0  _printf_e.o(.ARM.Collect$$_printf_percent$$00000004)
    _printf_g                                0x08000211   Thumb Code     0  _printf_g.o(.ARM.Collect$$_printf_percent$$00000005)
    _printf_a                                0x08000217   Thumb Code     0  _printf_a.o(.ARM.Collect$$_printf_percent$$00000006)
    _printf_ll                               0x0800021d   Thumb Code     0  _printf_ll.o(.ARM.Collect$$_printf_percent$$00000007)
    _printf_i                                0x08000227   Thumb Code     0  _printf_i.o(.ARM.Collect$$_printf_percent$$00000008)
    _printf_d                                0x0800022d   Thumb Code     0  _printf_d.o(.ARM.Collect$$_printf_percent$$00000009)
    _printf_u                                0x08000233   Thumb Code     0  _printf_u.o(.ARM.Collect$$_printf_percent$$0000000A)
    _printf_o                                0x08000239   Thumb Code     0  _printf_o.o(.ARM.Collect$$_printf_percent$$0000000B)
    _printf_x                                0x0800023f   Thumb Code     0  _printf_x.o(.ARM.Collect$$_printf_percent$$0000000C)
    _printf_lli                              0x08000245   Thumb Code     0  _printf_lli.o(.ARM.Collect$$_printf_percent$$0000000D)
    _printf_lld                              0x0800024b   Thumb Code     0  _printf_lld.o(.ARM.Collect$$_printf_percent$$0000000E)
    _printf_llu                              0x08000251   Thumb Code     0  _printf_llu.o(.ARM.Collect$$_printf_percent$$0000000F)
    _printf_llo                              0x08000257   Thumb Code     0  _printf_llo.o(.ARM.Collect$$_printf_percent$$00000010)
    _printf_llx                              0x0800025d   Thumb Code     0  _printf_llx.o(.ARM.Collect$$_printf_percent$$00000011)
    _printf_l                                0x08000263   Thumb Code     0  _printf_l.o(.ARM.Collect$$_printf_percent$$00000012)
    _printf_c                                0x0800026d   Thumb Code     0  _printf_c.o(.ARM.Collect$$_printf_percent$$00000013)
    _printf_s                                0x08000273   Thumb Code     0  _printf_s.o(.ARM.Collect$$_printf_percent$$00000014)
    _printf_lc                               0x08000279   Thumb Code     0  _printf_lc.o(.ARM.Collect$$_printf_percent$$00000015)
    _printf_ls                               0x0800027f   Thumb Code     0  _printf_ls.o(.ARM.Collect$$_printf_percent$$00000016)
    _printf_percent_end                      0x08000285   Thumb Code     0  _printf_percent_end.o(.ARM.Collect$$_printf_percent$$00000017)
    __rt_lib_init                            0x08000289   Thumb Code     0  libinit.o(.ARM.Collect$$libinit$$00000000)
    __rt_lib_init_fp_1                       0x0800028b   Thumb Code     0  libinit2.o(.ARM.Collect$$libinit$$00000001)
    __rt_lib_init_heap_1                     0x0800028f   Thumb Code     0  libinit2.o(.ARM.Collect$$libinit$$0000000A)
    __rt_lib_init_lc_common                  0x0800028f   Thumb Code     0  libinit2.o(.ARM.Collect$$libinit$$0000000F)
    __rt_lib_init_preinit_1                  0x0800028f   Thumb Code     0  libinit2.o(.ARM.Collect$$libinit$$00000004)
    __rt_lib_init_rand_1                     0x0800028f   Thumb Code     0  libinit2.o(.ARM.Collect$$libinit$$0000000E)
    __rt_lib_init_user_alloc_1               0x0800028f   Thumb Code     0  libinit2.o(.ARM.Collect$$libinit$$0000000C)
    __rt_lib_init_lc_collate_1               0x08000295   Thumb Code     0  libinit2.o(.ARM.Collect$$libinit$$00000011)
    __rt_lib_init_lc_ctype_2                 0x08000295   Thumb Code     0  libinit2.o(.ARM.Collect$$libinit$$00000012)
    __rt_lib_init_lc_ctype_1                 0x080002a1   Thumb Code     0  libinit2.o(.ARM.Collect$$libinit$$00000013)
    __rt_lib_init_lc_monetary_1              0x080002a1   Thumb Code     0  libinit2.o(.ARM.Collect$$libinit$$00000015)
    __rt_lib_init_lc_numeric_2               0x080002a1   Thumb Code     0  libinit2.o(.ARM.Collect$$libinit$$00000016)
    __rt_lib_init_alloca_1                   0x080002ab   Thumb Code     0  libinit2.o(.ARM.Collect$$libinit$$0000002E)
    __rt_lib_init_argv_1                     0x080002ab   Thumb Code     0  libinit2.o(.ARM.Collect$$libinit$$0000002C)
    __rt_lib_init_atexit_1                   0x080002ab   Thumb Code     0  libinit2.o(.ARM.Collect$$libinit$$0000001B)
    __rt_lib_init_clock_1                    0x080002ab   Thumb Code     0  libinit2.o(.ARM.Collect$$libinit$$00000021)
    __rt_lib_init_cpp_2                      0x080002ab   Thumb Code     0  libinit2.o(.ARM.Collect$$libinit$$00000031)
    __rt_lib_init_exceptions_1               0x080002ab   Thumb Code     0  libinit2.o(.ARM.Collect$$libinit$$00000030)
    __rt_lib_init_fp_trap_1                  0x080002ab   Thumb Code     0  libinit2.o(.ARM.Collect$$libinit$$0000001F)
    __rt_lib_init_getenv_1                   0x080002ab   Thumb Code     0  libinit2.o(.ARM.Collect$$libinit$$00000023)
    __rt_lib_init_lc_numeric_1               0x080002ab   Thumb Code     0  libinit2.o(.ARM.Collect$$libinit$$00000017)
    __rt_lib_init_lc_time_1                  0x080002ab   Thumb Code     0  libinit2.o(.ARM.Collect$$libinit$$00000019)
    __rt_lib_init_signal_1                   0x080002ab   Thumb Code     0  libinit2.o(.ARM.Collect$$libinit$$0000001D)
    __rt_lib_init_stdio_1                    0x080002ab   Thumb Code     0  libinit2.o(.ARM.Collect$$libinit$$00000025)
    __rt_lib_init_cpp_1                      0x080002af   Thumb Code     0  libinit2.o(.ARM.Collect$$libinit$$00000032)
    __rt_lib_init_return                     0x080002af   Thumb Code     0  libinit2.o(.ARM.Collect$$libinit$$00000033)
    __rt_lib_shutdown                        0x080002b1   Thumb Code     0  libshutdown.o(.ARM.Collect$$libshutdown$$00000000)
    __rt_lib_shutdown_cpp_1                  0x080002b3   Thumb Code     0  libshutdown2.o(.ARM.Collect$$libshutdown$$00000004)
    __rt_lib_shutdown_fini_1                 0x080002b3   Thumb Code     0  libshutdown2.o(.ARM.Collect$$libshutdown$$00000002)
    __rt_lib_shutdown_fp_trap_1              0x080002b3   Thumb Code     0  libshutdown2.o(.ARM.Collect$$libshutdown$$00000009)
    __rt_lib_shutdown_heap_1                 0x080002b3   Thumb Code     0  libshutdown2.o(.ARM.Collect$$libshutdown$$00000011)
    __rt_lib_shutdown_return                 0x080002b3   Thumb Code     0  libshutdown2.o(.ARM.Collect$$libshutdown$$00000012)
    __rt_lib_shutdown_signal_1               0x080002b3   Thumb Code     0  libshutdown2.o(.ARM.Collect$$libshutdown$$0000000C)
    __rt_lib_shutdown_stdio_1                0x080002b3   Thumb Code     0  libshutdown2.o(.ARM.Collect$$libshutdown$$00000006)
    __rt_lib_shutdown_user_alloc_1           0x080002b3   Thumb Code     0  libshutdown2.o(.ARM.Collect$$libshutdown$$0000000E)
    __rt_entry                               0x080002b5   Thumb Code     0  __rtentry.o(.ARM.Collect$$rtentry$$00000000)
    __rt_entry_presh_1                       0x080002b5   Thumb Code     0  __rtentry2.o(.ARM.Collect$$rtentry$$00000002)
    __rt_entry_sh                            0x080002b5   Thumb Code     0  __rtentry4.o(.ARM.Collect$$rtentry$$00000004)
    __rt_entry_li                            0x080002bb   Thumb Code     0  __rtentry2.o(.ARM.Collect$$rtentry$$0000000A)
    __rt_entry_postsh_1                      0x080002bb   Thumb Code     0  __rtentry2.o(.ARM.Collect$$rtentry$$00000009)
    __rt_entry_main                          0x080002bf   Thumb Code     0  __rtentry2.o(.ARM.Collect$$rtentry$$0000000D)
    __rt_entry_postli_1                      0x080002bf   Thumb Code     0  __rtentry2.o(.ARM.Collect$$rtentry$$0000000C)
    __rt_exit                                0x080002c7   Thumb Code     0  rtexit.o(.ARM.Collect$$rtexit$$00000000)
    __rt_exit_ls                             0x080002c9   Thumb Code     0  rtexit2.o(.ARM.Collect$$rtexit$$00000003)
    __rt_exit_prels_1                        0x080002c9   Thumb Code     0  rtexit2.o(.ARM.Collect$$rtexit$$00000002)
    __rt_exit_exit                           0x080002cd   Thumb Code     0  rtexit2.o(.ARM.Collect$$rtexit$$00000004)
    Reset_Handler                            0x080002d5   Thumb Code     8  startup_at32f403a_407.o(.text)
    ACC_IRQHandler                           0x080002ef   Thumb Code     0  startup_at32f403a_407.o(.text)
    ADC1_2_IRQHandler                        0x080002ef   Thumb Code     0  startup_at32f403a_407.o(.text)
    ADC3_IRQHandler                          0x080002ef   Thumb Code     0  startup_at32f403a_407.o(.text)
    CAN1_RX1_IRQHandler                      0x080002ef   Thumb Code     0  startup_at32f403a_407.o(.text)
    CAN1_SE_IRQHandler                       0x080002ef   Thumb Code     0  startup_at32f403a_407.o(.text)
    CAN2_RX0_IRQHandler                      0x080002ef   Thumb Code     0  startup_at32f403a_407.o(.text)
    CAN2_RX1_IRQHandler                      0x080002ef   Thumb Code     0  startup_at32f403a_407.o(.text)
    CAN2_SE_IRQHandler                       0x080002ef   Thumb Code     0  startup_at32f403a_407.o(.text)
    CAN2_TX_IRQHandler                       0x080002ef   Thumb Code     0  startup_at32f403a_407.o(.text)
    CRM_IRQHandler                           0x080002ef   Thumb Code     0  startup_at32f403a_407.o(.text)
    DMA1_Channel1_IRQHandler                 0x080002ef   Thumb Code     0  startup_at32f403a_407.o(.text)
    DMA1_Channel2_IRQHandler                 0x080002ef   Thumb Code     0  startup_at32f403a_407.o(.text)
    DMA1_Channel3_IRQHandler                 0x080002ef   Thumb Code     0  startup_at32f403a_407.o(.text)
    DMA1_Channel4_IRQHandler                 0x080002ef   Thumb Code     0  startup_at32f403a_407.o(.text)
    DMA1_Channel5_IRQHandler                 0x080002ef   Thumb Code     0  startup_at32f403a_407.o(.text)
    DMA1_Channel6_IRQHandler                 0x080002ef   Thumb Code     0  startup_at32f403a_407.o(.text)
    DMA1_Channel7_IRQHandler                 0x080002ef   Thumb Code     0  startup_at32f403a_407.o(.text)
    DMA2_Channel1_IRQHandler                 0x080002ef   Thumb Code     0  startup_at32f403a_407.o(.text)
    DMA2_Channel2_IRQHandler                 0x080002ef   Thumb Code     0  startup_at32f403a_407.o(.text)
    DMA2_Channel3_IRQHandler                 0x080002ef   Thumb Code     0  startup_at32f403a_407.o(.text)
    DMA2_Channel4_5_IRQHandler               0x080002ef   Thumb Code     0  startup_at32f403a_407.o(.text)
    DMA2_Channel6_7_IRQHandler               0x080002ef   Thumb Code     0  startup_at32f403a_407.o(.text)
    EMAC_IRQHandler                          0x080002ef   Thumb Code     0  startup_at32f403a_407.o(.text)
    EMAC_WKUP_IRQHandler                     0x080002ef   Thumb Code     0  startup_at32f403a_407.o(.text)
    FLASH_IRQHandler                         0x080002ef   Thumb Code     0  startup_at32f403a_407.o(.text)
    I2C1_ERR_IRQHandler                      0x080002ef   Thumb Code     0  startup_at32f403a_407.o(.text)
    I2C1_EVT_IRQHandler                      0x080002ef   Thumb Code     0  startup_at32f403a_407.o(.text)
    I2C2_ERR_IRQHandler                      0x080002ef   Thumb Code     0  startup_at32f403a_407.o(.text)
    I2C2_EVT_IRQHandler                      0x080002ef   Thumb Code     0  startup_at32f403a_407.o(.text)
    I2C3_ERR_IRQHandler                      0x080002ef   Thumb Code     0  startup_at32f403a_407.o(.text)
    I2C3_EVT_IRQHandler                      0x080002ef   Thumb Code     0  startup_at32f403a_407.o(.text)
    PVM_IRQHandler                           0x080002ef   Thumb Code     0  startup_at32f403a_407.o(.text)
    RTCAlarm_IRQHandler                      0x080002ef   Thumb Code     0  startup_at32f403a_407.o(.text)
    RTC_IRQHandler                           0x080002ef   Thumb Code     0  startup_at32f403a_407.o(.text)
    SDIO1_IRQHandler                         0x080002ef   Thumb Code     0  startup_at32f403a_407.o(.text)
    SDIO2_IRQHandler                         0x080002ef   Thumb Code     0  startup_at32f403a_407.o(.text)
    SPI1_IRQHandler                          0x080002ef   Thumb Code     0  startup_at32f403a_407.o(.text)
    SPI2_I2S2EXT_IRQHandler                  0x080002ef   Thumb Code     0  startup_at32f403a_407.o(.text)
    SPI3_I2S3EXT_IRQHandler                  0x080002ef   Thumb Code     0  startup_at32f403a_407.o(.text)
    SPI4_IRQHandler                          0x080002ef   Thumb Code     0  startup_at32f403a_407.o(.text)
    TAMPER_IRQHandler                        0x080002ef   Thumb Code     0  startup_at32f403a_407.o(.text)
    TMR1_CH_IRQHandler                       0x080002ef   Thumb Code     0  startup_at32f403a_407.o(.text)
    TMR8_CH_IRQHandler                       0x080002ef   Thumb Code     0  startup_at32f403a_407.o(.text)
    UART4_IRQHandler                         0x080002ef   Thumb Code     0  startup_at32f403a_407.o(.text)
    UART5_IRQHandler                         0x080002ef   Thumb Code     0  startup_at32f403a_407.o(.text)
    UART7_IRQHandler                         0x080002ef   Thumb Code     0  startup_at32f403a_407.o(.text)
    UART8_IRQHandler                         0x080002ef   Thumb Code     0  startup_at32f403a_407.o(.text)
    USART6_IRQHandler                        0x080002ef   Thumb Code     0  startup_at32f403a_407.o(.text)
    USBFSWakeUp_IRQHandler                   0x080002ef   Thumb Code     0  startup_at32f403a_407.o(.text)
    USBFS_H_CAN1_TX_IRQHandler               0x080002ef   Thumb Code     0  startup_at32f403a_407.o(.text)
    USBFS_L_CAN1_RX0_IRQHandler              0x080002ef   Thumb Code     0  startup_at32f403a_407.o(.text)
    USBFS_MAPH_IRQHandler                    0x080002ef   Thumb Code     0  startup_at32f403a_407.o(.text)
    USBFS_MAPL_IRQHandler                    0x080002ef   Thumb Code     0  startup_at32f403a_407.o(.text)
    WWDT_IRQHandler                          0x080002ef   Thumb Code     0  startup_at32f403a_407.o(.text)
    XMC_IRQHandler                           0x080002ef   Thumb Code     0  startup_at32f403a_407.o(.text)
    __user_initial_stackheap                 0x080002f1   Thumb Code     0  startup_at32f403a_407.o(.text)
    __c89vsnprintf                           0x08000315   Thumb Code    48  c89vsnprintf.o(.text)
    __use_two_region_memory                  0x08000349   Thumb Code     2  heapauxi.o(.text)
    __rt_heap_escrow$2region                 0x0800034b   Thumb Code     2  heapauxi.o(.text)
    __rt_heap_expand$2region                 0x0800034d   Thumb Code     2  heapauxi.o(.text)
    __cpp_initialize__aeabi_                 0x08000351   Thumb Code    26  init_aeabi.o(.text)
    __read_errno                             0x08000375   Thumb Code    10  _rserrno.o(.text)
    __set_errno                              0x0800037f   Thumb Code    12  _rserrno.o(.text)
    _printf_pre_padding                      0x0800038b   Thumb Code    44  _printf_pad.o(.text)
    _printf_post_padding                     0x080003b7   Thumb Code    34  _printf_pad.o(.text)
    _printf_truncate_signed                  0x080003d9   Thumb Code    18  _printf_truncate.o(.text)
    _printf_truncate_unsigned                0x080003eb   Thumb Code    18  _printf_truncate.o(.text)
    _printf_str                              0x080003fd   Thumb Code    82  _printf_str.o(.text)
    _printf_int_dec                          0x08000451   Thumb Code   104  _printf_dec.o(.text)
    _printf_charcount                        0x080004c9   Thumb Code    40  _printf_charcount.o(.text)
    _printf_char_common                      0x080004fb   Thumb Code    32  _printf_char_common.o(.text)
    _sputc                                   0x08000521   Thumb Code    10  _sputc.o(.text)
    _snputc                                  0x0800052b   Thumb Code    16  _snputc.o(.text)
    _printf_wctomb                           0x0800053d   Thumb Code   182  _printf_wctomb.o(.text)
    _printf_longlong_dec                     0x080005f9   Thumb Code   108  _printf_longlong_dec.o(.text)
    _printf_longlong_oct                     0x08000675   Thumb Code    66  _printf_oct_int_ll.o(.text)
    _printf_int_oct                          0x080006b7   Thumb Code    24  _printf_oct_int_ll.o(.text)
    _printf_ll_oct                           0x080006cf   Thumb Code    12  _printf_oct_int_ll.o(.text)
    _printf_longlong_hex                     0x080006e5   Thumb Code    86  _printf_hex_int_ll_ptr.o(.text)
    _printf_int_hex                          0x0800073b   Thumb Code    28  _printf_hex_int_ll_ptr.o(.text)
    _printf_ll_hex                           0x08000757   Thumb Code    12  _printf_hex_int_ll_ptr.o(.text)
    _printf_hex_ptr                          0x08000763   Thumb Code    18  _printf_hex_int_ll_ptr.o(.text)
    __printf                                 0x08000779   Thumb Code   388  __printf_flags_ss_wp.o(.text)
    __aeabi_errno_addr                       0x08000901   Thumb Code     8  rt_errno_addr_intlibspace.o(.text)
    __errno$intlibspace                      0x08000901   Thumb Code     0  rt_errno_addr_intlibspace.o(.text)
    __rt_errno_addr$intlibspace              0x08000901   Thumb Code     0  rt_errno_addr_intlibspace.o(.text)
    _ll_udiv10                               0x08000909   Thumb Code   138  lludiv10.o(.text)
    _printf_int_common                       0x08000993   Thumb Code   178  _printf_intcommon.o(.text)
    __lib_sel_fp_printf                      0x08000a45   Thumb Code     2  _printf_fp_dec.o(.text)
    _printf_fp_dec_real                      0x08000bf7   Thumb Code   620  _printf_fp_dec.o(.text)
    _printf_cs_common                        0x08000e63   Thumb Code    20  _printf_char.o(.text)
    _printf_char                             0x08000e77   Thumb Code    16  _printf_char.o(.text)
    _printf_string                           0x08000e87   Thumb Code     8  _printf_char.o(.text)
    _printf_lcs_common                       0x08000e8f   Thumb Code    20  _printf_wchar.o(.text)
    _printf_wchar                            0x08000ea3   Thumb Code    16  _printf_wchar.o(.text)
    _printf_wstring                          0x08000eb3   Thumb Code     8  _printf_wchar.o(.text)
    _wcrtomb                                 0x08000ebb   Thumb Code    64  _wcrtomb.o(.text)
    __user_libspace                          0x08000efd   Thumb Code     8  libspace.o(.text)
    __user_perproc_libspace                  0x08000efd   Thumb Code     0  libspace.o(.text)
    __user_perthread_libspace                0x08000efd   Thumb Code     0  libspace.o(.text)
    __user_setup_stackheap                   0x08000f05   Thumb Code    74  sys_stackheap_outer.o(.text)
    __rt_ctype_table                         0x08000f51   Thumb Code    16  rt_ctype_table.o(.text)
    __rt_locale                              0x08000f61   Thumb Code     8  rt_locale_intlibspace.o(.text)
    _printf_fp_infnan                        0x08000f69   Thumb Code   112  _printf_fp_infnan.o(.text)
    _btod_etento                             0x08000fe9   Thumb Code   224  bigflt0.o(.text)
    exit                                     0x080010cd   Thumb Code    18  exit.o(.text)
    strcmp                                   0x080010e1   Thumb Code   128  strcmpv7m.o(.text)
    __I$use$semihosting                      0x08001161   Thumb Code     0  use_no_semi.o(.text)
    __use_no_semihosting_swi                 0x08001161   Thumb Code     2  use_no_semi.o(.text)
    __semihosting_library_function           0x08001163   Thumb Code     0  indicate_semi.o(.text)
    _sys_exit                                0x08001165   Thumb Code     8  sys_exit.o(.text)
    _btod_d2e                                0x08001171   Thumb Code    62  btod.o(CL$$btod_d2e)
    _d2e_denorm_low                          0x080011af   Thumb Code    70  btod.o(CL$$btod_d2e_denorm_low)
    _d2e_norm_op1                            0x080011f5   Thumb Code    96  btod.o(CL$$btod_d2e_norm_op1)
    __btod_div_common                        0x08001255   Thumb Code   696  btod.o(CL$$btod_div_common)
    _e2e                                     0x0800158d   Thumb Code   220  btod.o(CL$$btod_e2e)
    _btod_ediv                               0x08001669   Thumb Code    42  btod.o(CL$$btod_ediv)
    _btod_emul                               0x08001693   Thumb Code    42  btod.o(CL$$btod_emul)
    __btod_mult_common                       0x080016bd   Thumb Code   580  btod.o(CL$$btod_mult_common)
    BusFault_Handler                         0x08001901   Thumb Code     2  at32f403a_407_int.o(i.BusFault_Handler)
    DebugMon_Handler                         0x08001903   Thumb Code     2  at32f403a_407_int.o(i.DebugMon_Handler)
    EXINT0_IRQHandler                        0x08001905   Thumb Code    32  exint.o(i.EXINT0_IRQHandler)
    EXINT15_10_IRQHandler                    0x08001929   Thumb Code   156  exint.o(i.EXINT15_10_IRQHandler)
    EXINT1_IRQHandler                        0x080019c9   Thumb Code    32  exint.o(i.EXINT1_IRQHandler)
    EXINT2_IRQHandler                        0x080019ed   Thumb Code    32  exint.o(i.EXINT2_IRQHandler)
    EXINT3_IRQHandler                        0x08001a11   Thumb Code    32  exint.o(i.EXINT3_IRQHandler)
    EXINT4_IRQHandler                        0x08001a35   Thumb Code    32  exint.o(i.EXINT4_IRQHandler)
    EXINT9_5_IRQHandler                      0x08001a59   Thumb Code   120  exint.o(i.EXINT9_5_IRQHandler)
    HardFault_Handler                        0x08001ad5   Thumb Code     2  at32f403a_407_int.o(i.HardFault_Handler)
    MemManage_Handler                        0x08001ad7   Thumb Code     2  at32f403a_407_int.o(i.MemManage_Handler)
    NMI_Handler                              0x08001ad9   Thumb Code     2  at32f403a_407_int.o(i.NMI_Handler)
    PendSV_Handler                           0x08001adb   Thumb Code     2  at32f403a_407_int.o(i.PendSV_Handler)
    SAL_Delay                                0x08001add   Thumb Code     4  sal.o(i.SAL_Delay)
    SAL_GPIO_Init                            0x08001ae1   Thumb Code     4  sal.o(i.SAL_GPIO_Init)
    SAL_GPIO_Write_Pin                       0x08001ae5   Thumb Code     4  sal.o(i.SAL_GPIO_Write_Pin)
    SAL_Init                                 0x08001ae9   Thumb Code    16  sal.o(i.SAL_Init)
    SAL_Timer_Init                           0x08001af9   Thumb Code    16  sal.o(i.SAL_Timer_Init)
    SVC_Handler                              0x08001b09   Thumb Code     2  at32f403a_407_int.o(i.SVC_Handler)
    SysTick_Handler                          0x08001b0d   Thumb Code    10  delay.o(i.SysTick_Handler)
    SystemInit                               0x08001b1d   Thumb Code    74  system_at32f403a_407.o(i.SystemInit)
    TMR1_BRK_TMR9_IRQHandler                 0x08001b75   Thumb Code    38  timer.o(i.TMR1_BRK_TMR9_IRQHandler)
    TMR1_OVF_TMR10_IRQHandler                0x08001ba5   Thumb Code    64  timer.o(i.TMR1_OVF_TMR10_IRQHandler)
    TMR1_TRG_HALL_TMR11_IRQHandler           0x08001bf1   Thumb Code    38  timer.o(i.TMR1_TRG_HALL_TMR11_IRQHandler)
    TMR2_GLOBAL_IRQHandler                   0x08001c21   Thumb Code    38  timer.o(i.TMR2_GLOBAL_IRQHandler)
    TMR3_GLOBAL_IRQHandler                   0x08001c4d   Thumb Code    38  timer.o(i.TMR3_GLOBAL_IRQHandler)
    TMR4_GLOBAL_IRQHandler                   0x08001c7d   Thumb Code    38  timer.o(i.TMR4_GLOBAL_IRQHandler)
    TMR5_GLOBAL_IRQHandler                   0x08001cad   Thumb Code    38  timer.o(i.TMR5_GLOBAL_IRQHandler)
    TMR6_GLOBAL_IRQHandler                   0x08001cdd   Thumb Code    38  timer.o(i.TMR6_GLOBAL_IRQHandler)
    TMR7_GLOBAL_IRQHandler                   0x08001d0d   Thumb Code    38  timer.o(i.TMR7_GLOBAL_IRQHandler)
    TMR8_BRK_TMR12_IRQHandler                0x08001d3d   Thumb Code    38  timer.o(i.TMR8_BRK_TMR12_IRQHandler)
    TMR8_OVF_TMR13_IRQHandler                0x08001d6d   Thumb Code    64  timer.o(i.TMR8_OVF_TMR13_IRQHandler)
    TMR8_TRG_HALL_TMR14_IRQHandler           0x08001db9   Thumb Code    38  timer.o(i.TMR8_TRG_HALL_TMR14_IRQHandler)
    USART1_IRQHandler                        0x08001de9   Thumb Code     6  sal_usart.o(i.USART1_IRQHandler)
    USART2_IRQHandler                        0x08001df5   Thumb Code     6  sal_usart.o(i.USART2_IRQHandler)
    USART3_IRQHandler                        0x08001e01   Thumb Code     6  sal_usart.o(i.USART3_IRQHandler)
    UsageFault_Handler                       0x08001e0d   Thumb Code     2  at32f403a_407_int.o(i.UsageFault_Handler)
    test()                                   0x08001e11   Thumb Code    12  main.o(i._Z4testv)
    SAL_SPI::write_regist(unsigned char, unsigned char) 0x08001e25   Thumb Code    22  sal_spi.o(i._ZN7SAL_SPI12write_registEhh)
    SAL_SPI::read(unsigned char)             0x08001e3b   Thumb Code    84  sal_spi.o(i._ZN7SAL_SPI4readEh)
    SAL_SPI::read(unsigned char, unsigned short, unsigned char*) 0x08001e8f   Thumb Code   114  sal_spi.o(i._ZN7SAL_SPI4readEhtPh)
    SAL_SPI::begin()                         0x08001f01   Thumb Code   200  sal_spi.o(i._ZN7SAL_SPI5beginEv)
    SAL_SPI::write(unsigned short)           0x08001fdd   Thumb Code    40  sal_spi.o(i._ZN7SAL_SPI5writeEt)
    SAL_SPI::SAL_SPI(spi_type*)              0x08002005   Thumb Code    36  sal_spi.o(i._ZN7SAL_SPIC1EP8spi_type)
    SAL_SPI::SAL_SPI__sub_object(spi_type*)  0x08002005   Thumb Code     0  sal_spi.o(i._ZN7SAL_SPIC1EP8spi_type)
    icm20602::icm20602_init()                0x08002029   Thumb Code   170  icm20602.o(i._ZN8icm2060213icm20602_initEv)
    icm20602::Kalman_Filter_x(float, float)  0x080020f1   Thumb Code   230  icm20602.o(i._ZN8icm2060215Kalman_Filter_xEff)
    icm20602::Kalman_Filter_y(float, float)  0x080021e9   Thumb Code   230  icm20602.o(i._ZN8icm2060215Kalman_Filter_yEff)
    icm20602::Kalman_Filter_z(float, float)  0x080022e1   Thumb Code   230  icm20602.o(i._ZN8icm2060215Kalman_Filter_zEff)
    icm20602::icm20602_get_acc()             0x080023d9   Thumb Code   172  icm20602.o(i._ZN8icm2060216icm20602_get_accEv)
    icm20602::icm20602_get_gyro()            0x0800248d   Thumb Code   154  icm20602.o(i._ZN8icm2060217icm20602_get_gyroEv)
    icm20602::icm20602_get_offset()          0x08002531   Thumb Code    90  icm20602.o(i._ZN8icm2060219icm20602_get_offsetEv)
    icm20602::icm20602_self_check()          0x0800258d   Thumb Code    62  icm20602.o(i._ZN8icm2060219icm20602_self_checkEv)
    icm20602::icm20602_read_register(unsigned char) 0x080025e1   Thumb Code    38  icm20602.o(i._ZN8icm2060222icm20602_read_registerEh)
    icm20602::icm20602_read_registers(unsigned char, unsigned char*, unsigned) 0x08002607   Thumb Code    46  icm20602.o(i._ZN8icm2060223icm20602_read_registersEhPhj)
    icm20602::icm20602_write_register(unsigned char, unsigned char) 0x08002635   Thumb Code    38  icm20602.o(i._ZN8icm2060223icm20602_write_registerEhh)
    icm20602::begin()                        0x0800265d   Thumb Code    40  icm20602.o(i._ZN8icm206025beginEv)
    icm20602::get_Angle(float*, float*, float*) 0x080026a9   Thumb Code   168  icm20602.o(i._ZN8icm206029get_AngleEPfS0_S0_)
    icm20602::icm20602(SAL_SPI*, Pin_TypeDef, short) 0x08002759   Thumb Code     8  icm20602.o(i._ZN8icm20602C1EP7SAL_SPI11Pin_TypeDefs)
    icm20602::icm20602__sub_object(SAL_SPI*, Pin_TypeDef, short) 0x08002759   Thumb Code     0  icm20602.o(i._ZN8icm20602C1EP7SAL_SPI11Pin_TypeDefs)
    SAL_USART::begin(unsigned)               0x08002761   Thumb Code   200  sal_usart.o(i._ZN9SAL_USART5beginEj)
    SAL_USART::printf(const char*, ...)      0x08002841   Thumb Code    60  sal_usart.o(i._ZN9SAL_USART6printfEPKcz)
    SAL_USART::IRQhandle()                   0x0800287d   Thumb Code    64  sal_usart.o(i._ZN9SAL_USART9IRQhandleEv)
    std::atan2(float, float)                 0x080028c1   Thumb Code     4  mpu6050.o(i._ZSt5atan2ff)
    __ARM_fpclassify                         0x080028c5   Thumb Code    48  fpclassify.o(i.__ARM_fpclassify)
    __ARM_fpclassifyf                        0x080028f5   Thumb Code    38  fpclassifyf.o(i.__ARM_fpclassifyf)
    __gpio_init                              0x0800291d   Thumb Code   170  gpio.o(i.__gpio_init)
    __gpio_write_Pin                         0x080029e1   Thumb Code    24  gpio.o(i.__gpio_write_Pin)
    __hardfp_atan2f                          0x080029fd   Thumb Code   594  atan2f.o(i.__hardfp_atan2f)
    __mathlib_flt_infnan2                    0x08002ca9   Thumb Code     6  funder.o(i.__mathlib_flt_infnan2)
    __mathlib_flt_underflow                  0x08002cb1   Thumb Code    10  funder.o(i.__mathlib_flt_underflow)
    _is_digit                                0x08002d41   Thumb Code    14  __printf_wp.o(i._is_digit)
    _timer_IT_Init                           0x08002e01   Thumb Code   290  timer.o(i._timer_IT_Init)
    crm_ahb_div_set                          0x08002f5d   Thumb Code    12  at32f403a_407_crm.o(i.crm_ahb_div_set)
    crm_apb1_div_set                         0x08002f6d   Thumb Code    12  at32f403a_407_crm.o(i.crm_apb1_div_set)
    crm_apb2_div_set                         0x08002f7d   Thumb Code    12  at32f403a_407_crm.o(i.crm_apb2_div_set)
    crm_auto_step_mode_enable                0x08002f8d   Thumb Code    22  at32f403a_407_crm.o(i.crm_auto_step_mode_enable)
    crm_clock_source_enable                  0x08002fa9   Thumb Code    62  at32f403a_407_crm.o(i.crm_clock_source_enable)
    crm_clocks_freq_get                      0x08002fed   Thumb Code   194  at32f403a_407_crm.o(i.crm_clocks_freq_get)
    crm_flag_get                             0x080030c5   Thumb Code    28  at32f403a_407_crm.o(i.crm_flag_get)
    crm_hext_clock_div_set                   0x080030e5   Thumb Code    12  at32f403a_407_crm.o(i.crm_hext_clock_div_set)
    crm_hext_stable_wait                     0x080030f5   Thumb Code    40  at32f403a_407_crm.o(i.crm_hext_stable_wait)
    crm_periph_clock_enable                  0x0800311d   Thumb Code    32  at32f403a_407_crm.o(i.crm_periph_clock_enable)
    crm_pll_config                           0x08003141   Thumb Code    68  at32f403a_407_crm.o(i.crm_pll_config)
    crm_reset                                0x08003189   Thumb Code    54  at32f403a_407_crm.o(i.crm_reset)
    crm_sysclk_switch                        0x080031c9   Thumb Code    12  at32f403a_407_crm.o(i.crm_sysclk_switch)
    crm_sysclk_switch_status_get             0x080031d9   Thumb Code    10  at32f403a_407_crm.o(i.crm_sysclk_switch_status_get)
    delay_init                               0x080031e9   Thumb Code    56  delay.o(i.delay_init)
    delay_ms                                 0x08003229   Thumb Code    14  delay.o(i.delay_ms)
    exint_flag_clear                         0x0800323d   Thumb Code     6  at32f403a_407_exint.o(i.exint_flag_clear)
    exint_flag_get                           0x08003249   Thumb Code    16  at32f403a_407_exint.o(i.exint_flag_get)
    gpio_bits_reset                          0x0800325d   Thumb Code     4  at32f403a_407_gpio.o(i.gpio_bits_reset)
    gpio_bits_set                            0x08003261   Thumb Code     4  at32f403a_407_gpio.o(i.gpio_bits_set)
    gpio_default_para_init                   0x08003265   Thumb Code    22  at32f403a_407_gpio.o(i.gpio_default_para_init)
    gpio_init                                0x0800327d   Thumb Code   174  at32f403a_407_gpio.o(i.gpio_init)
    main                                     0x0800332d   Thumb Code   110  main.o(i.main)
    nvic_irq_enable                          0x080033c5   Thumb Code   118  at32f403a_407_misc.o(i.nvic_irq_enable)
    nvic_priority_group_config               0x08003441   Thumb Code    26  at32f403a_407_misc.o(i.nvic_priority_group_config)
    spi_default_para_init                    0x08003465   Thumb Code    22  at32f403a_407_spi.o(i.spi_default_para_init)
    spi_enable                               0x0800347b   Thumb Code    10  at32f403a_407_spi.o(i.spi_enable)
    spi_i2s_data_receive                     0x08003485   Thumb Code     6  at32f403a_407_spi.o(i.spi_i2s_data_receive)
    spi_i2s_data_transmit                    0x0800348b   Thumb Code     4  at32f403a_407_spi.o(i.spi_i2s_data_transmit)
    spi_i2s_flag_get                         0x0800348f   Thumb Code    14  at32f403a_407_spi.o(i.spi_i2s_flag_get)
    spi_init                                 0x0800349d   Thumb Code   230  at32f403a_407_spi.o(i.spi_init)
    system_clock_config                      0x08003585   Thumb Code   110  at32f403a_407_clock.o(i.system_clock_config)
    system_core_clock_update                 0x080035f5   Thumb Code   132  system_at32f403a_407.o(i.system_core_clock_update)
    systick_clock_source_config              0x08003691   Thumb Code    24  at32f403a_407_misc.o(i.systick_clock_source_config)
    tmr_base_init                            0x080036a9   Thumb Code    14  at32f403a_407_tmr.o(i.tmr_base_init)
    tmr_cnt_dir_set                          0x080036b7   Thumb Code    10  at32f403a_407_tmr.o(i.tmr_cnt_dir_set)
    tmr_counter_enable                       0x080036c1   Thumb Code    10  at32f403a_407_tmr.o(i.tmr_counter_enable)
    tmr_flag_clear                           0x080036cb   Thumb Code     6  at32f403a_407_tmr.o(i.tmr_flag_clear)
    tmr_flag_get                             0x080036d1   Thumb Code    14  at32f403a_407_tmr.o(i.tmr_flag_get)
    tmr_interrupt_enable                     0x080036df   Thumb Code    22  at32f403a_407_tmr.o(i.tmr_interrupt_enable)
    usart_data_receive                       0x080036f5   Thumb Code     6  at32f403a_407_usart.o(i.usart_data_receive)
    usart_data_transmit                      0x080036fb   Thumb Code     8  at32f403a_407_usart.o(i.usart_data_transmit)
    usart_enable                             0x08003703   Thumb Code    10  at32f403a_407_usart.o(i.usart_enable)
    usart_flag_get                           0x0800370d   Thumb Code    10  at32f403a_407_usart.o(i.usart_flag_get)
    usart_init                               0x08003719   Thumb Code   106  at32f403a_407_usart.o(i.usart_init)
    usart_interrupt_enable                   0x08003795   Thumb Code    30  at32f403a_407_usart.o(i.usart_interrupt_enable)
    usart_parity_selection_config            0x080037b3   Thumb Code    52  at32f403a_407_usart.o(i.usart_parity_selection_config)
    usart_receiver_enable                    0x080037e7   Thumb Code    10  at32f403a_407_usart.o(i.usart_receiver_enable)
    usart_transmitter_enable                 0x080037f1   Thumb Code    10  at32f403a_407_usart.o(i.usart_transmitter_enable)
    _get_lc_numeric                          0x080037fd   Thumb Code    44  lc_numeric_c.o(locale$$code)
    _get_lc_ctype                            0x08003829   Thumb Code    44  lc_ctype_c.o(locale$$code)
    __fpl_dretinf                            0x08003855   Thumb Code    12  dretinf.o(x$fpl$dretinf)
    __aeabi_f2d                              0x08003861   Thumb Code     0  f2d.o(x$fpl$f2d)
    _f2d                                     0x08003861   Thumb Code    86  f2d.o(x$fpl$f2d)
    __fpl_fnaninf                            0x080038b7   Thumb Code   140  fnaninf.o(x$fpl$fnaninf)
    _fp_init                                 0x08003943   Thumb Code    10  fpinit.o(x$fpl$fpinit)
    __fplib_config_fpu_vfp                   0x0800394b   Thumb Code     0  fpinit.o(x$fpl$fpinit)
    __fplib_config_pureend_doubles           0x0800394b   Thumb Code     0  fpinit.o(x$fpl$fpinit)
    _printf_fp_dec                           0x0800394d   Thumb Code     4  printf1.o(x$fpl$printf1)
    __I$use$fp                               0x08003950   Number         0  usenofp.o(x$fpl$usenofp)
    GPIO_MAP                                 0x08003988   Data        1280  gpio.o(.constdata)
    Region$$Table$$Base                      0x08003f60   Number         0  anon$$obj.o(Region$$Table)
    Region$$Table$$Limit                     0x08003f80   Number         0  anon$$obj.o(Region$$Table)
    __ctype                                  0x08003fa9   Data           0  lc_ctype_c.o(locale$$data)
    SHT$$INIT_ARRAY$$Base                    0x080040ac   Number         0  main.o(.init_array)
    SHT$$INIT_ARRAY$$Limit                   0x080040bc   Number         0  init_aeabi.o(.init_array)
    x                                        0x20000000   Data           4  main.o(.data)
    y                                        0x20000004   Data           4  main.o(.data)
    z                                        0x20000008   Data           4  main.o(.data)
    SAL_I2C1                                 0x2000000c   Data           2  sal_i2c.o(.data)
    system_core_clock                        0x200000b8   Data           4  system_at32f403a_407.o(.data)
    tick                                     0x200000bc   Data           4  delay.o(.data)
    icm                                      0x200000c0   Data          64  main.o(.bss)
    SPI                                      0x20000100   Data          12  sal_spi.o(.bss)
    SPI_2                                    0x2000010c   Data          12  sal_spi.o(.bss)
    SAL_USART1                               0x20000118   Data         524  sal_usart.o(.bss)
    SAL_USART2                               0x20000324   Data         524  sal_usart.o(.bss)
    SAL_USART3                               0x20000530   Data         524  sal_usart.o(.bss)
    __libspace_start                         0x200007e4   Data          96  libspace.o(.bss)
    __temporary_stack_top$libspace           0x20000844   Data           0  libspace.o(.bss)



==============================================================================

Memory Map of the image

  Image Entry point : 0x08000185

  Load Region LR_IROM1 (Base: 0x08000000, Size: 0x0000417c, Max: 0x00100000, ABSOLUTE)

    Execution Region ER_IROM1 (Exec base: 0x08000000, Load base: 0x08000000, Size: 0x000040bc, Max: 0x00100000, ABSOLUTE)

    Exec Addr    Load Addr    Size         Type   Attr      Idx    E Section Name        Object

    0x08000000   0x08000000   0x00000184   Data   RO         3115    RESET               startup_at32f403a_407.o
    0x08000184   0x08000184   0x00000008   Code   RO         3463  * !!!main             c_w.l(__main.o)
    0x0800018c   0x0800018c   0x00000034   Code   RO         3848    !!!scatter          c_w.l(__scatter.o)
    0x080001c0   0x080001c0   0x0000001a   Code   RO         3850    !!handler_copy      c_w.l(__scatter_copy.o)
    0x080001da   0x080001da   0x00000002   PAD
    0x080001dc   0x080001dc   0x0000001c   Code   RO         3852    !!handler_zi        c_w.l(__scatter_zi.o)
    0x080001f8   0x080001f8   0x00000000   Code   RO         3589    .ARM.Collect$$_printf_percent$$00000000  c_w.l(_printf_percent.o)
    0x080001f8   0x080001f8   0x00000006   Code   RO         3578    .ARM.Collect$$_printf_percent$$00000001  c_w.l(_printf_n.o)
    0x080001fe   0x080001fe   0x00000006   Code   RO         3580    .ARM.Collect$$_printf_percent$$00000002  c_w.l(_printf_p.o)
    0x08000204   0x08000204   0x00000006   Code   RO         3585    .ARM.Collect$$_printf_percent$$00000003  c_w.l(_printf_f.o)
    0x0800020a   0x0800020a   0x00000006   Code   RO         3586    .ARM.Collect$$_printf_percent$$00000004  c_w.l(_printf_e.o)
    0x08000210   0x08000210   0x00000006   Code   RO         3587    .ARM.Collect$$_printf_percent$$00000005  c_w.l(_printf_g.o)
    0x08000216   0x08000216   0x00000006   Code   RO         3588    .ARM.Collect$$_printf_percent$$00000006  c_w.l(_printf_a.o)
    0x0800021c   0x0800021c   0x0000000a   Code   RO         3593    .ARM.Collect$$_printf_percent$$00000007  c_w.l(_printf_ll.o)
    0x08000226   0x08000226   0x00000006   Code   RO         3582    .ARM.Collect$$_printf_percent$$00000008  c_w.l(_printf_i.o)
    0x0800022c   0x0800022c   0x00000006   Code   RO         3583    .ARM.Collect$$_printf_percent$$00000009  c_w.l(_printf_d.o)
    0x08000232   0x08000232   0x00000006   Code   RO         3584    .ARM.Collect$$_printf_percent$$0000000A  c_w.l(_printf_u.o)
    0x08000238   0x08000238   0x00000006   Code   RO         3581    .ARM.Collect$$_printf_percent$$0000000B  c_w.l(_printf_o.o)
    0x0800023e   0x0800023e   0x00000006   Code   RO         3579    .ARM.Collect$$_printf_percent$$0000000C  c_w.l(_printf_x.o)
    0x08000244   0x08000244   0x00000006   Code   RO         3590    .ARM.Collect$$_printf_percent$$0000000D  c_w.l(_printf_lli.o)
    0x0800024a   0x0800024a   0x00000006   Code   RO         3591    .ARM.Collect$$_printf_percent$$0000000E  c_w.l(_printf_lld.o)
    0x08000250   0x08000250   0x00000006   Code   RO         3592    .ARM.Collect$$_printf_percent$$0000000F  c_w.l(_printf_llu.o)
    0x08000256   0x08000256   0x00000006   Code   RO         3597    .ARM.Collect$$_printf_percent$$00000010  c_w.l(_printf_llo.o)
    0x0800025c   0x0800025c   0x00000006   Code   RO         3598    .ARM.Collect$$_printf_percent$$00000011  c_w.l(_printf_llx.o)
    0x08000262   0x08000262   0x0000000a   Code   RO         3594    .ARM.Collect$$_printf_percent$$00000012  c_w.l(_printf_l.o)
    0x0800026c   0x0800026c   0x00000006   Code   RO         3576    .ARM.Collect$$_printf_percent$$00000013  c_w.l(_printf_c.o)
    0x08000272   0x08000272   0x00000006   Code   RO         3577    .ARM.Collect$$_printf_percent$$00000014  c_w.l(_printf_s.o)
    0x08000278   0x08000278   0x00000006   Code   RO         3595    .ARM.Collect$$_printf_percent$$00000015  c_w.l(_printf_lc.o)
    0x0800027e   0x0800027e   0x00000006   Code   RO         3596    .ARM.Collect$$_printf_percent$$00000016  c_w.l(_printf_ls.o)
    0x08000284   0x08000284   0x00000004   Code   RO         3703    .ARM.Collect$$_printf_percent$$00000017  c_w.l(_printf_percent_end.o)
    0x08000288   0x08000288   0x00000002   Code   RO         3763    .ARM.Collect$$libinit$$00000000  c_w.l(libinit.o)
    0x0800028a   0x0800028a   0x00000004   Code   RO         3599    .ARM.Collect$$libinit$$00000001  c_w.l(libinit2.o)
    0x0800028e   0x0800028e   0x00000000   Code   RO         3602    .ARM.Collect$$libinit$$00000004  c_w.l(libinit2.o)
    0x0800028e   0x0800028e   0x00000000   Code   RO         3605    .ARM.Collect$$libinit$$0000000A  c_w.l(libinit2.o)
    0x0800028e   0x0800028e   0x00000000   Code   RO         3607    .ARM.Collect$$libinit$$0000000C  c_w.l(libinit2.o)
    0x0800028e   0x0800028e   0x00000000   Code   RO         3609    .ARM.Collect$$libinit$$0000000E  c_w.l(libinit2.o)
    0x0800028e   0x0800028e   0x00000006   Code   RO         3610    .ARM.Collect$$libinit$$0000000F  c_w.l(libinit2.o)
    0x08000294   0x08000294   0x00000000   Code   RO         3612    .ARM.Collect$$libinit$$00000011  c_w.l(libinit2.o)
    0x08000294   0x08000294   0x0000000c   Code   RO         3613    .ARM.Collect$$libinit$$00000012  c_w.l(libinit2.o)
    0x080002a0   0x080002a0   0x00000000   Code   RO         3614    .ARM.Collect$$libinit$$00000013  c_w.l(libinit2.o)
    0x080002a0   0x080002a0   0x00000000   Code   RO         3616    .ARM.Collect$$libinit$$00000015  c_w.l(libinit2.o)
    0x080002a0   0x080002a0   0x0000000a   Code   RO         3617    .ARM.Collect$$libinit$$00000016  c_w.l(libinit2.o)
    0x080002aa   0x080002aa   0x00000000   Code   RO         3618    .ARM.Collect$$libinit$$00000017  c_w.l(libinit2.o)
    0x080002aa   0x080002aa   0x00000000   Code   RO         3620    .ARM.Collect$$libinit$$00000019  c_w.l(libinit2.o)
    0x080002aa   0x080002aa   0x00000000   Code   RO         3622    .ARM.Collect$$libinit$$0000001B  c_w.l(libinit2.o)
    0x080002aa   0x080002aa   0x00000000   Code   RO         3624    .ARM.Collect$$libinit$$0000001D  c_w.l(libinit2.o)
    0x080002aa   0x080002aa   0x00000000   Code   RO         3626    .ARM.Collect$$libinit$$0000001F  c_w.l(libinit2.o)
    0x080002aa   0x080002aa   0x00000000   Code   RO         3628    .ARM.Collect$$libinit$$00000021  c_w.l(libinit2.o)
    0x080002aa   0x080002aa   0x00000000   Code   RO         3630    .ARM.Collect$$libinit$$00000023  c_w.l(libinit2.o)
    0x080002aa   0x080002aa   0x00000000   Code   RO         3632    .ARM.Collect$$libinit$$00000025  c_w.l(libinit2.o)
    0x080002aa   0x080002aa   0x00000000   Code   RO         3636    .ARM.Collect$$libinit$$0000002C  c_w.l(libinit2.o)
    0x080002aa   0x080002aa   0x00000000   Code   RO         3638    .ARM.Collect$$libinit$$0000002E  c_w.l(libinit2.o)
    0x080002aa   0x080002aa   0x00000000   Code   RO         3640    .ARM.Collect$$libinit$$00000030  c_w.l(libinit2.o)
    0x080002aa   0x080002aa   0x00000004   Code   RO         3641    .ARM.Collect$$libinit$$00000031  c_w.l(libinit2.o)
    0x080002ae   0x080002ae   0x00000000   Code   RO         3642    .ARM.Collect$$libinit$$00000032  c_w.l(libinit2.o)
    0x080002ae   0x080002ae   0x00000002   Code   RO         3643    .ARM.Collect$$libinit$$00000033  c_w.l(libinit2.o)
    0x080002b0   0x080002b0   0x00000002   Code   RO         3807    .ARM.Collect$$libshutdown$$00000000  c_w.l(libshutdown.o)
    0x080002b2   0x080002b2   0x00000000   Code   RO         3813    .ARM.Collect$$libshutdown$$00000002  c_w.l(libshutdown2.o)
    0x080002b2   0x080002b2   0x00000000   Code   RO         3815    .ARM.Collect$$libshutdown$$00000004  c_w.l(libshutdown2.o)
    0x080002b2   0x080002b2   0x00000000   Code   RO         3817    .ARM.Collect$$libshutdown$$00000006  c_w.l(libshutdown2.o)
    0x080002b2   0x080002b2   0x00000000   Code   RO         3820    .ARM.Collect$$libshutdown$$00000009  c_w.l(libshutdown2.o)
    0x080002b2   0x080002b2   0x00000000   Code   RO         3823    .ARM.Collect$$libshutdown$$0000000C  c_w.l(libshutdown2.o)
    0x080002b2   0x080002b2   0x00000000   Code   RO         3825    .ARM.Collect$$libshutdown$$0000000E  c_w.l(libshutdown2.o)
    0x080002b2   0x080002b2   0x00000000   Code   RO         3828    .ARM.Collect$$libshutdown$$00000011  c_w.l(libshutdown2.o)
    0x080002b2   0x080002b2   0x00000002   Code   RO         3829    .ARM.Collect$$libshutdown$$00000012  c_w.l(libshutdown2.o)
    0x080002b4   0x080002b4   0x00000000   Code   RO         3503    .ARM.Collect$$rtentry$$00000000  c_w.l(__rtentry.o)
    0x080002b4   0x080002b4   0x00000000   Code   RO         3672    .ARM.Collect$$rtentry$$00000002  c_w.l(__rtentry2.o)
    0x080002b4   0x080002b4   0x00000006   Code   RO         3684    .ARM.Collect$$rtentry$$00000004  c_w.l(__rtentry4.o)
    0x080002ba   0x080002ba   0x00000000   Code   RO         3674    .ARM.Collect$$rtentry$$00000009  c_w.l(__rtentry2.o)
    0x080002ba   0x080002ba   0x00000004   Code   RO         3675    .ARM.Collect$$rtentry$$0000000A  c_w.l(__rtentry2.o)
    0x080002be   0x080002be   0x00000000   Code   RO         3677    .ARM.Collect$$rtentry$$0000000C  c_w.l(__rtentry2.o)
    0x080002be   0x080002be   0x00000008   Code   RO         3678    .ARM.Collect$$rtentry$$0000000D  c_w.l(__rtentry2.o)
    0x080002c6   0x080002c6   0x00000002   Code   RO         3770    .ARM.Collect$$rtexit$$00000000  c_w.l(rtexit.o)
    0x080002c8   0x080002c8   0x00000000   Code   RO         3787    .ARM.Collect$$rtexit$$00000002  c_w.l(rtexit2.o)
    0x080002c8   0x080002c8   0x00000004   Code   RO         3788    .ARM.Collect$$rtexit$$00000003  c_w.l(rtexit2.o)
    0x080002cc   0x080002cc   0x00000006   Code   RO         3789    .ARM.Collect$$rtexit$$00000004  c_w.l(rtexit2.o)
    0x080002d2   0x080002d2   0x00000002   PAD
    0x080002d4   0x080002d4   0x00000040   Code   RO         3116    .text               startup_at32f403a_407.o
    0x08000314   0x08000314   0x00000034   Code   RO         3459    .text               c_w.l(c89vsnprintf.o)
    0x08000348   0x08000348   0x00000006   Code   RO         3461    .text               c_w.l(heapauxi.o)
    0x0800034e   0x0800034e   0x00000002   PAD
    0x08000350   0x08000350   0x00000024   Code   RO         3468    .text               c_w.l(init_aeabi.o)
    0x08000374   0x08000374   0x00000016   Code   RO         3504    .text               c_w.l(_rserrno.o)
    0x0800038a   0x0800038a   0x0000004e   Code   RO         3508    .text               c_w.l(_printf_pad.o)
    0x080003d8   0x080003d8   0x00000024   Code   RO         3510    .text               c_w.l(_printf_truncate.o)
    0x080003fc   0x080003fc   0x00000052   Code   RO         3512    .text               c_w.l(_printf_str.o)
    0x0800044e   0x0800044e   0x00000002   PAD
    0x08000450   0x08000450   0x00000078   Code   RO         3514    .text               c_w.l(_printf_dec.o)
    0x080004c8   0x080004c8   0x00000028   Code   RO         3516    .text               c_w.l(_printf_charcount.o)
    0x080004f0   0x080004f0   0x00000030   Code   RO         3518    .text               c_w.l(_printf_char_common.o)
    0x08000520   0x08000520   0x0000000a   Code   RO         3520    .text               c_w.l(_sputc.o)
    0x0800052a   0x0800052a   0x00000010   Code   RO         3522    .text               c_w.l(_snputc.o)
    0x0800053a   0x0800053a   0x00000002   PAD
    0x0800053c   0x0800053c   0x000000bc   Code   RO         3524    .text               c_w.l(_printf_wctomb.o)
    0x080005f8   0x080005f8   0x0000007c   Code   RO         3527    .text               c_w.l(_printf_longlong_dec.o)
    0x08000674   0x08000674   0x00000070   Code   RO         3533    .text               c_w.l(_printf_oct_int_ll.o)
    0x080006e4   0x080006e4   0x00000094   Code   RO         3553    .text               c_w.l(_printf_hex_int_ll_ptr.o)
    0x08000778   0x08000778   0x00000188   Code   RO         3573    .text               c_w.l(__printf_flags_ss_wp.o)
    0x08000900   0x08000900   0x00000008   Code   RO         3689    .text               c_w.l(rt_errno_addr_intlibspace.o)
    0x08000908   0x08000908   0x0000008a   Code   RO         3691    .text               c_w.l(lludiv10.o)
    0x08000992   0x08000992   0x000000b2   Code   RO         3693    .text               c_w.l(_printf_intcommon.o)
    0x08000a44   0x08000a44   0x0000041e   Code   RO         3695    .text               c_w.l(_printf_fp_dec.o)
    0x08000e62   0x08000e62   0x0000002c   Code   RO         3699    .text               c_w.l(_printf_char.o)
    0x08000e8e   0x08000e8e   0x0000002c   Code   RO         3701    .text               c_w.l(_printf_wchar.o)
    0x08000eba   0x08000eba   0x00000040   Code   RO         3704    .text               c_w.l(_wcrtomb.o)
    0x08000efa   0x08000efa   0x00000002   PAD
    0x08000efc   0x08000efc   0x00000008   Code   RO         3710    .text               c_w.l(libspace.o)
    0x08000f04   0x08000f04   0x0000004a   Code   RO         3713    .text               c_w.l(sys_stackheap_outer.o)
    0x08000f4e   0x08000f4e   0x00000002   PAD
    0x08000f50   0x08000f50   0x00000010   Code   RO         3715    .text               c_w.l(rt_ctype_table.o)
    0x08000f60   0x08000f60   0x00000008   Code   RO         3720    .text               c_w.l(rt_locale_intlibspace.o)
    0x08000f68   0x08000f68   0x00000080   Code   RO         3722    .text               c_w.l(_printf_fp_infnan.o)
    0x08000fe8   0x08000fe8   0x000000e4   Code   RO         3724    .text               c_w.l(bigflt0.o)
    0x080010cc   0x080010cc   0x00000012   Code   RO         3752    .text               c_w.l(exit.o)
    0x080010de   0x080010de   0x00000002   PAD
    0x080010e0   0x080010e0   0x00000080   Code   RO         3781    .text               c_w.l(strcmpv7m.o)
    0x08001160   0x08001160   0x00000002   Code   RO         3783    .text               c_w.l(use_no_semi.o)
    0x08001162   0x08001162   0x00000000   Code   RO         3785    .text               c_w.l(indicate_semi.o)
    0x08001162   0x08001162   0x00000002   PAD
    0x08001164   0x08001164   0x0000000c   Code   RO         3799    .text               c_w.l(sys_exit.o)
    0x08001170   0x08001170   0x0000003e   Code   RO         3727    CL$$btod_d2e        c_w.l(btod.o)
    0x080011ae   0x080011ae   0x00000046   Code   RO         3729    CL$$btod_d2e_denorm_low  c_w.l(btod.o)
    0x080011f4   0x080011f4   0x00000060   Code   RO         3728    CL$$btod_d2e_norm_op1  c_w.l(btod.o)
    0x08001254   0x08001254   0x00000338   Code   RO         3737    CL$$btod_div_common  c_w.l(btod.o)
    0x0800158c   0x0800158c   0x000000dc   Code   RO         3734    CL$$btod_e2e        c_w.l(btod.o)
    0x08001668   0x08001668   0x0000002a   Code   RO         3731    CL$$btod_ediv       c_w.l(btod.o)
    0x08001692   0x08001692   0x0000002a   Code   RO         3730    CL$$btod_emul       c_w.l(btod.o)
    0x080016bc   0x080016bc   0x00000244   Code   RO         3736    CL$$btod_mult_common  c_w.l(btod.o)
    0x08001900   0x08001900   0x00000002   Code   RO          346    i.BusFault_Handler  at32f403a_407_int.o
    0x08001902   0x08001902   0x00000002   Code   RO          347    i.DebugMon_Handler  at32f403a_407_int.o
    0x08001904   0x08001904   0x00000024   Code   RO         3172    i.EXINT0_IRQHandler  exint.o
    0x08001928   0x08001928   0x000000a0   Code   RO         3173    i.EXINT15_10_IRQHandler  exint.o
    0x080019c8   0x080019c8   0x00000024   Code   RO         3174    i.EXINT1_IRQHandler  exint.o
    0x080019ec   0x080019ec   0x00000024   Code   RO         3175    i.EXINT2_IRQHandler  exint.o
    0x08001a10   0x08001a10   0x00000024   Code   RO         3176    i.EXINT3_IRQHandler  exint.o
    0x08001a34   0x08001a34   0x00000024   Code   RO         3177    i.EXINT4_IRQHandler  exint.o
    0x08001a58   0x08001a58   0x0000007c   Code   RO         3178    i.EXINT9_5_IRQHandler  exint.o
    0x08001ad4   0x08001ad4   0x00000002   Code   RO          348    i.HardFault_Handler  at32f403a_407_int.o
    0x08001ad6   0x08001ad6   0x00000002   Code   RO          349    i.MemManage_Handler  at32f403a_407_int.o
    0x08001ad8   0x08001ad8   0x00000002   Code   RO          350    i.NMI_Handler       at32f403a_407_int.o
    0x08001ada   0x08001ada   0x00000002   Code   RO          351    i.PendSV_Handler    at32f403a_407_int.o
    0x08001adc   0x08001adc   0x00000004   Code   RO          415    i.SAL_Delay         sal.o
    0x08001ae0   0x08001ae0   0x00000004   Code   RO          417    i.SAL_GPIO_Init     sal.o
    0x08001ae4   0x08001ae4   0x00000004   Code   RO          419    i.SAL_GPIO_Write_Pin  sal.o
    0x08001ae8   0x08001ae8   0x00000010   Code   RO          422    i.SAL_Init          sal.o
    0x08001af8   0x08001af8   0x00000010   Code   RO          425    i.SAL_Timer_Init    sal.o
    0x08001b08   0x08001b08   0x00000002   Code   RO          352    i.SVC_Handler       at32f403a_407_int.o
    0x08001b0a   0x08001b0a   0x00000002   PAD
    0x08001b0c   0x08001b0c   0x00000010   Code   RO         3123    i.SysTick_Handler   delay.o
    0x08001b1c   0x08001b1c   0x00000058   Code   RO         3079    i.SystemInit        system_at32f403a_407.o
    0x08001b74   0x08001b74   0x00000030   Code   RO         3315    i.TMR1_BRK_TMR9_IRQHandler  timer.o
    0x08001ba4   0x08001ba4   0x0000004c   Code   RO         3316    i.TMR1_OVF_TMR10_IRQHandler  timer.o
    0x08001bf0   0x08001bf0   0x00000030   Code   RO         3317    i.TMR1_TRG_HALL_TMR11_IRQHandler  timer.o
    0x08001c20   0x08001c20   0x0000002c   Code   RO         3318    i.TMR2_GLOBAL_IRQHandler  timer.o
    0x08001c4c   0x08001c4c   0x00000030   Code   RO         3319    i.TMR3_GLOBAL_IRQHandler  timer.o
    0x08001c7c   0x08001c7c   0x00000030   Code   RO         3320    i.TMR4_GLOBAL_IRQHandler  timer.o
    0x08001cac   0x08001cac   0x00000030   Code   RO         3321    i.TMR5_GLOBAL_IRQHandler  timer.o
    0x08001cdc   0x08001cdc   0x00000030   Code   RO         3322    i.TMR6_GLOBAL_IRQHandler  timer.o
    0x08001d0c   0x08001d0c   0x00000030   Code   RO         3323    i.TMR7_GLOBAL_IRQHandler  timer.o
    0x08001d3c   0x08001d3c   0x00000030   Code   RO         3324    i.TMR8_BRK_TMR12_IRQHandler  timer.o
    0x08001d6c   0x08001d6c   0x0000004c   Code   RO         3325    i.TMR8_OVF_TMR13_IRQHandler  timer.o
    0x08001db8   0x08001db8   0x00000030   Code   RO         3326    i.TMR8_TRG_HALL_TMR14_IRQHandler  timer.o
    0x08001de8   0x08001de8   0x0000000c   Code   RO          791    i.USART1_IRQHandler  sal_usart.o
    0x08001df4   0x08001df4   0x0000000c   Code   RO          792    i.USART2_IRQHandler  sal_usart.o
    0x08001e00   0x08001e00   0x0000000c   Code   RO          793    i.USART3_IRQHandler  sal_usart.o
    0x08001e0c   0x08001e0c   0x00000002   Code   RO          353    i.UsageFault_Handler  at32f403a_407_int.o
    0x08001e0e   0x08001e0e   0x00000002   PAD
    0x08001e10   0x08001e10   0x00000014   Code   RO            4    i._Z4testv          main.o
    0x08001e24   0x08001e24   0x00000016   Code   RO          685    i._ZN7SAL_SPI12write_registEhh  sal_spi.o
    0x08001e3a   0x08001e3a   0x00000054   Code   RO          688    i._ZN7SAL_SPI4readEh  sal_spi.o
    0x08001e8e   0x08001e8e   0x00000072   Code   RO          689    i._ZN7SAL_SPI4readEhtPh  sal_spi.o
    0x08001f00   0x08001f00   0x000000dc   Code   RO          691    i._ZN7SAL_SPI5beginEv  sal_spi.o
    0x08001fdc   0x08001fdc   0x00000028   Code   RO          693    i._ZN7SAL_SPI5writeEt  sal_spi.o
    0x08002004   0x08002004   0x00000024   Code   RO          697    i._ZN7SAL_SPIC1EP8spi_type  sal_spi.o
    0x08002028   0x08002028   0x000000c8   Code   RO          993    i._ZN8icm2060213icm20602_initEv  icm20602.o
    0x080020f0   0x080020f0   0x000000f8   Code   RO          994    i._ZN8icm2060215Kalman_Filter_xEff  icm20602.o
    0x080021e8   0x080021e8   0x000000f8   Code   RO          995    i._ZN8icm2060215Kalman_Filter_yEff  icm20602.o
    0x080022e0   0x080022e0   0x000000f8   Code   RO          996    i._ZN8icm2060215Kalman_Filter_zEff  icm20602.o
    0x080023d8   0x080023d8   0x000000b4   Code   RO          997    i._ZN8icm2060216icm20602_get_accEv  icm20602.o
    0x0800248c   0x0800248c   0x000000a4   Code   RO          998    i._ZN8icm2060217icm20602_get_gyroEv  icm20602.o
    0x08002530   0x08002530   0x0000005a   Code   RO          999    i._ZN8icm2060219icm20602_get_offsetEv  icm20602.o
    0x0800258a   0x0800258a   0x00000002   PAD
    0x0800258c   0x0800258c   0x00000054   Code   RO         1000    i._ZN8icm2060219icm20602_self_checkEv  icm20602.o
    0x080025e0   0x080025e0   0x00000026   Code   RO         1001    i._ZN8icm2060222icm20602_read_registerEh  icm20602.o
    0x08002606   0x08002606   0x0000002e   Code   RO         1002    i._ZN8icm2060223icm20602_read_registersEhPhj  icm20602.o
    0x08002634   0x08002634   0x00000026   Code   RO         1003    i._ZN8icm2060223icm20602_write_registerEhh  icm20602.o
    0x0800265a   0x0800265a   0x00000002   PAD
    0x0800265c   0x0800265c   0x0000004c   Code   RO         1004    i._ZN8icm206025beginEv  icm20602.o
    0x080026a8   0x080026a8   0x000000b0   Code   RO         1006    i._ZN8icm206029get_AngleEPfS0_S0_  icm20602.o
    0x08002758   0x08002758   0x00000008   Code   RO         1007    i._ZN8icm20602C1EP7SAL_SPI11Pin_TypeDefs  icm20602.o
    0x08002760   0x08002760   0x000000e0   Code   RO          797    i._ZN9SAL_USART5beginEj  sal_usart.o
    0x08002840   0x08002840   0x0000003c   Code   RO          800    i._ZN9SAL_USART6printfEPKcz  sal_usart.o
    0x0800287c   0x0800287c   0x00000044   Code   RO          802    i._ZN9SAL_USART9IRQhandleEv  sal_usart.o
    0x080028c0   0x080028c0   0x00000004   Code   RO          974    i._ZSt5atan2ff      mpu6050.o
    0x080028c4   0x080028c4   0x00000030   Code   RO         3766    i.__ARM_fpclassify  m_wm.l(fpclassify.o)
    0x080028f4   0x080028f4   0x00000026   Code   RO         3655    i.__ARM_fpclassifyf  m_wm.l(fpclassifyf.o)
    0x0800291a   0x0800291a   0x00000002   PAD
    0x0800291c   0x0800291c   0x000000c4   Code   RO         3243    i.__gpio_init       gpio.o
    0x080029e0   0x080029e0   0x0000001c   Code   RO         3247    i.__gpio_write_Pin  gpio.o
    0x080029fc   0x080029fc   0x000002ac   Code   RO         3491    i.__hardfp_atan2f   m_wm.l(atan2f.o)
    0x08002ca8   0x08002ca8   0x00000006   Code   RO         3659    i.__mathlib_flt_infnan2  m_wm.l(funder.o)
    0x08002cae   0x08002cae   0x00000002   PAD
    0x08002cb0   0x08002cb0   0x00000010   Code   RO         3663    i.__mathlib_flt_underflow  m_wm.l(funder.o)
    0x08002cc0   0x08002cc0   0x00000010   Code   RO          552    i.__sti___11_SAL_I2C_cpp_fe03202b  sal_i2c.o
    0x08002cd0   0x08002cd0   0x00000024   Code   RO          698    i.__sti___11_SAL_SPI_cpp_fc04c797  sal_spi.o
    0x08002cf4   0x08002cf4   0x00000038   Code   RO          804    i.__sti___13_SAL_USART_cpp_052ae7b2  sal_usart.o
    0x08002d2c   0x08002d2c   0x00000014   Code   RO            5    i.__sti___8_main_cpp_icm  main.o
    0x08002d40   0x08002d40   0x0000000e   Code   RO         3566    i._is_digit         c_w.l(__printf_wp.o)
    0x08002d4e   0x08002d4e   0x00000002   PAD
    0x08002d50   0x08002d50   0x000000b0   Code   RO         3327    i._timer_Clock_Enable  timer.o
    0x08002e00   0x08002e00   0x0000015c   Code   RO         3328    i._timer_IT_Init    timer.o
    0x08002f5c   0x08002f5c   0x00000010   Code   RO         1377    i.crm_ahb_div_set   at32f403a_407_crm.o
    0x08002f6c   0x08002f6c   0x00000010   Code   RO         1378    i.crm_apb1_div_set  at32f403a_407_crm.o
    0x08002f7c   0x08002f7c   0x00000010   Code   RO         1379    i.crm_apb2_div_set  at32f403a_407_crm.o
    0x08002f8c   0x08002f8c   0x0000001c   Code   RO         1380    i.crm_auto_step_mode_enable  at32f403a_407_crm.o
    0x08002fa8   0x08002fa8   0x00000044   Code   RO         1386    i.crm_clock_source_enable  at32f403a_407_crm.o
    0x08002fec   0x08002fec   0x000000d8   Code   RO         1387    i.crm_clocks_freq_get  at32f403a_407_crm.o
    0x080030c4   0x080030c4   0x00000020   Code   RO         1389    i.crm_flag_get      at32f403a_407_crm.o
    0x080030e4   0x080030e4   0x00000010   Code   RO         1391    i.crm_hext_clock_div_set  at32f403a_407_crm.o
    0x080030f4   0x080030f4   0x00000028   Code   RO         1392    i.crm_hext_stable_wait  at32f403a_407_crm.o
    0x0800311c   0x0800311c   0x00000024   Code   RO         1399    i.crm_periph_clock_enable  at32f403a_407_crm.o
    0x08003140   0x08003140   0x00000048   Code   RO         1402    i.crm_pll_config    at32f403a_407_crm.o
    0x08003188   0x08003188   0x00000040   Code   RO         1403    i.crm_reset         at32f403a_407_crm.o
    0x080031c8   0x080031c8   0x00000010   Code   RO         1406    i.crm_sysclk_switch  at32f403a_407_crm.o
    0x080031d8   0x080031d8   0x00000010   Code   RO         1407    i.crm_sysclk_switch_status_get  at32f403a_407_crm.o
    0x080031e8   0x080031e8   0x00000040   Code   RO         3124    i.delay_init        delay.o
    0x08003228   0x08003228   0x00000014   Code   RO         3125    i.delay_ms          delay.o
    0x0800323c   0x0800323c   0x0000000c   Code   RO         1682    i.exint_flag_clear  at32f403a_407_exint.o
    0x08003248   0x08003248   0x00000014   Code   RO         1683    i.exint_flag_get    at32f403a_407_exint.o
    0x0800325c   0x0800325c   0x00000004   Code   RO         2031    i.gpio_bits_reset   at32f403a_407_gpio.o
    0x08003260   0x08003260   0x00000004   Code   RO         2032    i.gpio_bits_set     at32f403a_407_gpio.o
    0x08003264   0x08003264   0x00000016   Code   RO         2034    i.gpio_default_para_init  at32f403a_407_gpio.o
    0x0800327a   0x0800327a   0x00000002   PAD
    0x0800327c   0x0800327c   0x000000ae   Code   RO         2038    i.gpio_init         at32f403a_407_gpio.o
    0x0800332a   0x0800332a   0x00000002   PAD
    0x0800332c   0x0800332c   0x00000098   Code   RO            6    i.main              main.o
    0x080033c4   0x080033c4   0x0000007c   Code   RO         2158    i.nvic_irq_enable   at32f403a_407_misc.o
    0x08003440   0x08003440   0x00000024   Code   RO         2160    i.nvic_priority_group_config  at32f403a_407_misc.o
    0x08003464   0x08003464   0x00000016   Code   RO         2391    i.spi_default_para_init  at32f403a_407_spi.o
    0x0800347a   0x0800347a   0x0000000a   Code   RO         2392    i.spi_enable        at32f403a_407_spi.o
    0x08003484   0x08003484   0x00000006   Code   RO         2396    i.spi_i2s_data_receive  at32f403a_407_spi.o
    0x0800348a   0x0800348a   0x00000004   Code   RO         2397    i.spi_i2s_data_transmit  at32f403a_407_spi.o
    0x0800348e   0x0800348e   0x0000000e   Code   RO         2401    i.spi_i2s_flag_get  at32f403a_407_spi.o
    0x0800349c   0x0800349c   0x000000e6   Code   RO         2404    i.spi_init          at32f403a_407_spi.o
    0x08003582   0x08003582   0x00000002   PAD
    0x08003584   0x08003584   0x0000006e   Code   RO          210    i.system_clock_config  at32f403a_407_clock.o
    0x080035f2   0x080035f2   0x00000002   PAD
    0x080035f4   0x080035f4   0x0000009c   Code   RO         3080    i.system_core_clock_update  system_at32f403a_407.o
    0x08003690   0x08003690   0x00000018   Code   RO         2163    i.systick_clock_source_config  at32f403a_407_misc.o
    0x080036a8   0x080036a8   0x0000000e   Code   RO         2540    i.tmr_base_init     at32f403a_407_tmr.o
    0x080036b6   0x080036b6   0x0000000a   Code   RO         2550    i.tmr_cnt_dir_set   at32f403a_407_tmr.o
    0x080036c0   0x080036c0   0x0000000a   Code   RO         2551    i.tmr_counter_enable  at32f403a_407_tmr.o
    0x080036ca   0x080036ca   0x00000006   Code   RO         2563    i.tmr_flag_clear    at32f403a_407_tmr.o
    0x080036d0   0x080036d0   0x0000000e   Code   RO         2564    i.tmr_flag_get      at32f403a_407_tmr.o
    0x080036de   0x080036de   0x00000016   Code   RO         2572    i.tmr_interrupt_enable  at32f403a_407_tmr.o
    0x080036f4   0x080036f4   0x00000006   Code   RO         2891    i.usart_data_receive  at32f403a_407_usart.o
    0x080036fa   0x080036fa   0x00000008   Code   RO         2892    i.usart_data_transmit  at32f403a_407_usart.o
    0x08003702   0x08003702   0x0000000a   Code   RO         2895    i.usart_enable      at32f403a_407_usart.o
    0x0800370c   0x0800370c   0x0000000a   Code   RO         2897    i.usart_flag_get    at32f403a_407_usart.o
    0x08003716   0x08003716   0x00000002   PAD
    0x08003718   0x08003718   0x0000007c   Code   RO         2899    i.usart_init        at32f403a_407_usart.o
    0x08003794   0x08003794   0x0000001e   Code   RO         2900    i.usart_interrupt_enable  at32f403a_407_usart.o
    0x080037b2   0x080037b2   0x00000034   Code   RO         2905    i.usart_parity_selection_config  at32f403a_407_usart.o
    0x080037e6   0x080037e6   0x0000000a   Code   RO         2906    i.usart_receiver_enable  at32f403a_407_usart.o
    0x080037f0   0x080037f0   0x0000000a   Code   RO         2913    i.usart_transmitter_enable  at32f403a_407_usart.o
    0x080037fa   0x080037fa   0x00000002   PAD
    0x080037fc   0x080037fc   0x0000002c   Code   RO         3750    locale$$code        c_w.l(lc_numeric_c.o)
    0x08003828   0x08003828   0x0000002c   Code   RO         3775    locale$$code        c_w.l(lc_ctype_c.o)
    0x08003854   0x08003854   0x0000000c   Code   RO         3646    x$fpl$dretinf       fz_wm.l(dretinf.o)
    0x08003860   0x08003860   0x00000056   Code   RO         3489    x$fpl$f2d           fz_wm.l(f2d.o)
    0x080038b6   0x080038b6   0x0000008c   Code   RO         3648    x$fpl$fnaninf       fz_wm.l(fnaninf.o)
    0x08003942   0x08003942   0x0000000a   Code   RO         3708    x$fpl$fpinit        fz_wm.l(fpinit.o)
    0x0800394c   0x0800394c   0x00000004   Code   RO         3652    x$fpl$printf1       fz_wm.l(printf1.o)
    0x08003950   0x08003950   0x00000000   Code   RO         3654    x$fpl$usenofp       fz_wm.l(usenofp.o)
    0x08003950   0x08003950   0x00000028   Data   RO         1411    .constdata          at32f403a_407_crm.o
    0x08003978   0x08003978   0x00000010   Data   RO         3081    .constdata          system_at32f403a_407.o
    0x08003988   0x08003988   0x00000500   Data   RO         3249    .constdata          gpio.o
    0x08003e88   0x08003e88   0x00000008   Data   RO         3525    .constdata          c_w.l(_printf_wctomb.o)
    0x08003e90   0x08003e90   0x00000028   Data   RO         3554    .constdata          c_w.l(_printf_hex_int_ll_ptr.o)
    0x08003eb8   0x08003eb8   0x00000011   Data   RO         3574    .constdata          c_w.l(__printf_flags_ss_wp.o)
    0x08003ec9   0x08003ec9   0x00000003   PAD
    0x08003ecc   0x08003ecc   0x00000094   Data   RO         3725    .constdata          c_w.l(bigflt0.o)
    0x08003f60   0x08003f60   0x00000020   Data   RO         3846    Region$$Table       anon$$obj.o
    0x08003f80   0x08003f80   0x0000001c   Data   RO         3749    locale$$data        c_w.l(lc_numeric_c.o)
    0x08003f9c   0x08003f9c   0x00000110   Data   RO         3774    locale$$data        c_w.l(lc_ctype_c.o)
    0x080040ac   0x080040ac   0x00000004   Data   RO           12    .init_array         main.o
    0x080040b0   0x080040ac   0x00000004   Data   RO          576    .init_array         sal_i2c.o
    0x080040b4   0x080040ac   0x00000004   Data   RO          714    .init_array         sal_spi.o
    0x080040b8   0x080040ac   0x00000004   Data   RO          820    .init_array         sal_usart.o
    0x080040bc   0x080040ac   0x00000000   Data   RO         3466    .init_array         c_w.l(init_aeabi.o)


    Execution Region RW_IRAM1 (Exec base: 0x20000000, Load base: 0x080040bc, Size: 0x00001448, Max: 0x00038000, ABSOLUTE)

    Exec Addr    Load Addr    Size         Type   Attr      Idx    E Section Name        Object

    0x20000000   0x080040bc   0x0000000c   Data   RW           11    .data               main.o
    0x2000000c   0x080040c8   0x00000002   Data   RW          575    .data               sal_i2c.o
    0x2000000e   0x080040ca   0x00000002   PAD
    0x20000010   0x080040cc   0x000000a8   Data   RW         1024    .data               icm20602.o
    0x200000b8   0x08004174   0x00000004   Data   RW         3082    .data               system_at32f403a_407.o
    0x200000bc   0x08004178   0x00000004   Data   RW         3127    .data               delay.o
    0x200000c0        -       0x00000040   Zero   RW           10    .bss                main.o
    0x20000100        -       0x00000018   Zero   RW          713    .bss                sal_spi.o
    0x20000118        -       0x00000624   Zero   RW          819    .bss                sal_usart.o
    0x2000073c        -       0x00000030   Zero   RW         1023    .bss                icm20602.o
    0x2000076c        -       0x00000040   Zero   RW         3180    .bss                exint.o
    0x200007ac        -       0x00000038   Zero   RW         3329    .bss                timer.o
    0x200007e4        -       0x00000060   Zero   RW         3711    .bss                c_w.l(libspace.o)
    0x20000844   0x0800417c   0x00000004   PAD
    0x20000848        -       0x00000400   Zero   RW         3114    HEAP                startup_at32f403a_407.o
    0x20000c48        -       0x00000800   Zero   RW         3113    STACK               startup_at32f403a_407.o


==============================================================================

Image component sizes


      Code (inc. data)   RO Data    RW Data    ZI Data      Debug   Object Name

       110          0          0          0          0      62070   at32f403a_407_clock.o
       652         88         40          0          0       9610   at32f403a_407_crm.o
        32         10          0          0          0       1232   at32f403a_407_exint.o
       204          0          0          0          0       3103   at32f403a_407_gpio.o
        16          0          0          0          0       3796   at32f403a_407_int.o
       184         16          0          0          0      32492   at32f403a_407_misc.o
       286          0          0          0          0       4246   at32f403a_407_spi.o
        76          0          0          0          0       4370   at32f403a_407_tmr.o
       260         18          0          0          0       6336   at32f403a_407_usart.o
       100         20          0          4          0      32280   delay.o
       464         28          0          0         64       4882   exint.o
       224         30       1280          0          0       2172   gpio.o
      1844        168          0        168         48      14624   icm20602.o
       192         58          4         12         64      25830   main.o
         4          0          0          0          0        824   mpu6050.o
        44          0          0          0          0       5753   sal.o
        16          4          4          2          0       1419   sal_i2c.o
       552         32          4          0         24       5800   sal_spi.o
       444         64          4          0       1572       5427   sal_usart.o
        64         26        388          0       3072        876   startup_at32f403a_407.o
       244         38         16          4          0       2276   system_at32f403a_407.o
      1152        186          0          0         56       9704   timer.o

    ----------------------------------------------------------------------
      7184        786       1772        192       4900     239122   Object Totals
         0          0         32          0          0          0   (incl. Generated)
        20          0          0          2          0          0   (incl. Padding)

    ----------------------------------------------------------------------

      Code (inc. data)   RO Data    RW Data    ZI Data      Debug   Library Member Name

         8          0          0          0          0         68   __main.o
       392          4         17          0          0         92   __printf_flags_ss_wp.o
        14          0          0          0          0         68   __printf_wp.o
         0          0          0          0          0          0   __rtentry.o
        12          0          0          0          0          0   __rtentry2.o
         6          0          0          0          0          0   __rtentry4.o
        52          8          0          0          0          0   __scatter.o
        26          0          0          0          0          0   __scatter_copy.o
        28          0          0          0          0          0   __scatter_zi.o
         6          0          0          0          0          0   _printf_a.o
         6          0          0          0          0          0   _printf_c.o
        44          0          0          0          0        108   _printf_char.o
        48          6          0          0          0         96   _printf_char_common.o
        40          0          0          0          0         68   _printf_charcount.o
         6          0          0          0          0          0   _printf_d.o
       120         16          0          0          0         92   _printf_dec.o
         6          0          0          0          0          0   _printf_e.o
         6          0          0          0          0          0   _printf_f.o
      1054          0          0          0          0        216   _printf_fp_dec.o
       128         16          0          0          0         84   _printf_fp_infnan.o
         6          0          0          0          0          0   _printf_g.o
       148          4         40          0          0        160   _printf_hex_int_ll_ptr.o
         6          0          0          0          0          0   _printf_i.o
       178          0          0          0          0         88   _printf_intcommon.o
        10          0          0          0          0          0   _printf_l.o
         6          0          0          0          0          0   _printf_lc.o
        10          0          0          0          0          0   _printf_ll.o
         6          0          0          0          0          0   _printf_lld.o
         6          0          0          0          0          0   _printf_lli.o
         6          0          0          0          0          0   _printf_llo.o
         6          0          0          0          0          0   _printf_llu.o
         6          0          0          0          0          0   _printf_llx.o
       124         16          0          0          0         92   _printf_longlong_dec.o
         6          0          0          0          0          0   _printf_ls.o
         6          0          0          0          0          0   _printf_n.o
         6          0          0          0          0          0   _printf_o.o
       112         10          0          0          0        124   _printf_oct_int_ll.o
         6          0          0          0          0          0   _printf_p.o
        78          0          0          0          0        108   _printf_pad.o
         0          0          0          0          0          0   _printf_percent.o
         4          0          0          0          0          0   _printf_percent_end.o
         6          0          0          0          0          0   _printf_s.o
        82          0          0          0          0         80   _printf_str.o
        36          0          0          0          0         84   _printf_truncate.o
         6          0          0          0          0          0   _printf_u.o
        44          0          0          0          0        108   _printf_wchar.o
       188          6          8          0          0         92   _printf_wctomb.o
         6          0          0          0          0          0   _printf_x.o
        22          0          0          0          0        100   _rserrno.o
        16          0          0          0          0         68   _snputc.o
        10          0          0          0          0         68   _sputc.o
        64          0          0          0          0         92   _wcrtomb.o
       228          4        148          0          0         96   bigflt0.o
      1936        128          0          0          0        672   btod.o
        52          4          0          0          0         80   c89vsnprintf.o
        18          0          0          0          0         80   exit.o
         6          0          0          0          0        152   heapauxi.o
         0          0          0          0          0          0   indicate_semi.o
        36         10          0          0          0         80   init_aeabi.o
        44         10        272          0          0         76   lc_ctype_c.o
        44         10         28          0          0         76   lc_numeric_c.o
         2          0          0          0          0          0   libinit.o
        38          0          0          0          0          0   libinit2.o
         2          0          0          0          0          0   libshutdown.o
         2          0          0          0          0          0   libshutdown2.o
         8          4          0          0         96         68   libspace.o
       138          0          0          0          0         80   lludiv10.o
        16          4          0          0          0         76   rt_ctype_table.o
         8          4          0          0          0         68   rt_errno_addr_intlibspace.o
         8          4          0          0          0         68   rt_locale_intlibspace.o
         2          0          0          0          0          0   rtexit.o
        10          0          0          0          0          0   rtexit2.o
       128          0          0          0          0         68   strcmpv7m.o
        12          4          0          0          0         68   sys_exit.o
        74          0          0          0          0         80   sys_stackheap_outer.o
         2          0          0          0          0         68   use_no_semi.o
        12          0          0          0          0        116   dretinf.o
        86          4          0          0          0        132   f2d.o
       140          4          0          0          0        132   fnaninf.o
        10          0          0          0          0        116   fpinit.o
         4          0          0          0          0        116   printf1.o
         0          0          0          0          0          0   usenofp.o
       684         90          0          0          0        208   atan2f.o
        48          0          0          0          0        124   fpclassify.o
        38          0          0          0          0        116   fpclassifyf.o
        22          6          0          0          0        232   funder.o

    ----------------------------------------------------------------------
      7100        376        516          0        100       5404   Library Totals
        24          0          3          0          4          0   (incl. Padding)

    ----------------------------------------------------------------------

      Code (inc. data)   RO Data    RW Data    ZI Data      Debug   Library Name

      6032        272        513          0         96       4112   c_w.l
       252          8          0          0          0        612   fz_wm.l
       792         96          0          0          0        680   m_wm.l

    ----------------------------------------------------------------------
      7100        376        516          0        100       5404   Library Totals

    ----------------------------------------------------------------------

==============================================================================


      Code (inc. data)   RO Data    RW Data    ZI Data      Debug   

     14284       1162       2288        192       5000     230290   Grand Totals
     14284       1162       2288        192       5000     230290   ELF Image Totals
     14284       1162       2288        192          0          0   ROM Totals

==============================================================================

    Total RO  Size (Code + RO Data)                16572 (  16.18kB)
    Total RW  Size (RW Data + ZI Data)              5192 (   5.07kB)
    Total ROM Size (Code + RO Data + RW Data)      16764 (  16.37kB)

==============================================================================

